Processing Run_CDet_Qualify_RunSpecificP1_FrozenSample.C+(3788,-1,"CDet_run3788_projection.conf",5,3.0,0.5,2.0,0.5,1.05)...
[Frozen p1] Loaded configuration CDet_run3788_projection.conf.
[Frozen p1] Diagnostic accepted-ToT window: (4, 30) ns for polygon-aware pixel-calibration diagnostics. Run analysis and plotCDetLayersTimeComp do not apply saved polygons.
[CDet cross-target analysis] Loaded configuration CDet_run3788_projection.conf.
[CDet cross-target analysis] Diagnostic accepted-ToT window: (4, 30) ns for polygon-aware pixel-calibration diagnostics. Run analysis and plotCDetLayersTimeComp do not apply saved polygons.
[CDet cross-target analysis] Authoritative configuration: CDet_run3788_projection.conf; stage 7; events -1.
[CDet cross-target analysis] Effective cuts: ECal ADC time 0 to 35 ns; ECal energy -1e+09 to 1e+09 GeV; Layer 1 hits 1 to 100; Layer 2 hits 1 to 100.
[CDet] Loaded 2688 pixel offsets from 'CDet_calibration_dt.dat'.
[CDet] Loaded ECal timing parameters from 'CDet_calibration_dt.dat': p0=14.8074 p1=0.810203 delta=31.6808 ns (fixed)
[CDet] Loaded time-walk parameters from 'CDet_calibration_dt.dat': p1_L1=13.988 p1_L2=15.7649
[CDet] Calibration stage 7: 7 = apply pixel offsets + ECal timing correction + time-walk correction
        applyPixelOffsets=true  applyECalCorr=true  applyTimeWalk=true
[CDet] Loaded run timing shift from 'CDet_run3788.dat': shift_ns = -9.32703
[CDet] Reference timing subtraction is disabled.
Using single run mode for run 3788
Adding 1 files for run 3788...
  /Users/brash/CDet_replay/sbs/Rootfiles/cdet_3788_stream0_2_seg0_0.root
cling::DynamicLibraryManager::loadLibrary(): dlopen(/usr/local/lib/libPodd.1.7.7.dylib, 0x0009): Symbol not found: __ZN4ROOT17TGenericClassInfoC1EPKcS2_iRKSt9type_infoPKNS_8Internal13TInitBehaviorEPFP6TClassvEP16TVirtualIsAProxyii
  Referenced from: <334F6564-7E62-31ED-BDED-A5DF84D9522F> /usr/local/lib/libPodd.1.7.7.dylib
  Expected in:     <809C6508-0AA6-3F8A-B97A-FB2AAC816547> /Users/brash/root_install/lib/libCore.so
Error in <TInterpreter::TCling::AutoLoad>: failure loading library libPodd.dylib for THaRunParameters
cling::DynamicLibraryManager::loadLibrary(): dlopen(/usr/local/lib/libPodd.1.7.7.dylib, 0x0009): Symbol not found: __ZN4ROOT17TGenericClassInfoC1EPKcS2_iRKSt9type_infoPKNS_8Internal13TInitBehaviorEPFP6TClassvEP16TVirtualIsAProxyii
  Referenced from: <334F6564-7E62-31ED-BDED-A5DF84D9522F> /usr/local/lib/libPodd.1.7.7.dylib
  Expected in:     <809C6508-0AA6-3F8A-B97A-FB2AAC816547> /Users/brash/root_install/lib/libCore.so
Error in <TInterpreter::TCling::AutoLoad>: failure loading library libPodd.dylib for THaRunParameters
cling::DynamicLibraryManager::loadLibrary(): dlopen(/usr/local/lib/libPodd.1.7.7.dylib, 0x0009): Symbol not found: __ZN4ROOT17TGenericClassInfoC1EPKcS2_iRKSt9type_infoPKNS_8Internal13TInitBehaviorEPFP6TClassvEP16TVirtualIsAProxyii
  Referenced from: <334F6564-7E62-31ED-BDED-A5DF84D9522F> /usr/local/lib/libPodd.1.7.7.dylib
  Expected in:     <809C6508-0AA6-3F8A-B97A-FB2AAC816547> /Users/brash/root_install/lib/libCore.so
Error in <TInterpreter::TCling::AutoLoad>: failure loading library libPodd.dylib for THaRunParameters
cling::DynamicLibraryManager::loadLibrary(): dlopen(/usr/local/lib/libPodd.1.7.7.dylib, 0x0009): Symbol not found: __ZN4ROOT17TGenericClassInfoC1EPKcS2_iRKSt9type_infoPKNS_8Internal13TInitBehaviorEPFP6TClassvEP16TVirtualIsAProxyii
  Referenced from: <334F6564-7E62-31ED-BDED-A5DF84D9522F> /usr/local/lib/libPodd.1.7.7.dylib
  Expected in:     <809C6508-0AA6-3F8A-B97A-FB2AAC816547> /Users/brash/root_install/lib/libCore.so
Error in <TInterpreter::TCling::AutoLoad>: failure loading library libPodd.dylib for THaRunParameters
cling::DynamicLibraryManager::loadLibrary(): dlopen(/usr/local/lib/libPodd.1.7.7.dylib, 0x0009): Symbol not found: __ZN4ROOT17TGenericClassInfoC1EPKcS2_iRKSt9type_infoPKNS_8Internal13TInitBehaviorEPFP6TClassvEP16TVirtualIsAProxyii
  Referenced from: <334F6564-7E62-31ED-BDED-A5DF84D9522F> /usr/local/lib/libPodd.1.7.7.dylib
  Expected in:     <809C6508-0AA6-3F8A-B97A-FB2AAC816547> /Users/brash/root_install/lib/libCore.so
Error in <TInterpreter::TCling::AutoLoad>: failure loading library libPodd.dylib for THaRunParameters
cling::DynamicLibraryManager::loadLibrary(): dlopen(/usr/local/lib/libPodd.1.7.7.dylib, 0x0009): Symbol not found: __ZN4ROOT17TGenericClassInfoC1EPKcS2_iRKSt9type_infoPKNS_8Internal13TInitBehaviorEPFP6TClassvEP16TVirtualIsAProxyii
  Referenced from: <334F6564-7E62-31ED-BDED-A5DF84D9522F> /usr/local/lib/libPodd.1.7.7.dylib
  Expected in:     <809C6508-0AA6-3F8A-B97A-FB2AAC816547> /Users/brash/root_install/lib/libCore.so
Error in <TInterpreter::TCling::AutoLoad>: failure loading library libPodd.dylib for THaRunParameters
cling::DynamicLibraryManager::loadLibrary(): dlopen(/usr/local/lib/libPodd.1.7.7.dylib, 0x0009): Symbol not found: __ZN4ROOT17TGenericClassInfoC1EPKcS2_iRKSt9type_infoPKNS_8Internal13TInitBehaviorEPFP6TClassvEP16TVirtualIsAProxyii
  Referenced from: <334F6564-7E62-31ED-BDED-A5DF84D9522F> /usr/local/lib/libPodd.1.7.7.dylib
  Expected in:     <809C6508-0AA6-3F8A-B97A-FB2AAC816547> /Users/brash/root_install/lib/libCore.so
Error in <TInterpreter::TCling::AutoLoad>: failure loading library libPodd.dylib for THaRunParameters
cling::DynamicLibraryManager::loadLibrary(): dlopen(/usr/local/lib/libPodd.1.7.7.dylib, 0x0009): Symbol not found: __ZN4ROOT17TGenericClassInfoC1EPKcS2_iRKSt9type_infoPKNS_8Internal13TInitBehaviorEPFP6TClassvEP16TVirtualIsAProxyii
  Referenced from: <334F6564-7E62-31ED-BDED-A5DF84D9522F> /usr/local/lib/libPodd.1.7.7.dylib
  Expected in:     <809C6508-0AA6-3F8A-B97A-FB2AAC816547> /Users/brash/root_install/lib/libCore.so
Error in <TInterpreter::TCling::AutoLoad>: failure loading library libPodd.dylib for THaRunParameters
Warning in <TClass::Init>: no dictionary for class THaRunParameters is available
cling::DynamicLibraryManager::loadLibrary(): dlopen(/usr/local/lib/libPodd.1.7.7.dylib, 0x0009): Symbol not found: __ZN4ROOT17TGenericClassInfoC1EPKcS2_iRKSt9type_infoPKNS_8Internal13TInitBehaviorEPFP6TClassvEP16TVirtualIsAProxyii
  Referenced from: <334F6564-7E62-31ED-BDED-A5DF84D9522F> /usr/local/lib/libPodd.1.7.7.dylib
  Expected in:     <809C6508-0AA6-3F8A-B97A-FB2AAC816547> /Users/brash/root_install/lib/libCore.so
Error in <TInterpreter::TCling::AutoLoad>: failure loading library libPodd.dylib for THaEvent
cling::DynamicLibraryManager::loadLibrary(): dlopen(/usr/local/lib/libPodd.1.7.7.dylib, 0x0009): Symbol not found: __ZN4ROOT17TGenericClassInfoC1EPKcS2_iRKSt9type_infoPKNS_8Internal13TInitBehaviorEPFP6TClassvEP16TVirtualIsAProxyii
  Referenced from: <334F6564-7E62-31ED-BDED-A5DF84D9522F> /usr/local/lib/libPodd.1.7.7.dylib
  Expected in:     <809C6508-0AA6-3F8A-B97A-FB2AAC816547> /Users/brash/root_install/lib/libCore.so
Error in <TInterpreter::TCling::AutoLoad>: failure loading library libPodd.dylib for THaEvent
cling::DynamicLibraryManager::loadLibrary(): dlopen(/usr/local/lib/libPodd.1.7.7.dylib, 0x0009): Symbol not found: __ZN4ROOT17TGenericClassInfoC1EPKcS2_iRKSt9type_infoPKNS_8Internal13TInitBehaviorEPFP6TClassvEP16TVirtualIsAProxyii
  Referenced from: <334F6564-7E62-31ED-BDED-A5DF84D9522F> /usr/local/lib/libPodd.1.7.7.dylib
  Expected in:     <809C6508-0AA6-3F8A-B97A-FB2AAC816547> /Users/brash/root_install/lib/libCore.so
Error in <TInterpreter::TCling::AutoLoad>: failure loading library libPodd.dylib for THaEvent
cling::DynamicLibraryManager::loadLibrary(): dlopen(/usr/local/lib/libPodd.1.7.7.dylib, 0x0009): Symbol not found: __ZN4ROOT17TGenericClassInfoC1EPKcS2_iRKSt9type_infoPKNS_8Internal13TInitBehaviorEPFP6TClassvEP16TVirtualIsAProxyii
  Referenced from: <334F6564-7E62-31ED-BDED-A5DF84D9522F> /usr/local/lib/libPodd.1.7.7.dylib
  Expected in:     <809C6508-0AA6-3F8A-B97A-FB2AAC816547> /Users/brash/root_install/lib/libCore.so
Error in <TInterpreter::TCling::AutoLoad>: failure loading library libPodd.dylib for THaEvent
cling::DynamicLibraryManager::loadLibrary(): dlopen(/usr/local/lib/libPodd.1.7.7.dylib, 0x0009): Symbol not found: __ZN4ROOT17TGenericClassInfoC1EPKcS2_iRKSt9type_infoPKNS_8Internal13TInitBehaviorEPFP6TClassvEP16TVirtualIsAProxyii
  Referenced from: <334F6564-7E62-31ED-BDED-A5DF84D9522F> /usr/local/lib/libPodd.1.7.7.dylib
  Expected in:     <809C6508-0AA6-3F8A-B97A-FB2AAC816547> /Users/brash/root_install/lib/libCore.so
Error in <TInterpreter::TCling::AutoLoad>: failure loading library libPodd.dylib for THaEvent
cling::DynamicLibraryManager::loadLibrary(): dlopen(/usr/local/lib/libPodd.1.7.7.dylib, 0x0009): Symbol not found: __ZN4ROOT17TGenericClassInfoC1EPKcS2_iRKSt9type_infoPKNS_8Internal13TInitBehaviorEPFP6TClassvEP16TVirtualIsAProxyii
  Referenced from: <334F6564-7E62-31ED-BDED-A5DF84D9522F> /usr/local/lib/libPodd.1.7.7.dylib
  Expected in:     <809C6508-0AA6-3F8A-B97A-FB2AAC816547> /Users/brash/root_install/lib/libCore.so
Error in <TInterpreter::TCling::AutoLoad>: failure loading library libPodd.dylib for THaEvent
cling::DynamicLibraryManager::loadLibrary(): dlopen(/usr/local/lib/libPodd.1.7.7.dylib, 0x0009): Symbol not found: __ZN4ROOT17TGenericClassInfoC1EPKcS2_iRKSt9type_infoPKNS_8Internal13TInitBehaviorEPFP6TClassvEP16TVirtualIsAProxyii
  Referenced from: <334F6564-7E62-31ED-BDED-A5DF84D9522F> /usr/local/lib/libPodd.1.7.7.dylib
  Expected in:     <809C6508-0AA6-3F8A-B97A-FB2AAC816547> /Users/brash/root_install/lib/libCore.so
Error in <TInterpreter::TCling::AutoLoad>: failure loading library libPodd.dylib for THaEvent
cling::DynamicLibraryManager::loadLibrary(): dlopen(/usr/local/lib/libPodd.1.7.7.dylib, 0x0009): Symbol not found: __ZN4ROOT17TGenericClassInfoC1EPKcS2_iRKSt9type_infoPKNS_8Internal13TInitBehaviorEPFP6TClassvEP16TVirtualIsAProxyii
  Referenced from: <334F6564-7E62-31ED-BDED-A5DF84D9522F> /usr/local/lib/libPodd.1.7.7.dylib
  Expected in:     <809C6508-0AA6-3F8A-B97A-FB2AAC816547> /Users/brash/root_install/lib/libCore.so
Error in <TInterpreter::TCling::AutoLoad>: failure loading library libPodd.dylib for THaEvent
Warning in <TClass::Init>: no dictionary for class THaEvent is available
cling::DynamicLibraryManager::loadLibrary(): dlopen(/usr/local/lib/libPodd.1.7.7.dylib, 0x0009): Symbol not found: __ZN4ROOT17TGenericClassInfoC1EPKcS2_iRKSt9type_infoPKNS_8Internal13TInitBehaviorEPFP6TClassvEP16TVirtualIsAProxyii
  Referenced from: <334F6564-7E62-31ED-BDED-A5DF84D9522F> /usr/local/lib/libPodd.1.7.7.dylib
  Expected in:     <809C6508-0AA6-3F8A-B97A-FB2AAC816547> /Users/brash/root_install/lib/libCore.so
Error in <TInterpreter::TCling::AutoLoad>: failure loading library libPodd.dylib for THaEventHeader
cling::DynamicLibraryManager::loadLibrary(): dlopen(/usr/local/lib/libPodd.1.7.7.dylib, 0x0009): Symbol not found: __ZN4ROOT17TGenericClassInfoC1EPKcS2_iRKSt9type_infoPKNS_8Internal13TInitBehaviorEPFP6TClassvEP16TVirtualIsAProxyii
  Referenced from: <334F6564-7E62-31ED-BDED-A5DF84D9522F> /usr/local/lib/libPodd.1.7.7.dylib
  Expected in:     <809C6508-0AA6-3F8A-B97A-FB2AAC816547> /Users/brash/root_install/lib/libCore.so
Error in <TInterpreter::TCling::AutoLoad>: failure loading library libPodd.dylib for THaEventHeader
cling::DynamicLibraryManager::loadLibrary(): dlopen(/usr/local/lib/libPodd.1.7.7.dylib, 0x0009): Symbol not found: __ZN4ROOT17TGenericClassInfoC1EPKcS2_iRKSt9type_infoPKNS_8Internal13TInitBehaviorEPFP6TClassvEP16TVirtualIsAProxyii
  Referenced from: <334F6564-7E62-31ED-BDED-A5DF84D9522F> /usr/local/lib/libPodd.1.7.7.dylib
  Expected in:     <809C6508-0AA6-3F8A-B97A-FB2AAC816547> /Users/brash/root_install/lib/libCore.so
Error in <TInterpreter::TCling::AutoLoad>: failure loading library libPodd.dylib for THaEventHeader
cling::DynamicLibraryManager::loadLibrary(): dlopen(/usr/local/lib/libPodd.1.7.7.dylib, 0x0009): Symbol not found: __ZN4ROOT17TGenericClassInfoC1EPKcS2_iRKSt9type_infoPKNS_8Internal13TInitBehaviorEPFP6TClassvEP16TVirtualIsAProxyii
  Referenced from: <334F6564-7E62-31ED-BDED-A5DF84D9522F> /usr/local/lib/libPodd.1.7.7.dylib
  Expected in:     <809C6508-0AA6-3F8A-B97A-FB2AAC816547> /Users/brash/root_install/lib/libCore.so
Error in <TInterpreter::TCling::AutoLoad>: failure loading library libPodd.dylib for THaEventHeader
cling::DynamicLibraryManager::loadLibrary(): dlopen(/usr/local/lib/libPodd.1.7.7.dylib, 0x0009): Symbol not found: __ZN4ROOT17TGenericClassInfoC1EPKcS2_iRKSt9type_infoPKNS_8Internal13TInitBehaviorEPFP6TClassvEP16TVirtualIsAProxyii
  Referenced from: <334F6564-7E62-31ED-BDED-A5DF84D9522F> /usr/local/lib/libPodd.1.7.7.dylib
  Expected in:     <809C6508-0AA6-3F8A-B97A-FB2AAC816547> /Users/brash/root_install/lib/libCore.so
Error in <TInterpreter::TCling::AutoLoad>: failure loading library libPodd.dylib for THaEventHeader
cling::DynamicLibraryManager::loadLibrary(): dlopen(/usr/local/lib/libPodd.1.7.7.dylib, 0x0009): Symbol not found: __ZN4ROOT17TGenericClassInfoC1EPKcS2_iRKSt9type_infoPKNS_8Internal13TInitBehaviorEPFP6TClassvEP16TVirtualIsAProxyii
  Referenced from: <334F6564-7E62-31ED-BDED-A5DF84D9522F> /usr/local/lib/libPodd.1.7.7.dylib
  Expected in:     <809C6508-0AA6-3F8A-B97A-FB2AAC816547> /Users/brash/root_install/lib/libCore.so
Error in <TInterpreter::TCling::AutoLoad>: failure loading library libPodd.dylib for THaEventHeader
cling::DynamicLibraryManager::loadLibrary(): dlopen(/usr/local/lib/libPodd.1.7.7.dylib, 0x0009): Symbol not found: __ZN4ROOT17TGenericClassInfoC1EPKcS2_iRKSt9type_infoPKNS_8Internal13TInitBehaviorEPFP6TClassvEP16TVirtualIsAProxyii
  Referenced from: <334F6564-7E62-31ED-BDED-A5DF84D9522F> /usr/local/lib/libPodd.1.7.7.dylib
  Expected in:     <809C6508-0AA6-3F8A-B97A-FB2AAC816547> /Users/brash/root_install/lib/libCore.so
Error in <TInterpreter::TCling::AutoLoad>: failure loading library libPodd.dylib for THaEventHeader
cling::DynamicLibraryManager::loadLibrary(): dlopen(/usr/local/lib/libPodd.1.7.7.dylib, 0x0009): Symbol not found: __ZN4ROOT17TGenericClassInfoC1EPKcS2_iRKSt9type_infoPKNS_8Internal13TInitBehaviorEPFP6TClassvEP16TVirtualIsAProxyii
  Referenced from: <334F6564-7E62-31ED-BDED-A5DF84D9522F> /usr/local/lib/libPodd.1.7.7.dylib
  Expected in:     <809C6508-0AA6-3F8A-B97A-FB2AAC816547> /Users/brash/root_install/lib/libCore.so
Error in <TInterpreter::TCling::AutoLoad>: failure loading library libPodd.dylib for THaEventHeader
Warning in <TClass::Init>: no dictionary for class THaEventHeader is available
cling::DynamicLibraryManager::loadLibrary(): dlopen(/usr/local/lib/libPodd.1.7.7.dylib, 0x0009): Symbol not found: __ZN4ROOT17TGenericClassInfoC1EPKcS2_iRKSt9type_infoPKNS_8Internal13TInitBehaviorEPFP6TClassvEP16TVirtualIsAProxyii
  Referenced from: <334F6564-7E62-31ED-BDED-A5DF84D9522F> /usr/local/lib/libPodd.1.7.7.dylib
  Expected in:     <809C6508-0AA6-3F8A-B97A-FB2AAC816547> /Users/brash/root_install/lib/libCore.so
Error in <TInterpreter::TCling::AutoLoad>: failure loading library libPodd.dylib for Podd::MultiFileRun
cling::DynamicLibraryManager::loadLibrary(): dlopen(/usr/local/lib/libPodd.1.7.7.dylib, 0x0009): Symbol not found: __ZN4ROOT17TGenericClassInfoC1EPKcS2_iRKSt9type_infoPKNS_8Internal13TInitBehaviorEPFP6TClassvEP16TVirtualIsAProxyii
  Referenced from: <334F6564-7E62-31ED-BDED-A5DF84D9522F> /usr/local/lib/libPodd.1.7.7.dylib
  Expected in:     <809C6508-0AA6-3F8A-B97A-FB2AAC816547> /Users/brash/root_install/lib/libCore.so
Error in <TInterpreter::TCling::AutoLoad>: failure loading library libPodd.dylib for Podd
cling::DynamicLibraryManager::loadLibrary(): dlopen(/usr/local/lib/libPodd.1.7.7.dylib, 0x0009): Symbol not found: __ZN4ROOT17TGenericClassInfoC1EPKcS2_iRKSt9type_infoPKNS_8Internal13TInitBehaviorEPFP6TClassvEP16TVirtualIsAProxyii
  Referenced from: <334F6564-7E62-31ED-BDED-A5DF84D9522F> /usr/local/lib/libPodd.1.7.7.dylib
  Expected in:     <809C6508-0AA6-3F8A-B97A-FB2AAC816547> /Users/brash/root_install/lib/libCore.so
Error in <TInterpreter::TCling::AutoLoad>: failure loading library libPodd.dylib for Podd::MultiFileRun
cling::DynamicLibraryManager::loadLibrary(): dlopen(/usr/local/lib/libPodd.1.7.7.dylib, 0x0009): Symbol not found: __ZN4ROOT17TGenericClassInfoC1EPKcS2_iRKSt9type_infoPKNS_8Internal13TInitBehaviorEPFP6TClassvEP16TVirtualIsAProxyii
  Referenced from: <334F6564-7E62-31ED-BDED-A5DF84D9522F> /usr/local/lib/libPodd.1.7.7.dylib
  Expected in:     <809C6508-0AA6-3F8A-B97A-FB2AAC816547> /Users/brash/root_install/lib/libCore.so
Error in <TInterpreter::TCling::AutoLoad>: failure loading library libPodd.dylib for Podd
cling::DynamicLibraryManager::loadLibrary(): dlopen(/usr/local/lib/libPodd.1.7.7.dylib, 0x0009): Symbol not found: __ZN4ROOT17TGenericClassInfoC1EPKcS2_iRKSt9type_infoPKNS_8Internal13TInitBehaviorEPFP6TClassvEP16TVirtualIsAProxyii
  Referenced from: <334F6564-7E62-31ED-BDED-A5DF84D9522F> /usr/local/lib/libPodd.1.7.7.dylib
  Expected in:     <809C6508-0AA6-3F8A-B97A-FB2AAC816547> /Users/brash/root_install/lib/libCore.so
Error in <TInterpreter::TCling::AutoLoad>: failure loading library libPodd.dylib for Podd
Warning in <TClass::Init>: no dictionary for class Podd::MultiFileRun is available
cling::DynamicLibraryManager::loadLibrary(): dlopen(/usr/local/lib/libPodd.1.7.7.dylib, 0x0009): Symbol not found: __ZN4ROOT17TGenericClassInfoC1EPKcS2_iRKSt9type_infoPKNS_8Internal13TInitBehaviorEPFP6TClassvEP16TVirtualIsAProxyii
  Referenced from: <334F6564-7E62-31ED-BDED-A5DF84D9522F> /usr/local/lib/libPodd.1.7.7.dylib
  Expected in:     <809C6508-0AA6-3F8A-B97A-FB2AAC816547> /Users/brash/root_install/lib/libCore.so
Error in <TInterpreter::TCling::AutoLoad>: failure loading library libPodd.dylib for THaRun
cling::DynamicLibraryManager::loadLibrary(): dlopen(/usr/local/lib/libPodd.1.7.7.dylib, 0x0009): Symbol not found: __ZN4ROOT17TGenericClassInfoC1EPKcS2_iRKSt9type_infoPKNS_8Internal13TInitBehaviorEPFP6TClassvEP16TVirtualIsAProxyii
  Referenced from: <334F6564-7E62-31ED-BDED-A5DF84D9522F> /usr/local/lib/libPodd.1.7.7.dylib
  Expected in:     <809C6508-0AA6-3F8A-B97A-FB2AAC816547> /Users/brash/root_install/lib/libCore.so
Error in <TInterpreter::TCling::AutoLoad>: failure loading library libPodd.dylib for THaRun
cling::DynamicLibraryManager::loadLibrary(): dlopen(/usr/local/lib/libPodd.1.7.7.dylib, 0x0009): Symbol not found: __ZN4ROOT17TGenericClassInfoC1EPKcS2_iRKSt9type_infoPKNS_8Internal13TInitBehaviorEPFP6TClassvEP16TVirtualIsAProxyii
  Referenced from: <334F6564-7E62-31ED-BDED-A5DF84D9522F> /usr/local/lib/libPodd.1.7.7.dylib
  Expected in:     <809C6508-0AA6-3F8A-B97A-FB2AAC816547> /Users/brash/root_install/lib/libCore.so
Error in <TInterpreter::TCling::AutoLoad>: failure loading library libPodd.dylib for THaRun
cling::DynamicLibraryManager::loadLibrary(): dlopen(/usr/local/lib/libPodd.1.7.7.dylib, 0x0009): Symbol not found: __ZN4ROOT17TGenericClassInfoC1EPKcS2_iRKSt9type_infoPKNS_8Internal13TInitBehaviorEPFP6TClassvEP16TVirtualIsAProxyii
  Referenced from: <334F6564-7E62-31ED-BDED-A5DF84D9522F> /usr/local/lib/libPodd.1.7.7.dylib
  Expected in:     <809C6508-0AA6-3F8A-B97A-FB2AAC816547> /Users/brash/root_install/lib/libCore.so
Error in <TInterpreter::TCling::AutoLoad>: failure loading library libPodd.dylib for THaRun
cling::DynamicLibraryManager::loadLibrary(): dlopen(/usr/local/lib/libPodd.1.7.7.dylib, 0x0009): Symbol not found: __ZN4ROOT17TGenericClassInfoC1EPKcS2_iRKSt9type_infoPKNS_8Internal13TInitBehaviorEPFP6TClassvEP16TVirtualIsAProxyii
  Referenced from: <334F6564-7E62-31ED-BDED-A5DF84D9522F> /usr/local/lib/libPodd.1.7.7.dylib
  Expected in:     <809C6508-0AA6-3F8A-B97A-FB2AAC816547> /Users/brash/root_install/lib/libCore.so
Error in <TInterpreter::TCling::AutoLoad>: failure loading library libPodd.dylib for THaRun
cling::DynamicLibraryManager::loadLibrary(): dlopen(/usr/local/lib/libPodd.1.7.7.dylib, 0x0009): Symbol not found: __ZN4ROOT17TGenericClassInfoC1EPKcS2_iRKSt9type_infoPKNS_8Internal13TInitBehaviorEPFP6TClassvEP16TVirtualIsAProxyii
  Referenced from: <334F6564-7E62-31ED-BDED-A5DF84D9522F> /usr/local/lib/libPodd.1.7.7.dylib
  Expected in:     <809C6508-0AA6-3F8A-B97A-FB2AAC816547> /Users/brash/root_install/lib/libCore.so
Error in <TInterpreter::TCling::AutoLoad>: failure loading library libPodd.dylib for THaRun
cling::DynamicLibraryManager::loadLibrary(): dlopen(/usr/local/lib/libPodd.1.7.7.dylib, 0x0009): Symbol not found: __ZN4ROOT17TGenericClassInfoC1EPKcS2_iRKSt9type_infoPKNS_8Internal13TInitBehaviorEPFP6TClassvEP16TVirtualIsAProxyii
  Referenced from: <334F6564-7E62-31ED-BDED-A5DF84D9522F> /usr/local/lib/libPodd.1.7.7.dylib
  Expected in:     <809C6508-0AA6-3F8A-B97A-FB2AAC816547> /Users/brash/root_install/lib/libCore.so
Error in <TInterpreter::TCling::AutoLoad>: failure loading library libPodd.dylib for THaRun
cling::DynamicLibraryManager::loadLibrary(): dlopen(/usr/local/lib/libPodd.1.7.7.dylib, 0x0009): Symbol not found: __ZN4ROOT17TGenericClassInfoC1EPKcS2_iRKSt9type_infoPKNS_8Internal13TInitBehaviorEPFP6TClassvEP16TVirtualIsAProxyii
  Referenced from: <334F6564-7E62-31ED-BDED-A5DF84D9522F> /usr/local/lib/libPodd.1.7.7.dylib
  Expected in:     <809C6508-0AA6-3F8A-B97A-FB2AAC816547> /Users/brash/root_install/lib/libCore.so
Error in <TInterpreter::TCling::AutoLoad>: failure loading library libPodd.dylib for THaRun
Warning in <TClass::Init>: no dictionary for class THaRun is available
cling::DynamicLibraryManager::loadLibrary(): dlopen(/usr/local/lib/libPodd.1.7.7.dylib, 0x0009): Symbol not found: __ZN4ROOT17TGenericClassInfoC1EPKcS2_iRKSt9type_infoPKNS_8Internal13TInitBehaviorEPFP6TClassvEP16TVirtualIsAProxyii
  Referenced from: <334F6564-7E62-31ED-BDED-A5DF84D9522F> /usr/local/lib/libPodd.1.7.7.dylib
  Expected in:     <809C6508-0AA6-3F8A-B97A-FB2AAC816547> /Users/brash/root_install/lib/libCore.so
Error in <TInterpreter::TCling::AutoLoad>: failure loading library libPodd.dylib for THaCodaRun
cling::DynamicLibraryManager::loadLibrary(): dlopen(/usr/local/lib/libPodd.1.7.7.dylib, 0x0009): Symbol not found: __ZN4ROOT17TGenericClassInfoC1EPKcS2_iRKSt9type_infoPKNS_8Internal13TInitBehaviorEPFP6TClassvEP16TVirtualIsAProxyii
  Referenced from: <334F6564-7E62-31ED-BDED-A5DF84D9522F> /usr/local/lib/libPodd.1.7.7.dylib
  Expected in:     <809C6508-0AA6-3F8A-B97A-FB2AAC816547> /Users/brash/root_install/lib/libCore.so
Error in <TInterpreter::TCling::AutoLoad>: failure loading library libPodd.dylib for THaCodaRun
cling::DynamicLibraryManager::loadLibrary(): dlopen(/usr/local/lib/libPodd.1.7.7.dylib, 0x0009): Symbol not found: __ZN4ROOT17TGenericClassInfoC1EPKcS2_iRKSt9type_infoPKNS_8Internal13TInitBehaviorEPFP6TClassvEP16TVirtualIsAProxyii
  Referenced from: <334F6564-7E62-31ED-BDED-A5DF84D9522F> /usr/local/lib/libPodd.1.7.7.dylib
  Expected in:     <809C6508-0AA6-3F8A-B97A-FB2AAC816547> /Users/brash/root_install/lib/libCore.so
Error in <TInterpreter::TCling::AutoLoad>: failure loading library libPodd.dylib for THaCodaRun
cling::DynamicLibraryManager::loadLibrary(): dlopen(/usr/local/lib/libPodd.1.7.7.dylib, 0x0009): Symbol not found: __ZN4ROOT17TGenericClassInfoC1EPKcS2_iRKSt9type_infoPKNS_8Internal13TInitBehaviorEPFP6TClassvEP16TVirtualIsAProxyii
  Referenced from: <334F6564-7E62-31ED-BDED-A5DF84D9522F> /usr/local/lib/libPodd.1.7.7.dylib
  Expected in:     <809C6508-0AA6-3F8A-B97A-FB2AAC816547> /Users/brash/root_install/lib/libCore.so
Error in <TInterpreter::TCling::AutoLoad>: failure loading library libPodd.dylib for THaCodaRun
cling::DynamicLibraryManager::loadLibrary(): dlopen(/usr/local/lib/libPodd.1.7.7.dylib, 0x0009): Symbol not found: __ZN4ROOT17TGenericClassInfoC1EPKcS2_iRKSt9type_infoPKNS_8Internal13TInitBehaviorEPFP6TClassvEP16TVirtualIsAProxyii
  Referenced from: <334F6564-7E62-31ED-BDED-A5DF84D9522F> /usr/local/lib/libPodd.1.7.7.dylib
  Expected in:     <809C6508-0AA6-3F8A-B97A-FB2AAC816547> /Users/brash/root_install/lib/libCore.so
Error in <TInterpreter::TCling::AutoLoad>: failure loading library libPodd.dylib for THaCodaRun
cling::DynamicLibraryManager::loadLibrary(): dlopen(/usr/local/lib/libPodd.1.7.7.dylib, 0x0009): Symbol not found: __ZN4ROOT17TGenericClassInfoC1EPKcS2_iRKSt9type_infoPKNS_8Internal13TInitBehaviorEPFP6TClassvEP16TVirtualIsAProxyii
  Referenced from: <334F6564-7E62-31ED-BDED-A5DF84D9522F> /usr/local/lib/libPodd.1.7.7.dylib
  Expected in:     <809C6508-0AA6-3F8A-B97A-FB2AAC816547> /Users/brash/root_install/lib/libCore.so
Error in <TInterpreter::TCling::AutoLoad>: failure loading library libPodd.dylib for THaCodaRun
cling::DynamicLibraryManager::loadLibrary(): dlopen(/usr/local/lib/libPodd.1.7.7.dylib, 0x0009): Symbol not found: __ZN4ROOT17TGenericClassInfoC1EPKcS2_iRKSt9type_infoPKNS_8Internal13TInitBehaviorEPFP6TClassvEP16TVirtualIsAProxyii
  Referenced from: <334F6564-7E62-31ED-BDED-A5DF84D9522F> /usr/local/lib/libPodd.1.7.7.dylib
  Expected in:     <809C6508-0AA6-3F8A-B97A-FB2AAC816547> /Users/brash/root_install/lib/libCore.so
Error in <TInterpreter::TCling::AutoLoad>: failure loading library libPodd.dylib for THaCodaRun
cling::DynamicLibraryManager::loadLibrary(): dlopen(/usr/local/lib/libPodd.1.7.7.dylib, 0x0009): Symbol not found: __ZN4ROOT17TGenericClassInfoC1EPKcS2_iRKSt9type_infoPKNS_8Internal13TInitBehaviorEPFP6TClassvEP16TVirtualIsAProxyii
  Referenced from: <334F6564-7E62-31ED-BDED-A5DF84D9522F> /usr/local/lib/libPodd.1.7.7.dylib
  Expected in:     <809C6508-0AA6-3F8A-B97A-FB2AAC816547> /Users/brash/root_install/lib/libCore.so
Error in <TInterpreter::TCling::AutoLoad>: failure loading library libPodd.dylib for THaCodaRun
Warning in <TClass::Init>: no dictionary for class THaCodaRun is available
cling::DynamicLibraryManager::loadLibrary(): dlopen(/usr/local/lib/libPodd.1.7.7.dylib, 0x0009): Symbol not found: __ZN4ROOT17TGenericClassInfoC1EPKcS2_iRKSt9type_infoPKNS_8Internal13TInitBehaviorEPFP6TClassvEP16TVirtualIsAProxyii
  Referenced from: <334F6564-7E62-31ED-BDED-A5DF84D9522F> /usr/local/lib/libPodd.1.7.7.dylib
  Expected in:     <809C6508-0AA6-3F8A-B97A-FB2AAC816547> /Users/brash/root_install/lib/libCore.so
Error in <TInterpreter::TCling::AutoLoad>: failure loading library libPodd.dylib for THaRunBase
cling::DynamicLibraryManager::loadLibrary(): dlopen(/usr/local/lib/libPodd.1.7.7.dylib, 0x0009): Symbol not found: __ZN4ROOT17TGenericClassInfoC1EPKcS2_iRKSt9type_infoPKNS_8Internal13TInitBehaviorEPFP6TClassvEP16TVirtualIsAProxyii
  Referenced from: <334F6564-7E62-31ED-BDED-A5DF84D9522F> /usr/local/lib/libPodd.1.7.7.dylib
  Expected in:     <809C6508-0AA6-3F8A-B97A-FB2AAC816547> /Users/brash/root_install/lib/libCore.so
Error in <TInterpreter::TCling::AutoLoad>: failure loading library libPodd.dylib for THaRunBase
cling::DynamicLibraryManager::loadLibrary(): dlopen(/usr/local/lib/libPodd.1.7.7.dylib, 0x0009): Symbol not found: __ZN4ROOT17TGenericClassInfoC1EPKcS2_iRKSt9type_infoPKNS_8Internal13TInitBehaviorEPFP6TClassvEP16TVirtualIsAProxyii
  Referenced from: <334F6564-7E62-31ED-BDED-A5DF84D9522F> /usr/local/lib/libPodd.1.7.7.dylib
  Expected in:     <809C6508-0AA6-3F8A-B97A-FB2AAC816547> /Users/brash/root_install/lib/libCore.so
Error in <TInterpreter::TCling::AutoLoad>: failure loading library libPodd.dylib for THaRunBase
cling::DynamicLibraryManager::loadLibrary(): dlopen(/usr/local/lib/libPodd.1.7.7.dylib, 0x0009): Symbol not found: __ZN4ROOT17TGenericClassInfoC1EPKcS2_iRKSt9type_infoPKNS_8Internal13TInitBehaviorEPFP6TClassvEP16TVirtualIsAProxyii
  Referenced from: <334F6564-7E62-31ED-BDED-A5DF84D9522F> /usr/local/lib/libPodd.1.7.7.dylib
  Expected in:     <809C6508-0AA6-3F8A-B97A-FB2AAC816547> /Users/brash/root_install/lib/libCore.so
Error in <TInterpreter::TCling::AutoLoad>: failure loading library libPodd.dylib for THaRunBase
cling::DynamicLibraryManager::loadLibrary(): dlopen(/usr/local/lib/libPodd.1.7.7.dylib, 0x0009): Symbol not found: __ZN4ROOT17TGenericClassInfoC1EPKcS2_iRKSt9type_infoPKNS_8Internal13TInitBehaviorEPFP6TClassvEP16TVirtualIsAProxyii
  Referenced from: <334F6564-7E62-31ED-BDED-A5DF84D9522F> /usr/local/lib/libPodd.1.7.7.dylib
  Expected in:     <809C6508-0AA6-3F8A-B97A-FB2AAC816547> /Users/brash/root_install/lib/libCore.so
Error in <TInterpreter::TCling::AutoLoad>: failure loading library libPodd.dylib for THaRunBase
cling::DynamicLibraryManager::loadLibrary(): dlopen(/usr/local/lib/libPodd.1.7.7.dylib, 0x0009): Symbol not found: __ZN4ROOT17TGenericClassInfoC1EPKcS2_iRKSt9type_infoPKNS_8Internal13TInitBehaviorEPFP6TClassvEP16TVirtualIsAProxyii
  Referenced from: <334F6564-7E62-31ED-BDED-A5DF84D9522F> /usr/local/lib/libPodd.1.7.7.dylib
  Expected in:     <809C6508-0AA6-3F8A-B97A-FB2AAC816547> /Users/brash/root_install/lib/libCore.so
Error in <TInterpreter::TCling::AutoLoad>: failure loading library libPodd.dylib for THaRunBase
cling::DynamicLibraryManager::loadLibrary(): dlopen(/usr/local/lib/libPodd.1.7.7.dylib, 0x0009): Symbol not found: __ZN4ROOT17TGenericClassInfoC1EPKcS2_iRKSt9type_infoPKNS_8Internal13TInitBehaviorEPFP6TClassvEP16TVirtualIsAProxyii
  Referenced from: <334F6564-7E62-31ED-BDED-A5DF84D9522F> /usr/local/lib/libPodd.1.7.7.dylib
  Expected in:     <809C6508-0AA6-3F8A-B97A-FB2AAC816547> /Users/brash/root_install/lib/libCore.so
Error in <TInterpreter::TCling::AutoLoad>: failure loading library libPodd.dylib for THaRunBase
cling::DynamicLibraryManager::loadLibrary(): dlopen(/usr/local/lib/libPodd.1.7.7.dylib, 0x0009): Symbol not found: __ZN4ROOT17TGenericClassInfoC1EPKcS2_iRKSt9type_infoPKNS_8Internal13TInitBehaviorEPFP6TClassvEP16TVirtualIsAProxyii
  Referenced from: <334F6564-7E62-31ED-BDED-A5DF84D9522F> /usr/local/lib/libPodd.1.7.7.dylib
  Expected in:     <809C6508-0AA6-3F8A-B97A-FB2AAC816547> /Users/brash/root_install/lib/libCore.so
Error in <TInterpreter::TCling::AutoLoad>: failure loading library libPodd.dylib for THaRunBase
Warning in <TClass::Init>: no dictionary for class THaRunBase is available
cling::DynamicLibraryManager::loadLibrary(): dlopen(/usr/local/lib/libdc.1.7.7.dylib, 0x0009): Symbol not found: __ZN4ROOT17TGenericClassInfoC1EPKcS2_iRKSt9type_infoPKNS_8Internal13TInitBehaviorEPFP6TClassvEP16TVirtualIsAProxyii
  Referenced from: <96BAE286-467C-3F66-A2D6-A8D580E6E3B0> /usr/local/lib/libdc.1.7.7.dylib
  Expected in:     <809C6508-0AA6-3F8A-B97A-FB2AAC816547> /Users/brash/root_install/lib/libCore.so
Error in <TInterpreter::TCling::AutoLoad>: failure loading library libdc.dylib for DAQInfoExtra
cling::DynamicLibraryManager::loadLibrary(): dlopen(/usr/local/lib/libdc.1.7.7.dylib, 0x0009): Symbol not found: __ZN4ROOT17TGenericClassInfoC1EPKcS2_iRKSt9type_infoPKNS_8Internal13TInitBehaviorEPFP6TClassvEP16TVirtualIsAProxyii
  Referenced from: <96BAE286-467C-3F66-A2D6-A8D580E6E3B0> /usr/local/lib/libdc.1.7.7.dylib
  Expected in:     <809C6508-0AA6-3F8A-B97A-FB2AAC816547> /Users/brash/root_install/lib/libCore.so
Error in <TInterpreter::TCling::AutoLoad>: failure loading library libdc.dylib for DAQInfoExtra
cling::DynamicLibraryManager::loadLibrary(): dlopen(/usr/local/lib/libdc.1.7.7.dylib, 0x0009): Symbol not found: __ZN4ROOT17TGenericClassInfoC1EPKcS2_iRKSt9type_infoPKNS_8Internal13TInitBehaviorEPFP6TClassvEP16TVirtualIsAProxyii
  Referenced from: <96BAE286-467C-3F66-A2D6-A8D580E6E3B0> /usr/local/lib/libdc.1.7.7.dylib
  Expected in:     <809C6508-0AA6-3F8A-B97A-FB2AAC816547> /Users/brash/root_install/lib/libCore.so
Error in <TInterpreter::TCling::AutoLoad>: failure loading library libdc.dylib for DAQInfoExtra
cling::DynamicLibraryManager::loadLibrary(): dlopen(/usr/local/lib/libdc.1.7.7.dylib, 0x0009): Symbol not found: __ZN4ROOT17TGenericClassInfoC1EPKcS2_iRKSt9type_infoPKNS_8Internal13TInitBehaviorEPFP6TClassvEP16TVirtualIsAProxyii
  Referenced from: <96BAE286-467C-3F66-A2D6-A8D580E6E3B0> /usr/local/lib/libdc.1.7.7.dylib
  Expected in:     <809C6508-0AA6-3F8A-B97A-FB2AAC816547> /Users/brash/root_install/lib/libCore.so
Error in <TInterpreter::TCling::AutoLoad>: failure loading library libdc.dylib for DAQInfoExtra
cling::DynamicLibraryManager::loadLibrary(): dlopen(/usr/local/lib/libdc.1.7.7.dylib, 0x0009): Symbol not found: __ZN4ROOT17TGenericClassInfoC1EPKcS2_iRKSt9type_infoPKNS_8Internal13TInitBehaviorEPFP6TClassvEP16TVirtualIsAProxyii
  Referenced from: <96BAE286-467C-3F66-A2D6-A8D580E6E3B0> /usr/local/lib/libdc.1.7.7.dylib
  Expected in:     <809C6508-0AA6-3F8A-B97A-FB2AAC816547> /Users/brash/root_install/lib/libCore.so
Error in <TInterpreter::TCling::AutoLoad>: failure loading library libdc.dylib for DAQInfoExtra
cling::DynamicLibraryManager::loadLibrary(): dlopen(/usr/local/lib/libdc.1.7.7.dylib, 0x0009): Symbol not found: __ZN4ROOT17TGenericClassInfoC1EPKcS2_iRKSt9type_infoPKNS_8Internal13TInitBehaviorEPFP6TClassvEP16TVirtualIsAProxyii
  Referenced from: <96BAE286-467C-3F66-A2D6-A8D580E6E3B0> /usr/local/lib/libdc.1.7.7.dylib
  Expected in:     <809C6508-0AA6-3F8A-B97A-FB2AAC816547> /Users/brash/root_install/lib/libCore.so
Error in <TInterpreter::TCling::AutoLoad>: failure loading library libdc.dylib for DAQInfoExtra
cling::DynamicLibraryManager::loadLibrary(): dlopen(/usr/local/lib/libdc.1.7.7.dylib, 0x0009): Symbol not found: __ZN4ROOT17TGenericClassInfoC1EPKcS2_iRKSt9type_infoPKNS_8Internal13TInitBehaviorEPFP6TClassvEP16TVirtualIsAProxyii
  Referenced from: <96BAE286-467C-3F66-A2D6-A8D580E6E3B0> /usr/local/lib/libdc.1.7.7.dylib
  Expected in:     <809C6508-0AA6-3F8A-B97A-FB2AAC816547> /Users/brash/root_install/lib/libCore.so
Error in <TInterpreter::TCling::AutoLoad>: failure loading library libdc.dylib for DAQInfoExtra
cling::DynamicLibraryManager::loadLibrary(): dlopen(/usr/local/lib/libdc.1.7.7.dylib, 0x0009): Symbol not found: __ZN4ROOT17TGenericClassInfoC1EPKcS2_iRKSt9type_infoPKNS_8Internal13TInitBehaviorEPFP6TClassvEP16TVirtualIsAProxyii
  Referenced from: <96BAE286-467C-3F66-A2D6-A8D580E6E3B0> /usr/local/lib/libdc.1.7.7.dylib
  Expected in:     <809C6508-0AA6-3F8A-B97A-FB2AAC816547> /Users/brash/root_install/lib/libCore.so
Error in <TInterpreter::TCling::AutoLoad>: failure loading library libdc.dylib for DAQInfoExtra
Warning in <TClass::Init>: no dictionary for class DAQInfoExtra is available
cling::DynamicLibraryManager::loadLibrary(): dlopen(/usr/local/lib/libdc.1.7.7.dylib, 0x0009): Symbol not found: __ZN4ROOT17TGenericClassInfoC1EPKcS2_iRKSt9type_infoPKNS_8Internal13TInitBehaviorEPFP6TClassvEP16TVirtualIsAProxyii
  Referenced from: <96BAE286-467C-3F66-A2D6-A8D580E6E3B0> /usr/local/lib/libdc.1.7.7.dylib
  Expected in:     <809C6508-0AA6-3F8A-B97A-FB2AAC816547> /Users/brash/root_install/lib/libCore.so
Error in <TInterpreter::TCling::AutoLoad>: failure loading library libdc.dylib for DAQconfig
cling::DynamicLibraryManager::loadLibrary(): dlopen(/usr/local/lib/libdc.1.7.7.dylib, 0x0009): Symbol not found: __ZN4ROOT17TGenericClassInfoC1EPKcS2_iRKSt9type_infoPKNS_8Internal13TInitBehaviorEPFP6TClassvEP16TVirtualIsAProxyii
  Referenced from: <96BAE286-467C-3F66-A2D6-A8D580E6E3B0> /usr/local/lib/libdc.1.7.7.dylib
  Expected in:     <809C6508-0AA6-3F8A-B97A-FB2AAC816547> /Users/brash/root_install/lib/libCore.so
Error in <TInterpreter::TCling::AutoLoad>: failure loading library libdc.dylib for DAQconfig
cling::DynamicLibraryManager::loadLibrary(): dlopen(/usr/local/lib/libdc.1.7.7.dylib, 0x0009): Symbol not found: __ZN4ROOT17TGenericClassInfoC1EPKcS2_iRKSt9type_infoPKNS_8Internal13TInitBehaviorEPFP6TClassvEP16TVirtualIsAProxyii
  Referenced from: <96BAE286-467C-3F66-A2D6-A8D580E6E3B0> /usr/local/lib/libdc.1.7.7.dylib
  Expected in:     <809C6508-0AA6-3F8A-B97A-FB2AAC816547> /Users/brash/root_install/lib/libCore.so
Error in <TInterpreter::TCling::AutoLoad>: failure loading library libdc.dylib for DAQconfig
cling::DynamicLibraryManager::loadLibrary(): dlopen(/usr/local/lib/libdc.1.7.7.dylib, 0x0009): Symbol not found: __ZN4ROOT17TGenericClassInfoC1EPKcS2_iRKSt9type_infoPKNS_8Internal13TInitBehaviorEPFP6TClassvEP16TVirtualIsAProxyii
  Referenced from: <96BAE286-467C-3F66-A2D6-A8D580E6E3B0> /usr/local/lib/libdc.1.7.7.dylib
  Expected in:     <809C6508-0AA6-3F8A-B97A-FB2AAC816547> /Users/brash/root_install/lib/libCore.so
Error in <TInterpreter::TCling::AutoLoad>: failure loading library libdc.dylib for DAQconfig
cling::DynamicLibraryManager::loadLibrary(): dlopen(/usr/local/lib/libdc.1.7.7.dylib, 0x0009): Symbol not found: __ZN4ROOT17TGenericClassInfoC1EPKcS2_iRKSt9type_infoPKNS_8Internal13TInitBehaviorEPFP6TClassvEP16TVirtualIsAProxyii
  Referenced from: <96BAE286-467C-3F66-A2D6-A8D580E6E3B0> /usr/local/lib/libdc.1.7.7.dylib
  Expected in:     <809C6508-0AA6-3F8A-B97A-FB2AAC816547> /Users/brash/root_install/lib/libCore.so
Error in <TInterpreter::TCling::AutoLoad>: failure loading library libdc.dylib for DAQconfig
cling::DynamicLibraryManager::loadLibrary(): dlopen(/usr/local/lib/libdc.1.7.7.dylib, 0x0009): Symbol not found: __ZN4ROOT17TGenericClassInfoC1EPKcS2_iRKSt9type_infoPKNS_8Internal13TInitBehaviorEPFP6TClassvEP16TVirtualIsAProxyii
  Referenced from: <96BAE286-467C-3F66-A2D6-A8D580E6E3B0> /usr/local/lib/libdc.1.7.7.dylib
  Expected in:     <809C6508-0AA6-3F8A-B97A-FB2AAC816547> /Users/brash/root_install/lib/libCore.so
Error in <TInterpreter::TCling::AutoLoad>: failure loading library libdc.dylib for DAQconfig
cling::DynamicLibraryManager::loadLibrary(): dlopen(/usr/local/lib/libdc.1.7.7.dylib, 0x0009): Symbol not found: __ZN4ROOT17TGenericClassInfoC1EPKcS2_iRKSt9type_infoPKNS_8Internal13TInitBehaviorEPFP6TClassvEP16TVirtualIsAProxyii
  Referenced from: <96BAE286-467C-3F66-A2D6-A8D580E6E3B0> /usr/local/lib/libdc.1.7.7.dylib
  Expected in:     <809C6508-0AA6-3F8A-B97A-FB2AAC816547> /Users/brash/root_install/lib/libCore.so
Error in <TInterpreter::TCling::AutoLoad>: failure loading library libdc.dylib for DAQconfig
cling::DynamicLibraryManager::loadLibrary(): dlopen(/usr/local/lib/libdc.1.7.7.dylib, 0x0009): Symbol not found: __ZN4ROOT17TGenericClassInfoC1EPKcS2_iRKSt9type_infoPKNS_8Internal13TInitBehaviorEPFP6TClassvEP16TVirtualIsAProxyii
  Referenced from: <96BAE286-467C-3F66-A2D6-A8D580E6E3B0> /usr/local/lib/libdc.1.7.7.dylib
  Expected in:     <809C6508-0AA6-3F8A-B97A-FB2AAC816547> /Users/brash/root_install/lib/libCore.so
Error in <TInterpreter::TCling::AutoLoad>: failure loading library libdc.dylib for DAQconfig
Warning in <TClass::Init>: no dictionary for class DAQconfig is available
cling::DynamicLibraryManager::loadLibrary(): dlopen(/usr/local/lib/libPodd.1.7.7.dylib, 0x0009): Symbol not found: __ZN4ROOT17TGenericClassInfoC1EPKcS2_iRKSt9type_infoPKNS_8Internal13TInitBehaviorEPFP6TClassvEP16TVirtualIsAProxyii
  Referenced from: <334F6564-7E62-31ED-BDED-A5DF84D9522F> /usr/local/lib/libPodd.1.7.7.dylib
  Expected in:     <809C6508-0AA6-3F8A-B97A-FB2AAC816547> /Users/brash/root_install/lib/libCore.so
Error in <TInterpreter::TCling::AutoLoad>: failure loading library libPodd.dylib for Podd::MultiFileRun::StreamInfo
cling::DynamicLibraryManager::loadLibrary(): dlopen(/usr/local/lib/libPodd.1.7.7.dylib, 0x0009): Symbol not found: __ZN4ROOT17TGenericClassInfoC1EPKcS2_iRKSt9type_infoPKNS_8Internal13TInitBehaviorEPFP6TClassvEP16TVirtualIsAProxyii
  Referenced from: <334F6564-7E62-31ED-BDED-A5DF84D9522F> /usr/local/lib/libPodd.1.7.7.dylib
  Expected in:     <809C6508-0AA6-3F8A-B97A-FB2AAC816547> /Users/brash/root_install/lib/libCore.so
Error in <TInterpreter::TCling::AutoLoad>: failure loading library libPodd.dylib for Podd::MultiFileRun
cling::DynamicLibraryManager::loadLibrary(): dlopen(/usr/local/lib/libPodd.1.7.7.dylib, 0x0009): Symbol not found: __ZN4ROOT17TGenericClassInfoC1EPKcS2_iRKSt9type_infoPKNS_8Internal13TInitBehaviorEPFP6TClassvEP16TVirtualIsAProxyii
  Referenced from: <334F6564-7E62-31ED-BDED-A5DF84D9522F> /usr/local/lib/libPodd.1.7.7.dylib
  Expected in:     <809C6508-0AA6-3F8A-B97A-FB2AAC816547> /Users/brash/root_install/lib/libCore.so
Error in <TInterpreter::TCling::AutoLoad>: failure loading library libPodd.dylib for Podd::MultiFileRun::StreamInfo
cling::DynamicLibraryManager::loadLibrary(): dlopen(/usr/local/lib/libPodd.1.7.7.dylib, 0x0009): Symbol not found: __ZN4ROOT17TGenericClassInfoC1EPKcS2_iRKSt9type_infoPKNS_8Internal13TInitBehaviorEPFP6TClassvEP16TVirtualIsAProxyii
  Referenced from: <334F6564-7E62-31ED-BDED-A5DF84D9522F> /usr/local/lib/libPodd.1.7.7.dylib
  Expected in:     <809C6508-0AA6-3F8A-B97A-FB2AAC816547> /Users/brash/root_install/lib/libCore.so
Error in <TInterpreter::TCling::AutoLoad>: failure loading library libPodd.dylib for Podd::MultiFileRun
Warning in <TClass::Init>: no dictionary for class Podd::MultiFileRun::StreamInfo is available
cling::DynamicLibraryManager::loadLibrary(): dlopen(/usr/local/lib/libPodd.1.7.7.dylib, 0x0009): Symbol not found: __ZN4ROOT17TGenericClassInfoC1EPKcS2_iRKSt9type_infoPKNS_8Internal13TInitBehaviorEPFP6TClassvEP16TVirtualIsAProxyii
  Referenced from: <334F6564-7E62-31ED-BDED-A5DF84D9522F> /usr/local/lib/libPodd.1.7.7.dylib
  Expected in:     <809C6508-0AA6-3F8A-B97A-FB2AAC816547> /Users/brash/root_install/lib/libCore.so
Error in <TInterpreter::TCling::AutoLoad>: failure loading library libPodd.dylib for Podd::MultiFileRun::FileInfo
cling::DynamicLibraryManager::loadLibrary(): dlopen(/usr/local/lib/libPodd.1.7.7.dylib, 0x0009): Symbol not found: __ZN4ROOT17TGenericClassInfoC1EPKcS2_iRKSt9type_infoPKNS_8Internal13TInitBehaviorEPFP6TClassvEP16TVirtualIsAProxyii
  Referenced from: <334F6564-7E62-31ED-BDED-A5DF84D9522F> /usr/local/lib/libPodd.1.7.7.dylib
  Expected in:     <809C6508-0AA6-3F8A-B97A-FB2AAC816547> /Users/brash/root_install/lib/libCore.so
Error in <TInterpreter::TCling::AutoLoad>: failure loading library libPodd.dylib for Podd::MultiFileRun
cling::DynamicLibraryManager::loadLibrary(): dlopen(/usr/local/lib/libPodd.1.7.7.dylib, 0x0009): Symbol not found: __ZN4ROOT17TGenericClassInfoC1EPKcS2_iRKSt9type_infoPKNS_8Internal13TInitBehaviorEPFP6TClassvEP16TVirtualIsAProxyii
  Referenced from: <334F6564-7E62-31ED-BDED-A5DF84D9522F> /usr/local/lib/libPodd.1.7.7.dylib
  Expected in:     <809C6508-0AA6-3F8A-B97A-FB2AAC816547> /Users/brash/root_install/lib/libCore.so
Error in <TInterpreter::TCling::AutoLoad>: failure loading library libPodd.dylib for Podd::MultiFileRun::FileInfo
cling::DynamicLibraryManager::loadLibrary(): dlopen(/usr/local/lib/libPodd.1.7.7.dylib, 0x0009): Symbol not found: __ZN4ROOT17TGenericClassInfoC1EPKcS2_iRKSt9type_infoPKNS_8Internal13TInitBehaviorEPFP6TClassvEP16TVirtualIsAProxyii
  Referenced from: <334F6564-7E62-31ED-BDED-A5DF84D9522F> /usr/local/lib/libPodd.1.7.7.dylib
  Expected in:     <809C6508-0AA6-3F8A-B97A-FB2AAC816547> /Users/brash/root_install/lib/libCore.so
Error in <TInterpreter::TCling::AutoLoad>: failure loading library libPodd.dylib for Podd::MultiFileRun
Warning in <TClass::Init>: no dictionary for class Podd::MultiFileRun::FileInfo is available
N entries in tree is 237495
Running analysis for 237495 events
Starting Event Loop
10000/237495/ Nhits = 5
20000/237495/ Nhits = 5
30000/237495/ Nhits = 9
40000/237495/ Nhits = 12
50000/237495/ Nhits = 4
60000/237495/ Nhits = 3
70000/237495/ Nhits = 10
80000/237495/ Nhits = 2
90000/237495/ Nhits = 11
100000/237495/ Nhits = 6
110000/237495/ Nhits = 10
120000/237495/ Nhits = 4
130000/237495/ Nhits = 8
140000/237495/ Nhits = 5
150000/237495/ Nhits = 9
160000/237495/ Nhits = 4
170000/237495/ Nhits = 8
180000/237495/ Nhits = 8
190000/237495/ Nhits = 8
200000/237495/ Nhits = 5
210000/237495/ Nhits = 9
220000/237495/ Nhits = 1
230000/237495/ Nhits = 8
events used for occupancy = 237495
Raw singles-rate validation: 300 hits / (50000 events x 60 ns) = 100000 hits/s (expected 100000 hits/s)
Candidate Events = 197616
Layer 1 Events = 32351     Avg Hits Per Candidate Event = 0.163706
Layer 2 Events = 34999     Avg Hits Per Candidate Event = 0.177106
One Good Layer Events = 67350     Avg Hits Per Candidate Event = 0.340812
[CDet] ECal-time corr enabled with fixed detector calibration: p0=14.8074 p1=0.810203 delta=31.6808 ns
[CDet] Time-walk corr enabled.  p1(L1)=13.988  p1(L2)=15.7649  TOTref(L1)=12  TOTref(L2)=12  calibration fit range=[5, 25] ns; applied to every accepted good hit[CDet] Applying run global timing shift: -9.32703 ns (from file)
nevents with 0 hits = 1493
nGoodEvents = 28729
[CDet layer comparison] Loaded configuration CDet_run3788_projection.conf.
[CDet layer comparison] Diagnostic accepted-ToT window: (4, 30) ns for polygon-aware pixel-calibration diagnostics. Run analysis and plotCDetLayersTimeComp do not apply saved polygons.
[plotCDetLayersTimeComp] Layer 1 pixel 480 normalized to bar 30 (pixels 480-495).

[CDet projected-half-bar timing]
  accepted layer pairs in the nominal-origin ECal-projected half-bars: 15760
  Layer 1 corrected LE: mean=30.1451 ns, RMS=3.35591 ns
  Layer 2 corrected LE: mean=30.1833 ns, RMS=3.05082 ns
  pair mean corrected LE: mean=30.1642 ns, RMS=2.88383 ns
[CDet y-timing] Layer 1 Left, Sections 1+6: p1=0.31361 +/- 0.513581 ns/m, chi2/NDF=157.216/45 = 3.494
[CDet y-timing] Layer 1 Left, Sections 2+5: p1=-1.80006 +/- 0.127397 ns/m, chi2/NDF=1537.53/68 = 22.611
[CDet y-timing] Layer 1 Left, Sections 3+4: p1=-3.81001 +/- 0.292498 ns/m, chi2/NDF=509.713/52 = 9.802
[CDet y-timing] Layer 1 Right, Sections 1+6: p1=0.626145 +/- 0.438632 ns/m, chi2/NDF=364.307/49 = 7.435
[CDet y-timing] Layer 1 Right, Sections 2+5: p1=2.32409 +/- 0.328057 ns/m, chi2/NDF=926.662/57 = 16.257
[CDet y-timing] Layer 1 Right, Sections 3+4: p1=2.59622 +/- 0.337181 ns/m, chi2/NDF=226.284/57 = 3.970
[CDet y-timing] Layer 2 Left, Sections 1+6: p1=-0.541214 +/- 0.414341 ns/m, chi2/NDF=343.415/45 = 7.631
[CDet y-timing] Layer 2 Left, Sections 2+5: p1=-1.2053 +/- 0.12405 ns/m, chi2/NDF=1723.32/69 = 24.976
[CDet y-timing] Layer 2 Left, Sections 3+4: p1=-4.44268 +/- 0.28311 ns/m, chi2/NDF=464.748/51 = 9.113
[CDet y-timing] Layer 2 Right, Sections 1+6: p1=0.777423 +/- 0.49073 ns/m, chi2/NDF=239.395/49 = 4.886
[CDet y-timing] Layer 2 Right, Sections 2+5: p1=3.21973 +/- 0.322323 ns/m, chi2/NDF=904.662/55 = 16.448
[CDet y-timing] Layer 2 Right, Sections 3+4: p1=2.49847 +/- 0.286662 ns/m, chi2/NDF=317.84/56 = 5.676

[CDet/ECal y fixed-effects fits]
  Half-bar means are removed before estimating each propagation slope.
[CDet y fixed effects] Layer 1 Left, Sections 1+6: slope=0.464288 +/- 0.570273 ns/m, entries=2327, half-bars=5, NDF=2321
[CDet y fixed effects] Layer 1 Left, Sections 2+5: slope=-0.431813 +/- 0.168339 ns/m, entries=11994, half-bars=14, NDF=11979
[CDet y fixed effects] Layer 1 Left, Sections 3+4: slope=-4.22213 +/- 0.327126 ns/m, entries=3090, half-bars=6, NDF=3083
[CDet y fixed effects] Layer 1 Right, Sections 1+6: slope=4.06226 +/- 0.370863 ns/m, entries=2493, half-bars=6, NDF=2486
[CDet y fixed effects] Layer 1 Right, Sections 2+5: slope=3.79825 +/- 0.309713 ns/m, entries=5077, half-bars=8, NDF=5068
[CDet y fixed effects] Layer 1 Right, Sections 3+4: slope=2.65391 +/- 0.39936 ns/m, entries=2193, half-bars=5, NDF=2187
[CDet y fixed effects] Layer 2 Left, Sections 1+6: slope=-2.797 +/- 0.484983 ns/m, entries=2678, half-bars=5, NDF=2672
[CDet y fixed effects] Layer 2 Left, Sections 2+5: slope=-0.407432 +/- 0.160696 ns/m, entries=11862, half-bars=14, NDF=11847
[CDet y fixed effects] Layer 2 Left, Sections 3+4: slope=-4.24946 +/- 0.334146 ns/m, entries=2949, half-bars=6, NDF=2942
[CDet y fixed effects] Layer 2 Right, Sections 1+6: slope=4.1293 +/- 0.366615 ns/m, entries=3088, half-bars=7, NDF=3080
[CDet y fixed effects] Layer 2 Right, Sections 2+5: slope=4.15656 +/- 0.26849 ns/m, entries=4701, half-bars=7, NDF=4693
[CDet y fixed effects] Layer 2 Right, Sections 3+4: slope=2.469 +/- 0.345579 ns/m, entries=2235, half-bars=5, NDF=2229
[CDet timing populations] lower vertical: entries=33, mean ToT=13.1897, ToT RMS=5.06192, mean corrected LE=26.7751, LE RMS=1.71132 ns
[CDet timing populations] upper vertical: entries=3, mean ToT=8.66667, ToT RMS=2.73869, mean corrected LE=30.7554, LE RMS=0.420494 ns
[CDet timing populations] diagonal: entries=7313, mean ToT=10.7228, ToT RMS=4.09945, mean corrected LE=32.9921, LE RMS=2.40771 ns

[plotCDetLayersTimeComp] Linear fit for <CDet t> vs ECal ADC t:
  <t_CDet> = p0 + p1 * t_ECal
  p0 = 28.343 +/- 0.0412187 ns
  p1 = 0.134496 +/- 0.00300236 (ns/ns)
  chi2/NDF = 274.646/7 = 39.2352  probability = 1.5561e-55

[plotCDetLayersTimeComp] All Layer 1 hits: p1=0.142244 +/- 0.00335723, chi2/NDF=217.33/7 = 31.0471, fit_status=0
[plotCDetLayersTimeComp] All Layer 2 hits: p1=0.130679 +/- 0.00319724, chi2/NDF=215.586/7 = 30.798, fit_status=0
[plotCDetLayersTimeComp] Layer 1 bar 30: p1=0.0193428 +/- 0.0138682, chi2/NDF=17.8948/3 = 5.96494, fit_status=0

[CDet/ECal fixed-effects timing fit]
  Separate intercepts are removed for every half-bar.
[plotCDetLayersTimeComp] Layer 1 fixed-effects slope: p1=0.0246325 +/- 0.00741671 ns/ns, entries=28243, half-bars=63, NDF=28179
[plotCDetLayersTimeComp] Layer 2 fixed-effects slope: p1=0.027442 +/- 0.00675225 ns/ns, entries=28239, half-bars=60, NDF=28178
[plotCDetLayersTimeComp] Combined fixed-effects slope: p1=0.0260377 +/- 0.00501488 ns/ns, entries=56482, half-bars=123, NDF=56358
  The combined fixed-effects slope, not the pooled profile slope, is used for calibration updates.


[CDet/HCal timing control]
  HCal window: -10 to 10 ns
  pooled profile slope: -0.00925954 +/- 0.0121764 ns/ns
[plotCDetLayersTimeComp] Combined CDet/HCal fixed-effects slope: p1=0.00312373 +/- 0.00971217 ns/ns, entries=32960, half-bars=112, NDF=32847

[Frozen p1 qualification]
  frozen hits/events/pairs: 56498/27392/28249
  master p1: 0.810203 ns/ns
  residual: 0.0260377 +/- 0.00501488 ns/ns (5.19209 sigma)
  one-step candidate: 0.836241 ns/ns
  algebraic full-sample closure: -1.60528e-16 +/- 0.00501488 ns/ns
  central-80% ECal span/effect: 13.5811/0.353619 ns
  pair RMS before/after: 3.28836/3.26271 ns
  fold 0: train=0.0243995, held-out 0.0334091 -> 0.00900956 +/- 0.0112741, pull=0.799136, improvement=0.730326, PASS
  fold 1: train=0.0250665, held-out 0.0286717 -> 0.00360513 +/- 0.0112478, pull=0.320519, improvement=0.874261, PASS
  fold 2: train=0.0225851, held-out 0.0395893 -> 0.0170042 +/- 0.0114818, pull=1.48097, improvement=0.570484, PASS
  fold 3: train=0.0313105, held-out 0.00713432 -> -0.0241762 +/- 0.0111056, pull=2.17694, improvement=-2.38872, FAIL
  fold 4: train=0.0266365, held-out 0.0224796 -> -0.00415687 +/- 0.0111678, pull=0.372219, improvement=0.815083, PASS
  gates: discovery=1 layers=1 practical=0 closure=1 folds=0 resolution=1
  QUALIFIED: NO
  sample artifact: CDet_run3788_frozen_p1_samples.tsv
  summary: CDet_run3788_frozen_p1_qualification.txt
  CDet_run3788.dat was not modified.
