Processing Run_CDet_Qualify_RunSpecificP1_FrozenSample.C+(3603,-1,"CDet_run3603_projection.conf",5,3.0,0.5,2.0,0.5,1.05)...
[Frozen p1] Loaded configuration CDet_run3603_projection.conf.
[Frozen p1] Diagnostic accepted-ToT window: (4, 30) ns for polygon-aware pixel-calibration diagnostics. Run analysis and plotCDetLayersTimeComp do not apply saved polygons.
[CDet cross-target analysis] Loaded configuration CDet_run3603_projection.conf.
[CDet cross-target analysis] Diagnostic accepted-ToT window: (4, 30) ns for polygon-aware pixel-calibration diagnostics. Run analysis and plotCDetLayersTimeComp do not apply saved polygons.
[CDet cross-target analysis] Authoritative configuration: CDet_run3603_projection.conf; stage 7; events -1.
[CDet cross-target analysis] Effective cuts: ECal ADC time 0 to 35 ns; ECal energy -1e+09 to 1e+09 GeV; Layer 1 hits 1 to 100; Layer 2 hits 1 to 100.
[CDet] Loaded 2688 pixel offsets from 'CDet_calibration_dt.dat'.
[CDet] Loaded ECal timing parameters from 'CDet_calibration_dt.dat': p0=14.8074 p1=0.810203 delta=31.6808 ns (fixed)
[CDet] Loaded time-walk parameters from 'CDet_calibration_dt.dat': p1_L1=13.988 p1_L2=15.7649
[CDet] Calibration stage 7: 7 = apply pixel offsets + ECal timing correction + time-walk correction
        applyPixelOffsets=true  applyECalCorr=true  applyTimeWalk=true
[CDet] Loaded run timing shift from 'CDet_run3603.dat': shift_ns = -9.4103
[CDet] Reference timing subtraction is disabled.
Using single run mode for run 3603
Adding 1 files for run 3603...
  /Users/brash/CDet_replay/sbs/Rootfiles/cdet_3603_stream0_2_seg0_0.root
cling::DynamicLibraryManager::loadLibrary(): dlopen(/usr/local/lib/libPodd.1.7.7.dylib, 0x0009): Symbol not found: __ZN4ROOT17TGenericClassInfoC1EPKcS2_iRKSt9type_infoPKNS_8Internal13TInitBehaviorEPFP6TClassvEP16TVirtualIsAProxyii
  Referenced from: <334F6564-7E62-31ED-BDED-A5DF84D9522F> /usr/local/lib/libPodd.1.7.7.dylib
  Expected in:     <809C6508-0AA6-3F8A-B97A-FB2AAC816547> /Users/brash/root_install/lib/libCore.so
Error in <TInterpreter::TCling::AutoLoad>: failure loading library libPodd.dylib for THaRunParameters
cling::DynamicLibraryManager::loadLibrary(): dlopen(/usr/local/lib/libPodd.1.7.7.dylib, 0x0009): Symbol not found: __ZN4ROOT17TGenericClassInfoC1EPKcS2_iRKSt9type_infoPKNS_8Internal13TInitBehaviorEPFP6TClassvEP16TVirtualIsAProxyii
  Referenced from: <334F6564-7E62-31ED-BDED-A5DF84D9522F> /usr/local/lib/libPodd.1.7.7.dylib
  Expected in:     <809C6508-0AA6-3F8A-B97A-FB2AAC816547> /Users/brash/root_install/lib/libCore.so
Error in <TInterpreter::TCling::AutoLoad>: failure loading library libPodd.dylib for THaRunParameters
cling::DynamicLibraryManager::loadLibrary(): dlopen(/usr/local/lib/libPodd.1.7.7.dylib, 0x0009): Symbol not found: __ZN4ROOT17TGenericClassInfoC1EPKcS2_iRKSt9type_infoPKNS_8Internal13TInitBehaviorEPFP6TClassvEP16TVirtualIsAProxyii
  Referenced from: <334F6564-7E62-31ED-BDED-A5DF84D9522F> /usr/local/lib/libPodd.1.7.7.dylib
  Expected in:     <809C6508-0AA6-3F8A-B97A-FB2AAC816547> /Users/brash/root_install/lib/libCore.so
Error in <TInterpreter::TCling::AutoLoad>: failure loading library libPodd.dylib for THaRunParameters
cling::DynamicLibraryManager::loadLibrary(): dlopen(/usr/local/lib/libPodd.1.7.7.dylib, 0x0009): Symbol not found: __ZN4ROOT17TGenericClassInfoC1EPKcS2_iRKSt9type_infoPKNS_8Internal13TInitBehaviorEPFP6TClassvEP16TVirtualIsAProxyii
  Referenced from: <334F6564-7E62-31ED-BDED-A5DF84D9522F> /usr/local/lib/libPodd.1.7.7.dylib
  Expected in:     <809C6508-0AA6-3F8A-B97A-FB2AAC816547> /Users/brash/root_install/lib/libCore.so
Error in <TInterpreter::TCling::AutoLoad>: failure loading library libPodd.dylib for THaRunParameters
cling::DynamicLibraryManager::loadLibrary(): dlopen(/usr/local/lib/libPodd.1.7.7.dylib, 0x0009): Symbol not found: __ZN4ROOT17TGenericClassInfoC1EPKcS2_iRKSt9type_infoPKNS_8Internal13TInitBehaviorEPFP6TClassvEP16TVirtualIsAProxyii
  Referenced from: <334F6564-7E62-31ED-BDED-A5DF84D9522F> /usr/local/lib/libPodd.1.7.7.dylib
  Expected in:     <809C6508-0AA6-3F8A-B97A-FB2AAC816547> /Users/brash/root_install/lib/libCore.so
Error in <TInterpreter::TCling::AutoLoad>: failure loading library libPodd.dylib for THaRunParameters
cling::DynamicLibraryManager::loadLibrary(): dlopen(/usr/local/lib/libPodd.1.7.7.dylib, 0x0009): Symbol not found: __ZN4ROOT17TGenericClassInfoC1EPKcS2_iRKSt9type_infoPKNS_8Internal13TInitBehaviorEPFP6TClassvEP16TVirtualIsAProxyii
  Referenced from: <334F6564-7E62-31ED-BDED-A5DF84D9522F> /usr/local/lib/libPodd.1.7.7.dylib
  Expected in:     <809C6508-0AA6-3F8A-B97A-FB2AAC816547> /Users/brash/root_install/lib/libCore.so
Error in <TInterpreter::TCling::AutoLoad>: failure loading library libPodd.dylib for THaRunParameters
cling::DynamicLibraryManager::loadLibrary(): dlopen(/usr/local/lib/libPodd.1.7.7.dylib, 0x0009): Symbol not found: __ZN4ROOT17TGenericClassInfoC1EPKcS2_iRKSt9type_infoPKNS_8Internal13TInitBehaviorEPFP6TClassvEP16TVirtualIsAProxyii
  Referenced from: <334F6564-7E62-31ED-BDED-A5DF84D9522F> /usr/local/lib/libPodd.1.7.7.dylib
  Expected in:     <809C6508-0AA6-3F8A-B97A-FB2AAC816547> /Users/brash/root_install/lib/libCore.so
Error in <TInterpreter::TCling::AutoLoad>: failure loading library libPodd.dylib for THaRunParameters
cling::DynamicLibraryManager::loadLibrary(): dlopen(/usr/local/lib/libPodd.1.7.7.dylib, 0x0009): Symbol not found: __ZN4ROOT17TGenericClassInfoC1EPKcS2_iRKSt9type_infoPKNS_8Internal13TInitBehaviorEPFP6TClassvEP16TVirtualIsAProxyii
  Referenced from: <334F6564-7E62-31ED-BDED-A5DF84D9522F> /usr/local/lib/libPodd.1.7.7.dylib
  Expected in:     <809C6508-0AA6-3F8A-B97A-FB2AAC816547> /Users/brash/root_install/lib/libCore.so
Error in <TInterpreter::TCling::AutoLoad>: failure loading library libPodd.dylib for THaRunParameters
Warning in <TClass::Init>: no dictionary for class THaRunParameters is available
cling::DynamicLibraryManager::loadLibrary(): dlopen(/usr/local/lib/libPodd.1.7.7.dylib, 0x0009): Symbol not found: __ZN4ROOT17TGenericClassInfoC1EPKcS2_iRKSt9type_infoPKNS_8Internal13TInitBehaviorEPFP6TClassvEP16TVirtualIsAProxyii
  Referenced from: <334F6564-7E62-31ED-BDED-A5DF84D9522F> /usr/local/lib/libPodd.1.7.7.dylib
  Expected in:     <809C6508-0AA6-3F8A-B97A-FB2AAC816547> /Users/brash/root_install/lib/libCore.so
Error in <TInterpreter::TCling::AutoLoad>: failure loading library libPodd.dylib for THaEvent
cling::DynamicLibraryManager::loadLibrary(): dlopen(/usr/local/lib/libPodd.1.7.7.dylib, 0x0009): Symbol not found: __ZN4ROOT17TGenericClassInfoC1EPKcS2_iRKSt9type_infoPKNS_8Internal13TInitBehaviorEPFP6TClassvEP16TVirtualIsAProxyii
  Referenced from: <334F6564-7E62-31ED-BDED-A5DF84D9522F> /usr/local/lib/libPodd.1.7.7.dylib
  Expected in:     <809C6508-0AA6-3F8A-B97A-FB2AAC816547> /Users/brash/root_install/lib/libCore.so
Error in <TInterpreter::TCling::AutoLoad>: failure loading library libPodd.dylib for THaEvent
cling::DynamicLibraryManager::loadLibrary(): dlopen(/usr/local/lib/libPodd.1.7.7.dylib, 0x0009): Symbol not found: __ZN4ROOT17TGenericClassInfoC1EPKcS2_iRKSt9type_infoPKNS_8Internal13TInitBehaviorEPFP6TClassvEP16TVirtualIsAProxyii
  Referenced from: <334F6564-7E62-31ED-BDED-A5DF84D9522F> /usr/local/lib/libPodd.1.7.7.dylib
  Expected in:     <809C6508-0AA6-3F8A-B97A-FB2AAC816547> /Users/brash/root_install/lib/libCore.so
Error in <TInterpreter::TCling::AutoLoad>: failure loading library libPodd.dylib for THaEvent
cling::DynamicLibraryManager::loadLibrary(): dlopen(/usr/local/lib/libPodd.1.7.7.dylib, 0x0009): Symbol not found: __ZN4ROOT17TGenericClassInfoC1EPKcS2_iRKSt9type_infoPKNS_8Internal13TInitBehaviorEPFP6TClassvEP16TVirtualIsAProxyii
  Referenced from: <334F6564-7E62-31ED-BDED-A5DF84D9522F> /usr/local/lib/libPodd.1.7.7.dylib
  Expected in:     <809C6508-0AA6-3F8A-B97A-FB2AAC816547> /Users/brash/root_install/lib/libCore.so
Error in <TInterpreter::TCling::AutoLoad>: failure loading library libPodd.dylib for THaEvent
cling::DynamicLibraryManager::loadLibrary(): dlopen(/usr/local/lib/libPodd.1.7.7.dylib, 0x0009): Symbol not found: __ZN4ROOT17TGenericClassInfoC1EPKcS2_iRKSt9type_infoPKNS_8Internal13TInitBehaviorEPFP6TClassvEP16TVirtualIsAProxyii
  Referenced from: <334F6564-7E62-31ED-BDED-A5DF84D9522F> /usr/local/lib/libPodd.1.7.7.dylib
  Expected in:     <809C6508-0AA6-3F8A-B97A-FB2AAC816547> /Users/brash/root_install/lib/libCore.so
Error in <TInterpreter::TCling::AutoLoad>: failure loading library libPodd.dylib for THaEvent
cling::DynamicLibraryManager::loadLibrary(): dlopen(/usr/local/lib/libPodd.1.7.7.dylib, 0x0009): Symbol not found: __ZN4ROOT17TGenericClassInfoC1EPKcS2_iRKSt9type_infoPKNS_8Internal13TInitBehaviorEPFP6TClassvEP16TVirtualIsAProxyii
  Referenced from: <334F6564-7E62-31ED-BDED-A5DF84D9522F> /usr/local/lib/libPodd.1.7.7.dylib
  Expected in:     <809C6508-0AA6-3F8A-B97A-FB2AAC816547> /Users/brash/root_install/lib/libCore.so
Error in <TInterpreter::TCling::AutoLoad>: failure loading library libPodd.dylib for THaEvent
cling::DynamicLibraryManager::loadLibrary(): dlopen(/usr/local/lib/libPodd.1.7.7.dylib, 0x0009): Symbol not found: __ZN4ROOT17TGenericClassInfoC1EPKcS2_iRKSt9type_infoPKNS_8Internal13TInitBehaviorEPFP6TClassvEP16TVirtualIsAProxyii
  Referenced from: <334F6564-7E62-31ED-BDED-A5DF84D9522F> /usr/local/lib/libPodd.1.7.7.dylib
  Expected in:     <809C6508-0AA6-3F8A-B97A-FB2AAC816547> /Users/brash/root_install/lib/libCore.so
Error in <TInterpreter::TCling::AutoLoad>: failure loading library libPodd.dylib for THaEvent
cling::DynamicLibraryManager::loadLibrary(): dlopen(/usr/local/lib/libPodd.1.7.7.dylib, 0x0009): Symbol not found: __ZN4ROOT17TGenericClassInfoC1EPKcS2_iRKSt9type_infoPKNS_8Internal13TInitBehaviorEPFP6TClassvEP16TVirtualIsAProxyii
  Referenced from: <334F6564-7E62-31ED-BDED-A5DF84D9522F> /usr/local/lib/libPodd.1.7.7.dylib
  Expected in:     <809C6508-0AA6-3F8A-B97A-FB2AAC816547> /Users/brash/root_install/lib/libCore.so
Error in <TInterpreter::TCling::AutoLoad>: failure loading library libPodd.dylib for THaEvent
Warning in <TClass::Init>: no dictionary for class THaEvent is available
cling::DynamicLibraryManager::loadLibrary(): dlopen(/usr/local/lib/libPodd.1.7.7.dylib, 0x0009): Symbol not found: __ZN4ROOT17TGenericClassInfoC1EPKcS2_iRKSt9type_infoPKNS_8Internal13TInitBehaviorEPFP6TClassvEP16TVirtualIsAProxyii
  Referenced from: <334F6564-7E62-31ED-BDED-A5DF84D9522F> /usr/local/lib/libPodd.1.7.7.dylib
  Expected in:     <809C6508-0AA6-3F8A-B97A-FB2AAC816547> /Users/brash/root_install/lib/libCore.so
Error in <TInterpreter::TCling::AutoLoad>: failure loading library libPodd.dylib for THaEventHeader
cling::DynamicLibraryManager::loadLibrary(): dlopen(/usr/local/lib/libPodd.1.7.7.dylib, 0x0009): Symbol not found: __ZN4ROOT17TGenericClassInfoC1EPKcS2_iRKSt9type_infoPKNS_8Internal13TInitBehaviorEPFP6TClassvEP16TVirtualIsAProxyii
  Referenced from: <334F6564-7E62-31ED-BDED-A5DF84D9522F> /usr/local/lib/libPodd.1.7.7.dylib
  Expected in:     <809C6508-0AA6-3F8A-B97A-FB2AAC816547> /Users/brash/root_install/lib/libCore.so
Error in <TInterpreter::TCling::AutoLoad>: failure loading library libPodd.dylib for THaEventHeader
cling::DynamicLibraryManager::loadLibrary(): dlopen(/usr/local/lib/libPodd.1.7.7.dylib, 0x0009): Symbol not found: __ZN4ROOT17TGenericClassInfoC1EPKcS2_iRKSt9type_infoPKNS_8Internal13TInitBehaviorEPFP6TClassvEP16TVirtualIsAProxyii
  Referenced from: <334F6564-7E62-31ED-BDED-A5DF84D9522F> /usr/local/lib/libPodd.1.7.7.dylib
  Expected in:     <809C6508-0AA6-3F8A-B97A-FB2AAC816547> /Users/brash/root_install/lib/libCore.so
Error in <TInterpreter::TCling::AutoLoad>: failure loading library libPodd.dylib for THaEventHeader
cling::DynamicLibraryManager::loadLibrary(): dlopen(/usr/local/lib/libPodd.1.7.7.dylib, 0x0009): Symbol not found: __ZN4ROOT17TGenericClassInfoC1EPKcS2_iRKSt9type_infoPKNS_8Internal13TInitBehaviorEPFP6TClassvEP16TVirtualIsAProxyii
  Referenced from: <334F6564-7E62-31ED-BDED-A5DF84D9522F> /usr/local/lib/libPodd.1.7.7.dylib
  Expected in:     <809C6508-0AA6-3F8A-B97A-FB2AAC816547> /Users/brash/root_install/lib/libCore.so
Error in <TInterpreter::TCling::AutoLoad>: failure loading library libPodd.dylib for THaEventHeader
cling::DynamicLibraryManager::loadLibrary(): dlopen(/usr/local/lib/libPodd.1.7.7.dylib, 0x0009): Symbol not found: __ZN4ROOT17TGenericClassInfoC1EPKcS2_iRKSt9type_infoPKNS_8Internal13TInitBehaviorEPFP6TClassvEP16TVirtualIsAProxyii
  Referenced from: <334F6564-7E62-31ED-BDED-A5DF84D9522F> /usr/local/lib/libPodd.1.7.7.dylib
  Expected in:     <809C6508-0AA6-3F8A-B97A-FB2AAC816547> /Users/brash/root_install/lib/libCore.so
Error in <TInterpreter::TCling::AutoLoad>: failure loading library libPodd.dylib for THaEventHeader
cling::DynamicLibraryManager::loadLibrary(): dlopen(/usr/local/lib/libPodd.1.7.7.dylib, 0x0009): Symbol not found: __ZN4ROOT17TGenericClassInfoC1EPKcS2_iRKSt9type_infoPKNS_8Internal13TInitBehaviorEPFP6TClassvEP16TVirtualIsAProxyii
  Referenced from: <334F6564-7E62-31ED-BDED-A5DF84D9522F> /usr/local/lib/libPodd.1.7.7.dylib
  Expected in:     <809C6508-0AA6-3F8A-B97A-FB2AAC816547> /Users/brash/root_install/lib/libCore.so
Error in <TInterpreter::TCling::AutoLoad>: failure loading library libPodd.dylib for THaEventHeader
cling::DynamicLibraryManager::loadLibrary(): dlopen(/usr/local/lib/libPodd.1.7.7.dylib, 0x0009): Symbol not found: __ZN4ROOT17TGenericClassInfoC1EPKcS2_iRKSt9type_infoPKNS_8Internal13TInitBehaviorEPFP6TClassvEP16TVirtualIsAProxyii
  Referenced from: <334F6564-7E62-31ED-BDED-A5DF84D9522F> /usr/local/lib/libPodd.1.7.7.dylib
  Expected in:     <809C6508-0AA6-3F8A-B97A-FB2AAC816547> /Users/brash/root_install/lib/libCore.so
Error in <TInterpreter::TCling::AutoLoad>: failure loading library libPodd.dylib for THaEventHeader
cling::DynamicLibraryManager::loadLibrary(): dlopen(/usr/local/lib/libPodd.1.7.7.dylib, 0x0009): Symbol not found: __ZN4ROOT17TGenericClassInfoC1EPKcS2_iRKSt9type_infoPKNS_8Internal13TInitBehaviorEPFP6TClassvEP16TVirtualIsAProxyii
  Referenced from: <334F6564-7E62-31ED-BDED-A5DF84D9522F> /usr/local/lib/libPodd.1.7.7.dylib
  Expected in:     <809C6508-0AA6-3F8A-B97A-FB2AAC816547> /Users/brash/root_install/lib/libCore.so
Error in <TInterpreter::TCling::AutoLoad>: failure loading library libPodd.dylib for THaEventHeader
Warning in <TClass::Init>: no dictionary for class THaEventHeader is available
cling::DynamicLibraryManager::loadLibrary(): dlopen(/usr/local/lib/libPodd.1.7.7.dylib, 0x0009): Symbol not found: __ZN4ROOT17TGenericClassInfoC1EPKcS2_iRKSt9type_infoPKNS_8Internal13TInitBehaviorEPFP6TClassvEP16TVirtualIsAProxyii
  Referenced from: <334F6564-7E62-31ED-BDED-A5DF84D9522F> /usr/local/lib/libPodd.1.7.7.dylib
  Expected in:     <809C6508-0AA6-3F8A-B97A-FB2AAC816547> /Users/brash/root_install/lib/libCore.so
Error in <TInterpreter::TCling::AutoLoad>: failure loading library libPodd.dylib for Podd::MultiFileRun
cling::DynamicLibraryManager::loadLibrary(): dlopen(/usr/local/lib/libPodd.1.7.7.dylib, 0x0009): Symbol not found: __ZN4ROOT17TGenericClassInfoC1EPKcS2_iRKSt9type_infoPKNS_8Internal13TInitBehaviorEPFP6TClassvEP16TVirtualIsAProxyii
  Referenced from: <334F6564-7E62-31ED-BDED-A5DF84D9522F> /usr/local/lib/libPodd.1.7.7.dylib
  Expected in:     <809C6508-0AA6-3F8A-B97A-FB2AAC816547> /Users/brash/root_install/lib/libCore.so
Error in <TInterpreter::TCling::AutoLoad>: failure loading library libPodd.dylib for Podd
cling::DynamicLibraryManager::loadLibrary(): dlopen(/usr/local/lib/libPodd.1.7.7.dylib, 0x0009): Symbol not found: __ZN4ROOT17TGenericClassInfoC1EPKcS2_iRKSt9type_infoPKNS_8Internal13TInitBehaviorEPFP6TClassvEP16TVirtualIsAProxyii
  Referenced from: <334F6564-7E62-31ED-BDED-A5DF84D9522F> /usr/local/lib/libPodd.1.7.7.dylib
  Expected in:     <809C6508-0AA6-3F8A-B97A-FB2AAC816547> /Users/brash/root_install/lib/libCore.so
Error in <TInterpreter::TCling::AutoLoad>: failure loading library libPodd.dylib for Podd::MultiFileRun
cling::DynamicLibraryManager::loadLibrary(): dlopen(/usr/local/lib/libPodd.1.7.7.dylib, 0x0009): Symbol not found: __ZN4ROOT17TGenericClassInfoC1EPKcS2_iRKSt9type_infoPKNS_8Internal13TInitBehaviorEPFP6TClassvEP16TVirtualIsAProxyii
  Referenced from: <334F6564-7E62-31ED-BDED-A5DF84D9522F> /usr/local/lib/libPodd.1.7.7.dylib
  Expected in:     <809C6508-0AA6-3F8A-B97A-FB2AAC816547> /Users/brash/root_install/lib/libCore.so
Error in <TInterpreter::TCling::AutoLoad>: failure loading library libPodd.dylib for Podd
cling::DynamicLibraryManager::loadLibrary(): dlopen(/usr/local/lib/libPodd.1.7.7.dylib, 0x0009): Symbol not found: __ZN4ROOT17TGenericClassInfoC1EPKcS2_iRKSt9type_infoPKNS_8Internal13TInitBehaviorEPFP6TClassvEP16TVirtualIsAProxyii
  Referenced from: <334F6564-7E62-31ED-BDED-A5DF84D9522F> /usr/local/lib/libPodd.1.7.7.dylib
  Expected in:     <809C6508-0AA6-3F8A-B97A-FB2AAC816547> /Users/brash/root_install/lib/libCore.so
Error in <TInterpreter::TCling::AutoLoad>: failure loading library libPodd.dylib for Podd
Warning in <TClass::Init>: no dictionary for class Podd::MultiFileRun is available
cling::DynamicLibraryManager::loadLibrary(): dlopen(/usr/local/lib/libPodd.1.7.7.dylib, 0x0009): Symbol not found: __ZN4ROOT17TGenericClassInfoC1EPKcS2_iRKSt9type_infoPKNS_8Internal13TInitBehaviorEPFP6TClassvEP16TVirtualIsAProxyii
  Referenced from: <334F6564-7E62-31ED-BDED-A5DF84D9522F> /usr/local/lib/libPodd.1.7.7.dylib
  Expected in:     <809C6508-0AA6-3F8A-B97A-FB2AAC816547> /Users/brash/root_install/lib/libCore.so
Error in <TInterpreter::TCling::AutoLoad>: failure loading library libPodd.dylib for THaRun
cling::DynamicLibraryManager::loadLibrary(): dlopen(/usr/local/lib/libPodd.1.7.7.dylib, 0x0009): Symbol not found: __ZN4ROOT17TGenericClassInfoC1EPKcS2_iRKSt9type_infoPKNS_8Internal13TInitBehaviorEPFP6TClassvEP16TVirtualIsAProxyii
  Referenced from: <334F6564-7E62-31ED-BDED-A5DF84D9522F> /usr/local/lib/libPodd.1.7.7.dylib
  Expected in:     <809C6508-0AA6-3F8A-B97A-FB2AAC816547> /Users/brash/root_install/lib/libCore.so
Error in <TInterpreter::TCling::AutoLoad>: failure loading library libPodd.dylib for THaRun
cling::DynamicLibraryManager::loadLibrary(): dlopen(/usr/local/lib/libPodd.1.7.7.dylib, 0x0009): Symbol not found: __ZN4ROOT17TGenericClassInfoC1EPKcS2_iRKSt9type_infoPKNS_8Internal13TInitBehaviorEPFP6TClassvEP16TVirtualIsAProxyii
  Referenced from: <334F6564-7E62-31ED-BDED-A5DF84D9522F> /usr/local/lib/libPodd.1.7.7.dylib
  Expected in:     <809C6508-0AA6-3F8A-B97A-FB2AAC816547> /Users/brash/root_install/lib/libCore.so
Error in <TInterpreter::TCling::AutoLoad>: failure loading library libPodd.dylib for THaRun
cling::DynamicLibraryManager::loadLibrary(): dlopen(/usr/local/lib/libPodd.1.7.7.dylib, 0x0009): Symbol not found: __ZN4ROOT17TGenericClassInfoC1EPKcS2_iRKSt9type_infoPKNS_8Internal13TInitBehaviorEPFP6TClassvEP16TVirtualIsAProxyii
  Referenced from: <334F6564-7E62-31ED-BDED-A5DF84D9522F> /usr/local/lib/libPodd.1.7.7.dylib
  Expected in:     <809C6508-0AA6-3F8A-B97A-FB2AAC816547> /Users/brash/root_install/lib/libCore.so
Error in <TInterpreter::TCling::AutoLoad>: failure loading library libPodd.dylib for THaRun
cling::DynamicLibraryManager::loadLibrary(): dlopen(/usr/local/lib/libPodd.1.7.7.dylib, 0x0009): Symbol not found: __ZN4ROOT17TGenericClassInfoC1EPKcS2_iRKSt9type_infoPKNS_8Internal13TInitBehaviorEPFP6TClassvEP16TVirtualIsAProxyii
  Referenced from: <334F6564-7E62-31ED-BDED-A5DF84D9522F> /usr/local/lib/libPodd.1.7.7.dylib
  Expected in:     <809C6508-0AA6-3F8A-B97A-FB2AAC816547> /Users/brash/root_install/lib/libCore.so
Error in <TInterpreter::TCling::AutoLoad>: failure loading library libPodd.dylib for THaRun
cling::DynamicLibraryManager::loadLibrary(): dlopen(/usr/local/lib/libPodd.1.7.7.dylib, 0x0009): Symbol not found: __ZN4ROOT17TGenericClassInfoC1EPKcS2_iRKSt9type_infoPKNS_8Internal13TInitBehaviorEPFP6TClassvEP16TVirtualIsAProxyii
  Referenced from: <334F6564-7E62-31ED-BDED-A5DF84D9522F> /usr/local/lib/libPodd.1.7.7.dylib
  Expected in:     <809C6508-0AA6-3F8A-B97A-FB2AAC816547> /Users/brash/root_install/lib/libCore.so
Error in <TInterpreter::TCling::AutoLoad>: failure loading library libPodd.dylib for THaRun
cling::DynamicLibraryManager::loadLibrary(): dlopen(/usr/local/lib/libPodd.1.7.7.dylib, 0x0009): Symbol not found: __ZN4ROOT17TGenericClassInfoC1EPKcS2_iRKSt9type_infoPKNS_8Internal13TInitBehaviorEPFP6TClassvEP16TVirtualIsAProxyii
  Referenced from: <334F6564-7E62-31ED-BDED-A5DF84D9522F> /usr/local/lib/libPodd.1.7.7.dylib
  Expected in:     <809C6508-0AA6-3F8A-B97A-FB2AAC816547> /Users/brash/root_install/lib/libCore.so
Error in <TInterpreter::TCling::AutoLoad>: failure loading library libPodd.dylib for THaRun
cling::DynamicLibraryManager::loadLibrary(): dlopen(/usr/local/lib/libPodd.1.7.7.dylib, 0x0009): Symbol not found: __ZN4ROOT17TGenericClassInfoC1EPKcS2_iRKSt9type_infoPKNS_8Internal13TInitBehaviorEPFP6TClassvEP16TVirtualIsAProxyii
  Referenced from: <334F6564-7E62-31ED-BDED-A5DF84D9522F> /usr/local/lib/libPodd.1.7.7.dylib
  Expected in:     <809C6508-0AA6-3F8A-B97A-FB2AAC816547> /Users/brash/root_install/lib/libCore.so
Error in <TInterpreter::TCling::AutoLoad>: failure loading library libPodd.dylib for THaRun
Warning in <TClass::Init>: no dictionary for class THaRun is available
cling::DynamicLibraryManager::loadLibrary(): dlopen(/usr/local/lib/libPodd.1.7.7.dylib, 0x0009): Symbol not found: __ZN4ROOT17TGenericClassInfoC1EPKcS2_iRKSt9type_infoPKNS_8Internal13TInitBehaviorEPFP6TClassvEP16TVirtualIsAProxyii
  Referenced from: <334F6564-7E62-31ED-BDED-A5DF84D9522F> /usr/local/lib/libPodd.1.7.7.dylib
  Expected in:     <809C6508-0AA6-3F8A-B97A-FB2AAC816547> /Users/brash/root_install/lib/libCore.so
Error in <TInterpreter::TCling::AutoLoad>: failure loading library libPodd.dylib for THaCodaRun
cling::DynamicLibraryManager::loadLibrary(): dlopen(/usr/local/lib/libPodd.1.7.7.dylib, 0x0009): Symbol not found: __ZN4ROOT17TGenericClassInfoC1EPKcS2_iRKSt9type_infoPKNS_8Internal13TInitBehaviorEPFP6TClassvEP16TVirtualIsAProxyii
  Referenced from: <334F6564-7E62-31ED-BDED-A5DF84D9522F> /usr/local/lib/libPodd.1.7.7.dylib
  Expected in:     <809C6508-0AA6-3F8A-B97A-FB2AAC816547> /Users/brash/root_install/lib/libCore.so
Error in <TInterpreter::TCling::AutoLoad>: failure loading library libPodd.dylib for THaCodaRun
cling::DynamicLibraryManager::loadLibrary(): dlopen(/usr/local/lib/libPodd.1.7.7.dylib, 0x0009): Symbol not found: __ZN4ROOT17TGenericClassInfoC1EPKcS2_iRKSt9type_infoPKNS_8Internal13TInitBehaviorEPFP6TClassvEP16TVirtualIsAProxyii
  Referenced from: <334F6564-7E62-31ED-BDED-A5DF84D9522F> /usr/local/lib/libPodd.1.7.7.dylib
  Expected in:     <809C6508-0AA6-3F8A-B97A-FB2AAC816547> /Users/brash/root_install/lib/libCore.so
Error in <TInterpreter::TCling::AutoLoad>: failure loading library libPodd.dylib for THaCodaRun
cling::DynamicLibraryManager::loadLibrary(): dlopen(/usr/local/lib/libPodd.1.7.7.dylib, 0x0009): Symbol not found: __ZN4ROOT17TGenericClassInfoC1EPKcS2_iRKSt9type_infoPKNS_8Internal13TInitBehaviorEPFP6TClassvEP16TVirtualIsAProxyii
  Referenced from: <334F6564-7E62-31ED-BDED-A5DF84D9522F> /usr/local/lib/libPodd.1.7.7.dylib
  Expected in:     <809C6508-0AA6-3F8A-B97A-FB2AAC816547> /Users/brash/root_install/lib/libCore.so
Error in <TInterpreter::TCling::AutoLoad>: failure loading library libPodd.dylib for THaCodaRun
cling::DynamicLibraryManager::loadLibrary(): dlopen(/usr/local/lib/libPodd.1.7.7.dylib, 0x0009): Symbol not found: __ZN4ROOT17TGenericClassInfoC1EPKcS2_iRKSt9type_infoPKNS_8Internal13TInitBehaviorEPFP6TClassvEP16TVirtualIsAProxyii
  Referenced from: <334F6564-7E62-31ED-BDED-A5DF84D9522F> /usr/local/lib/libPodd.1.7.7.dylib
  Expected in:     <809C6508-0AA6-3F8A-B97A-FB2AAC816547> /Users/brash/root_install/lib/libCore.so
Error in <TInterpreter::TCling::AutoLoad>: failure loading library libPodd.dylib for THaCodaRun
cling::DynamicLibraryManager::loadLibrary(): dlopen(/usr/local/lib/libPodd.1.7.7.dylib, 0x0009): Symbol not found: __ZN4ROOT17TGenericClassInfoC1EPKcS2_iRKSt9type_infoPKNS_8Internal13TInitBehaviorEPFP6TClassvEP16TVirtualIsAProxyii
  Referenced from: <334F6564-7E62-31ED-BDED-A5DF84D9522F> /usr/local/lib/libPodd.1.7.7.dylib
  Expected in:     <809C6508-0AA6-3F8A-B97A-FB2AAC816547> /Users/brash/root_install/lib/libCore.so
Error in <TInterpreter::TCling::AutoLoad>: failure loading library libPodd.dylib for THaCodaRun
cling::DynamicLibraryManager::loadLibrary(): dlopen(/usr/local/lib/libPodd.1.7.7.dylib, 0x0009): Symbol not found: __ZN4ROOT17TGenericClassInfoC1EPKcS2_iRKSt9type_infoPKNS_8Internal13TInitBehaviorEPFP6TClassvEP16TVirtualIsAProxyii
  Referenced from: <334F6564-7E62-31ED-BDED-A5DF84D9522F> /usr/local/lib/libPodd.1.7.7.dylib
  Expected in:     <809C6508-0AA6-3F8A-B97A-FB2AAC816547> /Users/brash/root_install/lib/libCore.so
Error in <TInterpreter::TCling::AutoLoad>: failure loading library libPodd.dylib for THaCodaRun
cling::DynamicLibraryManager::loadLibrary(): dlopen(/usr/local/lib/libPodd.1.7.7.dylib, 0x0009): Symbol not found: __ZN4ROOT17TGenericClassInfoC1EPKcS2_iRKSt9type_infoPKNS_8Internal13TInitBehaviorEPFP6TClassvEP16TVirtualIsAProxyii
  Referenced from: <334F6564-7E62-31ED-BDED-A5DF84D9522F> /usr/local/lib/libPodd.1.7.7.dylib
  Expected in:     <809C6508-0AA6-3F8A-B97A-FB2AAC816547> /Users/brash/root_install/lib/libCore.so
Error in <TInterpreter::TCling::AutoLoad>: failure loading library libPodd.dylib for THaCodaRun
Warning in <TClass::Init>: no dictionary for class THaCodaRun is available
cling::DynamicLibraryManager::loadLibrary(): dlopen(/usr/local/lib/libPodd.1.7.7.dylib, 0x0009): Symbol not found: __ZN4ROOT17TGenericClassInfoC1EPKcS2_iRKSt9type_infoPKNS_8Internal13TInitBehaviorEPFP6TClassvEP16TVirtualIsAProxyii
  Referenced from: <334F6564-7E62-31ED-BDED-A5DF84D9522F> /usr/local/lib/libPodd.1.7.7.dylib
  Expected in:     <809C6508-0AA6-3F8A-B97A-FB2AAC816547> /Users/brash/root_install/lib/libCore.so
Error in <TInterpreter::TCling::AutoLoad>: failure loading library libPodd.dylib for THaRunBase
cling::DynamicLibraryManager::loadLibrary(): dlopen(/usr/local/lib/libPodd.1.7.7.dylib, 0x0009): Symbol not found: __ZN4ROOT17TGenericClassInfoC1EPKcS2_iRKSt9type_infoPKNS_8Internal13TInitBehaviorEPFP6TClassvEP16TVirtualIsAProxyii
  Referenced from: <334F6564-7E62-31ED-BDED-A5DF84D9522F> /usr/local/lib/libPodd.1.7.7.dylib
  Expected in:     <809C6508-0AA6-3F8A-B97A-FB2AAC816547> /Users/brash/root_install/lib/libCore.so
Error in <TInterpreter::TCling::AutoLoad>: failure loading library libPodd.dylib for THaRunBase
cling::DynamicLibraryManager::loadLibrary(): dlopen(/usr/local/lib/libPodd.1.7.7.dylib, 0x0009): Symbol not found: __ZN4ROOT17TGenericClassInfoC1EPKcS2_iRKSt9type_infoPKNS_8Internal13TInitBehaviorEPFP6TClassvEP16TVirtualIsAProxyii
  Referenced from: <334F6564-7E62-31ED-BDED-A5DF84D9522F> /usr/local/lib/libPodd.1.7.7.dylib
  Expected in:     <809C6508-0AA6-3F8A-B97A-FB2AAC816547> /Users/brash/root_install/lib/libCore.so
Error in <TInterpreter::TCling::AutoLoad>: failure loading library libPodd.dylib for THaRunBase
cling::DynamicLibraryManager::loadLibrary(): dlopen(/usr/local/lib/libPodd.1.7.7.dylib, 0x0009): Symbol not found: __ZN4ROOT17TGenericClassInfoC1EPKcS2_iRKSt9type_infoPKNS_8Internal13TInitBehaviorEPFP6TClassvEP16TVirtualIsAProxyii
  Referenced from: <334F6564-7E62-31ED-BDED-A5DF84D9522F> /usr/local/lib/libPodd.1.7.7.dylib
  Expected in:     <809C6508-0AA6-3F8A-B97A-FB2AAC816547> /Users/brash/root_install/lib/libCore.so
Error in <TInterpreter::TCling::AutoLoad>: failure loading library libPodd.dylib for THaRunBase
cling::DynamicLibraryManager::loadLibrary(): dlopen(/usr/local/lib/libPodd.1.7.7.dylib, 0x0009): Symbol not found: __ZN4ROOT17TGenericClassInfoC1EPKcS2_iRKSt9type_infoPKNS_8Internal13TInitBehaviorEPFP6TClassvEP16TVirtualIsAProxyii
  Referenced from: <334F6564-7E62-31ED-BDED-A5DF84D9522F> /usr/local/lib/libPodd.1.7.7.dylib
  Expected in:     <809C6508-0AA6-3F8A-B97A-FB2AAC816547> /Users/brash/root_install/lib/libCore.so
Error in <TInterpreter::TCling::AutoLoad>: failure loading library libPodd.dylib for THaRunBase
cling::DynamicLibraryManager::loadLibrary(): dlopen(/usr/local/lib/libPodd.1.7.7.dylib, 0x0009): Symbol not found: __ZN4ROOT17TGenericClassInfoC1EPKcS2_iRKSt9type_infoPKNS_8Internal13TInitBehaviorEPFP6TClassvEP16TVirtualIsAProxyii
  Referenced from: <334F6564-7E62-31ED-BDED-A5DF84D9522F> /usr/local/lib/libPodd.1.7.7.dylib
  Expected in:     <809C6508-0AA6-3F8A-B97A-FB2AAC816547> /Users/brash/root_install/lib/libCore.so
Error in <TInterpreter::TCling::AutoLoad>: failure loading library libPodd.dylib for THaRunBase
cling::DynamicLibraryManager::loadLibrary(): dlopen(/usr/local/lib/libPodd.1.7.7.dylib, 0x0009): Symbol not found: __ZN4ROOT17TGenericClassInfoC1EPKcS2_iRKSt9type_infoPKNS_8Internal13TInitBehaviorEPFP6TClassvEP16TVirtualIsAProxyii
  Referenced from: <334F6564-7E62-31ED-BDED-A5DF84D9522F> /usr/local/lib/libPodd.1.7.7.dylib
  Expected in:     <809C6508-0AA6-3F8A-B97A-FB2AAC816547> /Users/brash/root_install/lib/libCore.so
Error in <TInterpreter::TCling::AutoLoad>: failure loading library libPodd.dylib for THaRunBase
cling::DynamicLibraryManager::loadLibrary(): dlopen(/usr/local/lib/libPodd.1.7.7.dylib, 0x0009): Symbol not found: __ZN4ROOT17TGenericClassInfoC1EPKcS2_iRKSt9type_infoPKNS_8Internal13TInitBehaviorEPFP6TClassvEP16TVirtualIsAProxyii
  Referenced from: <334F6564-7E62-31ED-BDED-A5DF84D9522F> /usr/local/lib/libPodd.1.7.7.dylib
  Expected in:     <809C6508-0AA6-3F8A-B97A-FB2AAC816547> /Users/brash/root_install/lib/libCore.so
Error in <TInterpreter::TCling::AutoLoad>: failure loading library libPodd.dylib for THaRunBase
Warning in <TClass::Init>: no dictionary for class THaRunBase is available
cling::DynamicLibraryManager::loadLibrary(): dlopen(/usr/local/lib/libdc.1.7.7.dylib, 0x0009): Symbol not found: __ZN4ROOT17TGenericClassInfoC1EPKcS2_iRKSt9type_infoPKNS_8Internal13TInitBehaviorEPFP6TClassvEP16TVirtualIsAProxyii
  Referenced from: <96BAE286-467C-3F66-A2D6-A8D580E6E3B0> /usr/local/lib/libdc.1.7.7.dylib
  Expected in:     <809C6508-0AA6-3F8A-B97A-FB2AAC816547> /Users/brash/root_install/lib/libCore.so
Error in <TInterpreter::TCling::AutoLoad>: failure loading library libdc.dylib for DAQInfoExtra
cling::DynamicLibraryManager::loadLibrary(): dlopen(/usr/local/lib/libdc.1.7.7.dylib, 0x0009): Symbol not found: __ZN4ROOT17TGenericClassInfoC1EPKcS2_iRKSt9type_infoPKNS_8Internal13TInitBehaviorEPFP6TClassvEP16TVirtualIsAProxyii
  Referenced from: <96BAE286-467C-3F66-A2D6-A8D580E6E3B0> /usr/local/lib/libdc.1.7.7.dylib
  Expected in:     <809C6508-0AA6-3F8A-B97A-FB2AAC816547> /Users/brash/root_install/lib/libCore.so
Error in <TInterpreter::TCling::AutoLoad>: failure loading library libdc.dylib for DAQInfoExtra
cling::DynamicLibraryManager::loadLibrary(): dlopen(/usr/local/lib/libdc.1.7.7.dylib, 0x0009): Symbol not found: __ZN4ROOT17TGenericClassInfoC1EPKcS2_iRKSt9type_infoPKNS_8Internal13TInitBehaviorEPFP6TClassvEP16TVirtualIsAProxyii
  Referenced from: <96BAE286-467C-3F66-A2D6-A8D580E6E3B0> /usr/local/lib/libdc.1.7.7.dylib
  Expected in:     <809C6508-0AA6-3F8A-B97A-FB2AAC816547> /Users/brash/root_install/lib/libCore.so
Error in <TInterpreter::TCling::AutoLoad>: failure loading library libdc.dylib for DAQInfoExtra
cling::DynamicLibraryManager::loadLibrary(): dlopen(/usr/local/lib/libdc.1.7.7.dylib, 0x0009): Symbol not found: __ZN4ROOT17TGenericClassInfoC1EPKcS2_iRKSt9type_infoPKNS_8Internal13TInitBehaviorEPFP6TClassvEP16TVirtualIsAProxyii
  Referenced from: <96BAE286-467C-3F66-A2D6-A8D580E6E3B0> /usr/local/lib/libdc.1.7.7.dylib
  Expected in:     <809C6508-0AA6-3F8A-B97A-FB2AAC816547> /Users/brash/root_install/lib/libCore.so
Error in <TInterpreter::TCling::AutoLoad>: failure loading library libdc.dylib for DAQInfoExtra
cling::DynamicLibraryManager::loadLibrary(): dlopen(/usr/local/lib/libdc.1.7.7.dylib, 0x0009): Symbol not found: __ZN4ROOT17TGenericClassInfoC1EPKcS2_iRKSt9type_infoPKNS_8Internal13TInitBehaviorEPFP6TClassvEP16TVirtualIsAProxyii
  Referenced from: <96BAE286-467C-3F66-A2D6-A8D580E6E3B0> /usr/local/lib/libdc.1.7.7.dylib
  Expected in:     <809C6508-0AA6-3F8A-B97A-FB2AAC816547> /Users/brash/root_install/lib/libCore.so
Error in <TInterpreter::TCling::AutoLoad>: failure loading library libdc.dylib for DAQInfoExtra
cling::DynamicLibraryManager::loadLibrary(): dlopen(/usr/local/lib/libdc.1.7.7.dylib, 0x0009): Symbol not found: __ZN4ROOT17TGenericClassInfoC1EPKcS2_iRKSt9type_infoPKNS_8Internal13TInitBehaviorEPFP6TClassvEP16TVirtualIsAProxyii
  Referenced from: <96BAE286-467C-3F66-A2D6-A8D580E6E3B0> /usr/local/lib/libdc.1.7.7.dylib
  Expected in:     <809C6508-0AA6-3F8A-B97A-FB2AAC816547> /Users/brash/root_install/lib/libCore.so
Error in <TInterpreter::TCling::AutoLoad>: failure loading library libdc.dylib for DAQInfoExtra
cling::DynamicLibraryManager::loadLibrary(): dlopen(/usr/local/lib/libdc.1.7.7.dylib, 0x0009): Symbol not found: __ZN4ROOT17TGenericClassInfoC1EPKcS2_iRKSt9type_infoPKNS_8Internal13TInitBehaviorEPFP6TClassvEP16TVirtualIsAProxyii
  Referenced from: <96BAE286-467C-3F66-A2D6-A8D580E6E3B0> /usr/local/lib/libdc.1.7.7.dylib
  Expected in:     <809C6508-0AA6-3F8A-B97A-FB2AAC816547> /Users/brash/root_install/lib/libCore.so
Error in <TInterpreter::TCling::AutoLoad>: failure loading library libdc.dylib for DAQInfoExtra
cling::DynamicLibraryManager::loadLibrary(): dlopen(/usr/local/lib/libdc.1.7.7.dylib, 0x0009): Symbol not found: __ZN4ROOT17TGenericClassInfoC1EPKcS2_iRKSt9type_infoPKNS_8Internal13TInitBehaviorEPFP6TClassvEP16TVirtualIsAProxyii
  Referenced from: <96BAE286-467C-3F66-A2D6-A8D580E6E3B0> /usr/local/lib/libdc.1.7.7.dylib
  Expected in:     <809C6508-0AA6-3F8A-B97A-FB2AAC816547> /Users/brash/root_install/lib/libCore.so
Error in <TInterpreter::TCling::AutoLoad>: failure loading library libdc.dylib for DAQInfoExtra
Warning in <TClass::Init>: no dictionary for class DAQInfoExtra is available
cling::DynamicLibraryManager::loadLibrary(): dlopen(/usr/local/lib/libdc.1.7.7.dylib, 0x0009): Symbol not found: __ZN4ROOT17TGenericClassInfoC1EPKcS2_iRKSt9type_infoPKNS_8Internal13TInitBehaviorEPFP6TClassvEP16TVirtualIsAProxyii
  Referenced from: <96BAE286-467C-3F66-A2D6-A8D580E6E3B0> /usr/local/lib/libdc.1.7.7.dylib
  Expected in:     <809C6508-0AA6-3F8A-B97A-FB2AAC816547> /Users/brash/root_install/lib/libCore.so
Error in <TInterpreter::TCling::AutoLoad>: failure loading library libdc.dylib for DAQconfig
cling::DynamicLibraryManager::loadLibrary(): dlopen(/usr/local/lib/libdc.1.7.7.dylib, 0x0009): Symbol not found: __ZN4ROOT17TGenericClassInfoC1EPKcS2_iRKSt9type_infoPKNS_8Internal13TInitBehaviorEPFP6TClassvEP16TVirtualIsAProxyii
  Referenced from: <96BAE286-467C-3F66-A2D6-A8D580E6E3B0> /usr/local/lib/libdc.1.7.7.dylib
  Expected in:     <809C6508-0AA6-3F8A-B97A-FB2AAC816547> /Users/brash/root_install/lib/libCore.so
Error in <TInterpreter::TCling::AutoLoad>: failure loading library libdc.dylib for DAQconfig
cling::DynamicLibraryManager::loadLibrary(): dlopen(/usr/local/lib/libdc.1.7.7.dylib, 0x0009): Symbol not found: __ZN4ROOT17TGenericClassInfoC1EPKcS2_iRKSt9type_infoPKNS_8Internal13TInitBehaviorEPFP6TClassvEP16TVirtualIsAProxyii
  Referenced from: <96BAE286-467C-3F66-A2D6-A8D580E6E3B0> /usr/local/lib/libdc.1.7.7.dylib
  Expected in:     <809C6508-0AA6-3F8A-B97A-FB2AAC816547> /Users/brash/root_install/lib/libCore.so
Error in <TInterpreter::TCling::AutoLoad>: failure loading library libdc.dylib for DAQconfig
cling::DynamicLibraryManager::loadLibrary(): dlopen(/usr/local/lib/libdc.1.7.7.dylib, 0x0009): Symbol not found: __ZN4ROOT17TGenericClassInfoC1EPKcS2_iRKSt9type_infoPKNS_8Internal13TInitBehaviorEPFP6TClassvEP16TVirtualIsAProxyii
  Referenced from: <96BAE286-467C-3F66-A2D6-A8D580E6E3B0> /usr/local/lib/libdc.1.7.7.dylib
  Expected in:     <809C6508-0AA6-3F8A-B97A-FB2AAC816547> /Users/brash/root_install/lib/libCore.so
Error in <TInterpreter::TCling::AutoLoad>: failure loading library libdc.dylib for DAQconfig
cling::DynamicLibraryManager::loadLibrary(): dlopen(/usr/local/lib/libdc.1.7.7.dylib, 0x0009): Symbol not found: __ZN4ROOT17TGenericClassInfoC1EPKcS2_iRKSt9type_infoPKNS_8Internal13TInitBehaviorEPFP6TClassvEP16TVirtualIsAProxyii
  Referenced from: <96BAE286-467C-3F66-A2D6-A8D580E6E3B0> /usr/local/lib/libdc.1.7.7.dylib
  Expected in:     <809C6508-0AA6-3F8A-B97A-FB2AAC816547> /Users/brash/root_install/lib/libCore.so
Error in <TInterpreter::TCling::AutoLoad>: failure loading library libdc.dylib for DAQconfig
cling::DynamicLibraryManager::loadLibrary(): dlopen(/usr/local/lib/libdc.1.7.7.dylib, 0x0009): Symbol not found: __ZN4ROOT17TGenericClassInfoC1EPKcS2_iRKSt9type_infoPKNS_8Internal13TInitBehaviorEPFP6TClassvEP16TVirtualIsAProxyii
  Referenced from: <96BAE286-467C-3F66-A2D6-A8D580E6E3B0> /usr/local/lib/libdc.1.7.7.dylib
  Expected in:     <809C6508-0AA6-3F8A-B97A-FB2AAC816547> /Users/brash/root_install/lib/libCore.so
Error in <TInterpreter::TCling::AutoLoad>: failure loading library libdc.dylib for DAQconfig
cling::DynamicLibraryManager::loadLibrary(): dlopen(/usr/local/lib/libdc.1.7.7.dylib, 0x0009): Symbol not found: __ZN4ROOT17TGenericClassInfoC1EPKcS2_iRKSt9type_infoPKNS_8Internal13TInitBehaviorEPFP6TClassvEP16TVirtualIsAProxyii
  Referenced from: <96BAE286-467C-3F66-A2D6-A8D580E6E3B0> /usr/local/lib/libdc.1.7.7.dylib
  Expected in:     <809C6508-0AA6-3F8A-B97A-FB2AAC816547> /Users/brash/root_install/lib/libCore.so
Error in <TInterpreter::TCling::AutoLoad>: failure loading library libdc.dylib for DAQconfig
cling::DynamicLibraryManager::loadLibrary(): dlopen(/usr/local/lib/libdc.1.7.7.dylib, 0x0009): Symbol not found: __ZN4ROOT17TGenericClassInfoC1EPKcS2_iRKSt9type_infoPKNS_8Internal13TInitBehaviorEPFP6TClassvEP16TVirtualIsAProxyii
  Referenced from: <96BAE286-467C-3F66-A2D6-A8D580E6E3B0> /usr/local/lib/libdc.1.7.7.dylib
  Expected in:     <809C6508-0AA6-3F8A-B97A-FB2AAC816547> /Users/brash/root_install/lib/libCore.so
Error in <TInterpreter::TCling::AutoLoad>: failure loading library libdc.dylib for DAQconfig
Warning in <TClass::Init>: no dictionary for class DAQconfig is available
cling::DynamicLibraryManager::loadLibrary(): dlopen(/usr/local/lib/libPodd.1.7.7.dylib, 0x0009): Symbol not found: __ZN4ROOT17TGenericClassInfoC1EPKcS2_iRKSt9type_infoPKNS_8Internal13TInitBehaviorEPFP6TClassvEP16TVirtualIsAProxyii
  Referenced from: <334F6564-7E62-31ED-BDED-A5DF84D9522F> /usr/local/lib/libPodd.1.7.7.dylib
  Expected in:     <809C6508-0AA6-3F8A-B97A-FB2AAC816547> /Users/brash/root_install/lib/libCore.so
Error in <TInterpreter::TCling::AutoLoad>: failure loading library libPodd.dylib for Podd::MultiFileRun::StreamInfo
cling::DynamicLibraryManager::loadLibrary(): dlopen(/usr/local/lib/libPodd.1.7.7.dylib, 0x0009): Symbol not found: __ZN4ROOT17TGenericClassInfoC1EPKcS2_iRKSt9type_infoPKNS_8Internal13TInitBehaviorEPFP6TClassvEP16TVirtualIsAProxyii
  Referenced from: <334F6564-7E62-31ED-BDED-A5DF84D9522F> /usr/local/lib/libPodd.1.7.7.dylib
  Expected in:     <809C6508-0AA6-3F8A-B97A-FB2AAC816547> /Users/brash/root_install/lib/libCore.so
Error in <TInterpreter::TCling::AutoLoad>: failure loading library libPodd.dylib for Podd::MultiFileRun
cling::DynamicLibraryManager::loadLibrary(): dlopen(/usr/local/lib/libPodd.1.7.7.dylib, 0x0009): Symbol not found: __ZN4ROOT17TGenericClassInfoC1EPKcS2_iRKSt9type_infoPKNS_8Internal13TInitBehaviorEPFP6TClassvEP16TVirtualIsAProxyii
  Referenced from: <334F6564-7E62-31ED-BDED-A5DF84D9522F> /usr/local/lib/libPodd.1.7.7.dylib
  Expected in:     <809C6508-0AA6-3F8A-B97A-FB2AAC816547> /Users/brash/root_install/lib/libCore.so
Error in <TInterpreter::TCling::AutoLoad>: failure loading library libPodd.dylib for Podd::MultiFileRun::StreamInfo
cling::DynamicLibraryManager::loadLibrary(): dlopen(/usr/local/lib/libPodd.1.7.7.dylib, 0x0009): Symbol not found: __ZN4ROOT17TGenericClassInfoC1EPKcS2_iRKSt9type_infoPKNS_8Internal13TInitBehaviorEPFP6TClassvEP16TVirtualIsAProxyii
  Referenced from: <334F6564-7E62-31ED-BDED-A5DF84D9522F> /usr/local/lib/libPodd.1.7.7.dylib
  Expected in:     <809C6508-0AA6-3F8A-B97A-FB2AAC816547> /Users/brash/root_install/lib/libCore.so
Error in <TInterpreter::TCling::AutoLoad>: failure loading library libPodd.dylib for Podd::MultiFileRun
Warning in <TClass::Init>: no dictionary for class Podd::MultiFileRun::StreamInfo is available
cling::DynamicLibraryManager::loadLibrary(): dlopen(/usr/local/lib/libPodd.1.7.7.dylib, 0x0009): Symbol not found: __ZN4ROOT17TGenericClassInfoC1EPKcS2_iRKSt9type_infoPKNS_8Internal13TInitBehaviorEPFP6TClassvEP16TVirtualIsAProxyii
  Referenced from: <334F6564-7E62-31ED-BDED-A5DF84D9522F> /usr/local/lib/libPodd.1.7.7.dylib
  Expected in:     <809C6508-0AA6-3F8A-B97A-FB2AAC816547> /Users/brash/root_install/lib/libCore.so
Error in <TInterpreter::TCling::AutoLoad>: failure loading library libPodd.dylib for Podd::MultiFileRun::FileInfo
cling::DynamicLibraryManager::loadLibrary(): dlopen(/usr/local/lib/libPodd.1.7.7.dylib, 0x0009): Symbol not found: __ZN4ROOT17TGenericClassInfoC1EPKcS2_iRKSt9type_infoPKNS_8Internal13TInitBehaviorEPFP6TClassvEP16TVirtualIsAProxyii
  Referenced from: <334F6564-7E62-31ED-BDED-A5DF84D9522F> /usr/local/lib/libPodd.1.7.7.dylib
  Expected in:     <809C6508-0AA6-3F8A-B97A-FB2AAC816547> /Users/brash/root_install/lib/libCore.so
Error in <TInterpreter::TCling::AutoLoad>: failure loading library libPodd.dylib for Podd::MultiFileRun
cling::DynamicLibraryManager::loadLibrary(): dlopen(/usr/local/lib/libPodd.1.7.7.dylib, 0x0009): Symbol not found: __ZN4ROOT17TGenericClassInfoC1EPKcS2_iRKSt9type_infoPKNS_8Internal13TInitBehaviorEPFP6TClassvEP16TVirtualIsAProxyii
  Referenced from: <334F6564-7E62-31ED-BDED-A5DF84D9522F> /usr/local/lib/libPodd.1.7.7.dylib
  Expected in:     <809C6508-0AA6-3F8A-B97A-FB2AAC816547> /Users/brash/root_install/lib/libCore.so
Error in <TInterpreter::TCling::AutoLoad>: failure loading library libPodd.dylib for Podd::MultiFileRun::FileInfo
cling::DynamicLibraryManager::loadLibrary(): dlopen(/usr/local/lib/libPodd.1.7.7.dylib, 0x0009): Symbol not found: __ZN4ROOT17TGenericClassInfoC1EPKcS2_iRKSt9type_infoPKNS_8Internal13TInitBehaviorEPFP6TClassvEP16TVirtualIsAProxyii
  Referenced from: <334F6564-7E62-31ED-BDED-A5DF84D9522F> /usr/local/lib/libPodd.1.7.7.dylib
  Expected in:     <809C6508-0AA6-3F8A-B97A-FB2AAC816547> /Users/brash/root_install/lib/libCore.so
Error in <TInterpreter::TCling::AutoLoad>: failure loading library libPodd.dylib for Podd::MultiFileRun
Warning in <TClass::Init>: no dictionary for class Podd::MultiFileRun::FileInfo is available
N entries in tree is 29274
Running analysis for 29274 events
Starting Event Loop
10000/29274/ Nhits = 6
20000/29274/ Nhits = 10
events used for occupancy = 29274
Raw singles-rate validation: 300 hits / (50000 events x 60 ns) = 100000 hits/s (expected 100000 hits/s)
Candidate Events = 29094
Layer 1 Events = 4479     Avg Hits Per Candidate Event = 0.153949
Layer 2 Events = 4683     Avg Hits Per Candidate Event = 0.160961
One Good Layer Events = 9162     Avg Hits Per Candidate Event = 0.31491
[CDet] ECal-time corr enabled with fixed detector calibration: p0=14.8074 p1=0.810203 delta=31.6808 ns
[CDet] Time-walk corr enabled.  p1(L1)=13.988  p1(L2)=15.7649  TOTref(L1)=12  TOTref(L2)=12  calibration fit range=[5, 25] ns; applied to every accepted good hit[CDet] Applying run global timing shift: -9.4103 ns (from file)
nevents with 0 hits = 212
nGoodEvents = 4028
[CDet layer comparison] Loaded configuration CDet_run3603_projection.conf.
[CDet layer comparison] Diagnostic accepted-ToT window: (4, 30) ns for polygon-aware pixel-calibration diagnostics. Run analysis and plotCDetLayersTimeComp do not apply saved polygons.
[plotCDetLayersTimeComp] Layer 1 pixel 480 normalized to bar 30 (pixels 480-495).
Error in <TGaxis::PaintAxis>: wmin (4.500000) == wmax (4.500000)

[CDet projected-half-bar timing]
  accepted layer pairs in the nominal-origin ECal-projected half-bars: 2244
  Layer 1 corrected LE: mean=29.6921 ns, RMS=3.04921 ns
  Layer 2 corrected LE: mean=30.2653 ns, RMS=2.8202 ns
  pair mean corrected LE: mean=29.9787 ns, RMS=2.58719 ns
[CDet y-timing] Layer 1 Left, Sections 1+6: p1=23.5711 +/- 1.54064 ns/m, chi2/NDF=67.6531/15 = 4.510
[CDet y-timing] Layer 1 Left, Sections 2+5: p1=-3.62777 +/- 0.30431 ns/m, chi2/NDF=573.618/52 = 11.031
[CDet y-timing] Layer 1 Left, Sections 3+4: p1=-5.41406 +/- 0.569472 ns/m, chi2/NDF=295.163/45 = 6.559
[CDet y-timing] Layer 1 Right, Sections 1+6: p1=1.06372 +/- 1.65694 ns/m, chi2/NDF=47.7923/18 = 2.655
[CDet y-timing] Layer 1 Right, Sections 2+5: p1=-1.24526 +/- 1.03632 ns/m, chi2/NDF=173.993/40 = 4.350
[CDet y-timing] Layer 1 Right, Sections 3+4: p1=3.66382 +/- 0.430046 ns/m, chi2/NDF=182.212/59 = 3.088
[CDet y-timing] Layer 2 Left, Sections 1+6: p1=-1.98489 +/- 1.66523 ns/m, chi2/NDF=133.315/18 = 7.406
[CDet y-timing] Layer 2 Left, Sections 2+5: p1=-1.13115 +/- 0.265333 ns/m, chi2/NDF=669.794/51 = 13.133
[CDet y-timing] Layer 2 Left, Sections 3+4: p1=-5.18123 +/- 0.469084 ns/m, chi2/NDF=433.252/45 = 9.628
[CDet y-timing] Layer 2 Right, Sections 1+6: p1=-1.45464 +/- 1.60555 ns/m, chi2/NDF=56.0429/22 = 2.547
[CDet y-timing] Layer 2 Right, Sections 2+5: p1=3.36066 +/- 0.819683 ns/m, chi2/NDF=301.71/40 = 7.543
[CDet y-timing] Layer 2 Right, Sections 3+4: p1=4.16037 +/- 0.437685 ns/m, chi2/NDF=108.655/59 = 1.842

[CDet/ECal y fixed-effects fits]
  Half-bar means are removed before estimating each propagation slope.
[CDet y fixed effects] Layer 1 Left, Sections 1+6: slope=nan +/- nan ns/m, entries=0, half-bars=0, NDF=-1
[CDet y fixed effects] Layer 1 Left, Sections 2+5: slope=-0.932919 +/- 0.554201 ns/m, entries=1229, half-bars=5, NDF=1223
[CDet y fixed effects] Layer 1 Left, Sections 3+4: slope=-12.4314 +/- 1.18712 ns/m, entries=465, half-bars=2, NDF=462
[CDet y fixed effects] Layer 1 Right, Sections 1+6: slope=nan +/- nan ns/m, entries=0, half-bars=0, NDF=-1
[CDet y fixed effects] Layer 1 Right, Sections 2+5: slope=7.11093 +/- 2.17422 ns/m, entries=227, half-bars=2, NDF=224
[CDet y fixed effects] Layer 1 Right, Sections 3+4: slope=3.02218 +/- 1.65219 ns/m, entries=105, half-bars=1, NDF=103
[CDet y fixed effects] Layer 2 Left, Sections 1+6: slope=nan +/- nan ns/m, entries=0, half-bars=0, NDF=-1
[CDet y fixed effects] Layer 2 Left, Sections 2+5: slope=-1.27126 +/- 0.514216 ns/m, entries=1288, half-bars=5, NDF=1282
[CDet y fixed effects] Layer 2 Left, Sections 3+4: slope=-13.0609 +/- 0.99288 ns/m, entries=489, half-bars=2, NDF=486
[CDet y fixed effects] Layer 2 Right, Sections 1+6: slope=nan +/- nan ns/m, entries=0, half-bars=0, NDF=-1
[CDet y fixed effects] Layer 2 Right, Sections 2+5: slope=2.49176 +/- 2.09616 ns/m, entries=228, half-bars=2, NDF=225
[CDet y fixed effects] Layer 2 Right, Sections 3+4: slope=3.54282 +/- 1.42777 ns/m, entries=112, half-bars=1, NDF=110
[CDet timing populations] lower vertical: entries=0, mean ToT=0, ToT RMS=0, mean corrected LE=0, LE RMS=0 ns
[CDet timing populations] upper vertical: entries=0, mean ToT=0, ToT RMS=0, mean corrected LE=0, LE RMS=0 ns
[CDet timing populations] diagonal: entries=822, mean ToT=10.2142, ToT RMS=3.73154, mean corrected LE=33.4137, LE RMS=2.35021 ns

[plotCDetLayersTimeComp] Linear fit for <CDet t> vs ECal ADC t:
  <t_CDet> = p0 + p1 * t_ECal
  p0 = 28.3472 +/- 0.11637 ns
  p1 = 0.130672 +/- 0.00831325 (ns/ns)
  chi2/NDF = 48.3386/7 = 6.90552  probability = 3.05707e-08

[plotCDetLayersTimeComp] All Layer 1 hits: p1=0.140137 +/- 0.00957571, chi2/NDF=44.5052/7 = 6.35788, fit_status=0
[plotCDetLayersTimeComp] All Layer 2 hits: p1=0.126852 +/- 0.00861194, chi2/NDF=46.0826/7 = 6.58323, fit_status=0
[plotCDetLayersTimeComp] Layer 1 bar 30: p1=0.0210829 +/- 0.0362221, chi2/NDF=2.32859/1 = 2.32859, fit_status=0

[CDet/ECal fixed-effects timing fit]
  Separate intercepts are removed for every half-bar.
[plotCDetLayersTimeComp] Layer 1 fixed-effects slope: p1=-0.027991 +/- 0.0201717 ns/ns, entries=3938, half-bars=60, NDF=3877
[plotCDetLayersTimeComp] Layer 2 fixed-effects slope: p1=0.0225632 +/- 0.0185967 ns/ns, entries=3941, half-bars=60, NDF=3880
[plotCDetLayersTimeComp] Combined fixed-effects slope: p1=-0.00283649 +/- 0.0137226 ns/ns, entries=7879, half-bars=120, NDF=7758
  The combined fixed-effects slope, not the pooled profile slope, is used for calibration updates.


[CDet/HCal timing control]
  HCal window: -10 to 10 ns
  pooled profile slope: -0.0466044 +/- 0.0167368 ns/ns
[plotCDetLayersTimeComp] Combined CDet/HCal fixed-effects slope: p1=0.00352369 +/- 0.0237835 ns/ns, entries=4529, half-bars=116, NDF=4412

[Frozen p1 qualification]
  frozen hits/events/pairs: 7890/3851/3945
  master p1: 0.810203 ns/ns
  residual: -0.00283649 +/- 0.0137226 ns/ns (0.206702 sigma)
  one-step candidate: 0.807367 ns/ns
  algebraic full-sample closure: -6.28243e-18 +/- 0.0137226 ns/ns
  central-80% ECal span/effect: 12.8289/0.0363889 ns
  pair RMS before/after: 3.01403/3.01696 ns
  fold 0: train=-0.0015268, held-out 0.0108244 -> 0.0123512 +/- 0.0314524, pull=0.392696, improvement=-0.141051, FAIL
  fold 1: train=-0.00570385, held-out 0.00225922 -> 0.00796307 +/- 0.033583, pull=0.237116, improvement=-2.5247, FAIL
  fold 2: train=-0.019101, held-out 0.0465891 -> 0.0656901 +/- 0.0297723, pull=2.20642, improvement=-0.409989, FAIL
  fold 3: train=0.0231608, held-out -0.0614972 -> -0.084658 +/- 0.030036, pull=2.81855, improvement=-0.376616, FAIL
  fold 4: train=-0.00817768, held-out 0.0375281 -> 0.0457058 +/- 0.034385, pull=1.32924, improvement=-0.217908, FAIL
  gates: discovery=0 layers=0 practical=0 closure=1 folds=0 resolution=1
  QUALIFIED: NO
  sample artifact: CDet_run3603_frozen_p1_samples.tsv
  summary: CDet_run3603_frozen_p1_qualification.txt
  CDet_run3603.dat was not modified.
