Processing Run_CDet_Qualify_RunSpecificP1_FrozenSample.C+(3686,-1,"CDet_run3686_projection.conf",5,3.0,0.5,2.0,0.5,1.05)...
[Frozen p1] Loaded configuration CDet_run3686_projection.conf.
[Frozen p1] Diagnostic accepted-ToT window: (4, 30) ns for polygon-aware pixel-calibration diagnostics. Run analysis and plotCDetLayersTimeComp do not apply saved polygons.
[CDet cross-target analysis] Loaded configuration CDet_run3686_projection.conf.
[CDet cross-target analysis] Diagnostic accepted-ToT window: (4, 30) ns for polygon-aware pixel-calibration diagnostics. Run analysis and plotCDetLayersTimeComp do not apply saved polygons.
[CDet cross-target analysis] Authoritative configuration: CDet_run3686_projection.conf; stage 7; events -1.
[CDet cross-target analysis] Effective cuts: ECal ADC time 0 to 35 ns; ECal energy -1e+09 to 1e+09 GeV; Layer 1 hits 1 to 100; Layer 2 hits 1 to 100.
[CDet] Loaded 2688 pixel offsets from 'CDet_calibration_dt.dat'.
[CDet] Loaded ECal timing parameters from 'CDet_calibration_dt.dat': p0=14.8074 p1=0.810203 delta=31.6808 ns (fixed)
[CDet] Loaded time-walk parameters from 'CDet_calibration_dt.dat': p1_L1=13.988 p1_L2=15.7649
[CDet] Calibration stage 7: 7 = apply pixel offsets + ECal timing correction + time-walk correction
        applyPixelOffsets=true  applyECalCorr=true  applyTimeWalk=true
[CDet] Loaded run timing shift from 'CDet_run3686.dat': shift_ns = -9.30404
[CDet] Reference timing subtraction is disabled.
Using single run mode for run 3686
Adding 1 files for run 3686...
  /Users/brash/CDet_replay/sbs/Rootfiles/cdet_3686_stream0_2_seg0_0.root
cling::DynamicLibraryManager::loadLibrary(): dlopen(/usr/local/lib/libPodd.1.7.7.dylib, 0x0009): Symbol not found: __ZN4ROOT17TGenericClassInfoC1EPKcS2_iRKSt9type_infoPKNS_8Internal13TInitBehaviorEPFP6TClassvEP16TVirtualIsAProxyii
  Referenced from: <334F6564-7E62-31ED-BDED-A5DF84D9522F> /usr/local/lib/libPodd.1.7.7.dylib
  Expected in:     <809C6508-0AA6-3F8A-B97A-FB2AAC816547> /Users/brash/root_install/lib/libCore.so
Error in <TInterpreter::TCling::AutoLoad>: failure loading library libPodd.dylib for THaRunParameters
cling::DynamicLibraryManager::loadLibrary(): dlopen(/usr/local/lib/libPodd.1.7.7.dylib, 0x0009): Symbol not found: __ZN4ROOT17TGenericClassInfoC1EPKcS2_iRKSt9type_infoPKNS_8Internal13TInitBehaviorEPFP6TClassvEP16TVirtualIsAProxyii
  Referenced from: <334F6564-7E62-31ED-BDED-A5DF84D9522F> /usr/local/lib/libPodd.1.7.7.dylib
  Expected in:     <809C6508-0AA6-3F8A-B97A-FB2AAC816547> /Users/brash/root_install/lib/libCore.so
Error in <TInterpreter::TCling::AutoLoad>: failure loading library libPodd.dylib for THaRunParameters
cling::DynamicLibraryManager::loadLibrary(): dlopen(/usr/local/lib/libPodd.1.7.7.dylib, 0x0009): Symbol not found: __ZN4ROOT17TGenericClassInfoC1EPKcS2_iRKSt9type_infoPKNS_8Internal13TInitBehaviorEPFP6TClassvEP16TVirtualIsAProxyii
  Referenced from: <334F6564-7E62-31ED-BDED-A5DF84D9522F> /usr/local/lib/libPodd.1.7.7.dylib
  Expected in:     <809C6508-0AA6-3F8A-B97A-FB2AAC816547> /Users/brash/root_install/lib/libCore.so
Error in <TInterpreter::TCling::AutoLoad>: failure loading library libPodd.dylib for THaRunParameters
cling::DynamicLibraryManager::loadLibrary(): dlopen(/usr/local/lib/libPodd.1.7.7.dylib, 0x0009): Symbol not found: __ZN4ROOT17TGenericClassInfoC1EPKcS2_iRKSt9type_infoPKNS_8Internal13TInitBehaviorEPFP6TClassvEP16TVirtualIsAProxyii
  Referenced from: <334F6564-7E62-31ED-BDED-A5DF84D9522F> /usr/local/lib/libPodd.1.7.7.dylib
  Expected in:     <809C6508-0AA6-3F8A-B97A-FB2AAC816547> /Users/brash/root_install/lib/libCore.so
Error in <TInterpreter::TCling::AutoLoad>: failure loading library libPodd.dylib for THaRunParameters
cling::DynamicLibraryManager::loadLibrary(): dlopen(/usr/local/lib/libPodd.1.7.7.dylib, 0x0009): Symbol not found: __ZN4ROOT17TGenericClassInfoC1EPKcS2_iRKSt9type_infoPKNS_8Internal13TInitBehaviorEPFP6TClassvEP16TVirtualIsAProxyii
  Referenced from: <334F6564-7E62-31ED-BDED-A5DF84D9522F> /usr/local/lib/libPodd.1.7.7.dylib
  Expected in:     <809C6508-0AA6-3F8A-B97A-FB2AAC816547> /Users/brash/root_install/lib/libCore.so
Error in <TInterpreter::TCling::AutoLoad>: failure loading library libPodd.dylib for THaRunParameters
cling::DynamicLibraryManager::loadLibrary(): dlopen(/usr/local/lib/libPodd.1.7.7.dylib, 0x0009): Symbol not found: __ZN4ROOT17TGenericClassInfoC1EPKcS2_iRKSt9type_infoPKNS_8Internal13TInitBehaviorEPFP6TClassvEP16TVirtualIsAProxyii
  Referenced from: <334F6564-7E62-31ED-BDED-A5DF84D9522F> /usr/local/lib/libPodd.1.7.7.dylib
  Expected in:     <809C6508-0AA6-3F8A-B97A-FB2AAC816547> /Users/brash/root_install/lib/libCore.so
Error in <TInterpreter::TCling::AutoLoad>: failure loading library libPodd.dylib for THaRunParameters
cling::DynamicLibraryManager::loadLibrary(): dlopen(/usr/local/lib/libPodd.1.7.7.dylib, 0x0009): Symbol not found: __ZN4ROOT17TGenericClassInfoC1EPKcS2_iRKSt9type_infoPKNS_8Internal13TInitBehaviorEPFP6TClassvEP16TVirtualIsAProxyii
  Referenced from: <334F6564-7E62-31ED-BDED-A5DF84D9522F> /usr/local/lib/libPodd.1.7.7.dylib
  Expected in:     <809C6508-0AA6-3F8A-B97A-FB2AAC816547> /Users/brash/root_install/lib/libCore.so
Error in <TInterpreter::TCling::AutoLoad>: failure loading library libPodd.dylib for THaRunParameters
cling::DynamicLibraryManager::loadLibrary(): dlopen(/usr/local/lib/libPodd.1.7.7.dylib, 0x0009): Symbol not found: __ZN4ROOT17TGenericClassInfoC1EPKcS2_iRKSt9type_infoPKNS_8Internal13TInitBehaviorEPFP6TClassvEP16TVirtualIsAProxyii
  Referenced from: <334F6564-7E62-31ED-BDED-A5DF84D9522F> /usr/local/lib/libPodd.1.7.7.dylib
  Expected in:     <809C6508-0AA6-3F8A-B97A-FB2AAC816547> /Users/brash/root_install/lib/libCore.so
Error in <TInterpreter::TCling::AutoLoad>: failure loading library libPodd.dylib for THaRunParameters
Warning in <TClass::Init>: no dictionary for class THaRunParameters is available
cling::DynamicLibraryManager::loadLibrary(): dlopen(/usr/local/lib/libPodd.1.7.7.dylib, 0x0009): Symbol not found: __ZN4ROOT17TGenericClassInfoC1EPKcS2_iRKSt9type_infoPKNS_8Internal13TInitBehaviorEPFP6TClassvEP16TVirtualIsAProxyii
  Referenced from: <334F6564-7E62-31ED-BDED-A5DF84D9522F> /usr/local/lib/libPodd.1.7.7.dylib
  Expected in:     <809C6508-0AA6-3F8A-B97A-FB2AAC816547> /Users/brash/root_install/lib/libCore.so
Error in <TInterpreter::TCling::AutoLoad>: failure loading library libPodd.dylib for THaEvent
cling::DynamicLibraryManager::loadLibrary(): dlopen(/usr/local/lib/libPodd.1.7.7.dylib, 0x0009): Symbol not found: __ZN4ROOT17TGenericClassInfoC1EPKcS2_iRKSt9type_infoPKNS_8Internal13TInitBehaviorEPFP6TClassvEP16TVirtualIsAProxyii
  Referenced from: <334F6564-7E62-31ED-BDED-A5DF84D9522F> /usr/local/lib/libPodd.1.7.7.dylib
  Expected in:     <809C6508-0AA6-3F8A-B97A-FB2AAC816547> /Users/brash/root_install/lib/libCore.so
Error in <TInterpreter::TCling::AutoLoad>: failure loading library libPodd.dylib for THaEvent
cling::DynamicLibraryManager::loadLibrary(): dlopen(/usr/local/lib/libPodd.1.7.7.dylib, 0x0009): Symbol not found: __ZN4ROOT17TGenericClassInfoC1EPKcS2_iRKSt9type_infoPKNS_8Internal13TInitBehaviorEPFP6TClassvEP16TVirtualIsAProxyii
  Referenced from: <334F6564-7E62-31ED-BDED-A5DF84D9522F> /usr/local/lib/libPodd.1.7.7.dylib
  Expected in:     <809C6508-0AA6-3F8A-B97A-FB2AAC816547> /Users/brash/root_install/lib/libCore.so
Error in <TInterpreter::TCling::AutoLoad>: failure loading library libPodd.dylib for THaEvent
cling::DynamicLibraryManager::loadLibrary(): dlopen(/usr/local/lib/libPodd.1.7.7.dylib, 0x0009): Symbol not found: __ZN4ROOT17TGenericClassInfoC1EPKcS2_iRKSt9type_infoPKNS_8Internal13TInitBehaviorEPFP6TClassvEP16TVirtualIsAProxyii
  Referenced from: <334F6564-7E62-31ED-BDED-A5DF84D9522F> /usr/local/lib/libPodd.1.7.7.dylib
  Expected in:     <809C6508-0AA6-3F8A-B97A-FB2AAC816547> /Users/brash/root_install/lib/libCore.so
Error in <TInterpreter::TCling::AutoLoad>: failure loading library libPodd.dylib for THaEvent
cling::DynamicLibraryManager::loadLibrary(): dlopen(/usr/local/lib/libPodd.1.7.7.dylib, 0x0009): Symbol not found: __ZN4ROOT17TGenericClassInfoC1EPKcS2_iRKSt9type_infoPKNS_8Internal13TInitBehaviorEPFP6TClassvEP16TVirtualIsAProxyii
  Referenced from: <334F6564-7E62-31ED-BDED-A5DF84D9522F> /usr/local/lib/libPodd.1.7.7.dylib
  Expected in:     <809C6508-0AA6-3F8A-B97A-FB2AAC816547> /Users/brash/root_install/lib/libCore.so
Error in <TInterpreter::TCling::AutoLoad>: failure loading library libPodd.dylib for THaEvent
cling::DynamicLibraryManager::loadLibrary(): dlopen(/usr/local/lib/libPodd.1.7.7.dylib, 0x0009): Symbol not found: __ZN4ROOT17TGenericClassInfoC1EPKcS2_iRKSt9type_infoPKNS_8Internal13TInitBehaviorEPFP6TClassvEP16TVirtualIsAProxyii
  Referenced from: <334F6564-7E62-31ED-BDED-A5DF84D9522F> /usr/local/lib/libPodd.1.7.7.dylib
  Expected in:     <809C6508-0AA6-3F8A-B97A-FB2AAC816547> /Users/brash/root_install/lib/libCore.so
Error in <TInterpreter::TCling::AutoLoad>: failure loading library libPodd.dylib for THaEvent
cling::DynamicLibraryManager::loadLibrary(): dlopen(/usr/local/lib/libPodd.1.7.7.dylib, 0x0009): Symbol not found: __ZN4ROOT17TGenericClassInfoC1EPKcS2_iRKSt9type_infoPKNS_8Internal13TInitBehaviorEPFP6TClassvEP16TVirtualIsAProxyii
  Referenced from: <334F6564-7E62-31ED-BDED-A5DF84D9522F> /usr/local/lib/libPodd.1.7.7.dylib
  Expected in:     <809C6508-0AA6-3F8A-B97A-FB2AAC816547> /Users/brash/root_install/lib/libCore.so
Error in <TInterpreter::TCling::AutoLoad>: failure loading library libPodd.dylib for THaEvent
cling::DynamicLibraryManager::loadLibrary(): dlopen(/usr/local/lib/libPodd.1.7.7.dylib, 0x0009): Symbol not found: __ZN4ROOT17TGenericClassInfoC1EPKcS2_iRKSt9type_infoPKNS_8Internal13TInitBehaviorEPFP6TClassvEP16TVirtualIsAProxyii
  Referenced from: <334F6564-7E62-31ED-BDED-A5DF84D9522F> /usr/local/lib/libPodd.1.7.7.dylib
  Expected in:     <809C6508-0AA6-3F8A-B97A-FB2AAC816547> /Users/brash/root_install/lib/libCore.so
Error in <TInterpreter::TCling::AutoLoad>: failure loading library libPodd.dylib for THaEvent
Warning in <TClass::Init>: no dictionary for class THaEvent is available
cling::DynamicLibraryManager::loadLibrary(): dlopen(/usr/local/lib/libPodd.1.7.7.dylib, 0x0009): Symbol not found: __ZN4ROOT17TGenericClassInfoC1EPKcS2_iRKSt9type_infoPKNS_8Internal13TInitBehaviorEPFP6TClassvEP16TVirtualIsAProxyii
  Referenced from: <334F6564-7E62-31ED-BDED-A5DF84D9522F> /usr/local/lib/libPodd.1.7.7.dylib
  Expected in:     <809C6508-0AA6-3F8A-B97A-FB2AAC816547> /Users/brash/root_install/lib/libCore.so
Error in <TInterpreter::TCling::AutoLoad>: failure loading library libPodd.dylib for THaEventHeader
cling::DynamicLibraryManager::loadLibrary(): dlopen(/usr/local/lib/libPodd.1.7.7.dylib, 0x0009): Symbol not found: __ZN4ROOT17TGenericClassInfoC1EPKcS2_iRKSt9type_infoPKNS_8Internal13TInitBehaviorEPFP6TClassvEP16TVirtualIsAProxyii
  Referenced from: <334F6564-7E62-31ED-BDED-A5DF84D9522F> /usr/local/lib/libPodd.1.7.7.dylib
  Expected in:     <809C6508-0AA6-3F8A-B97A-FB2AAC816547> /Users/brash/root_install/lib/libCore.so
Error in <TInterpreter::TCling::AutoLoad>: failure loading library libPodd.dylib for THaEventHeader
cling::DynamicLibraryManager::loadLibrary(): dlopen(/usr/local/lib/libPodd.1.7.7.dylib, 0x0009): Symbol not found: __ZN4ROOT17TGenericClassInfoC1EPKcS2_iRKSt9type_infoPKNS_8Internal13TInitBehaviorEPFP6TClassvEP16TVirtualIsAProxyii
  Referenced from: <334F6564-7E62-31ED-BDED-A5DF84D9522F> /usr/local/lib/libPodd.1.7.7.dylib
  Expected in:     <809C6508-0AA6-3F8A-B97A-FB2AAC816547> /Users/brash/root_install/lib/libCore.so
Error in <TInterpreter::TCling::AutoLoad>: failure loading library libPodd.dylib for THaEventHeader
cling::DynamicLibraryManager::loadLibrary(): dlopen(/usr/local/lib/libPodd.1.7.7.dylib, 0x0009): Symbol not found: __ZN4ROOT17TGenericClassInfoC1EPKcS2_iRKSt9type_infoPKNS_8Internal13TInitBehaviorEPFP6TClassvEP16TVirtualIsAProxyii
  Referenced from: <334F6564-7E62-31ED-BDED-A5DF84D9522F> /usr/local/lib/libPodd.1.7.7.dylib
  Expected in:     <809C6508-0AA6-3F8A-B97A-FB2AAC816547> /Users/brash/root_install/lib/libCore.so
Error in <TInterpreter::TCling::AutoLoad>: failure loading library libPodd.dylib for THaEventHeader
cling::DynamicLibraryManager::loadLibrary(): dlopen(/usr/local/lib/libPodd.1.7.7.dylib, 0x0009): Symbol not found: __ZN4ROOT17TGenericClassInfoC1EPKcS2_iRKSt9type_infoPKNS_8Internal13TInitBehaviorEPFP6TClassvEP16TVirtualIsAProxyii
  Referenced from: <334F6564-7E62-31ED-BDED-A5DF84D9522F> /usr/local/lib/libPodd.1.7.7.dylib
  Expected in:     <809C6508-0AA6-3F8A-B97A-FB2AAC816547> /Users/brash/root_install/lib/libCore.so
Error in <TInterpreter::TCling::AutoLoad>: failure loading library libPodd.dylib for THaEventHeader
cling::DynamicLibraryManager::loadLibrary(): dlopen(/usr/local/lib/libPodd.1.7.7.dylib, 0x0009): Symbol not found: __ZN4ROOT17TGenericClassInfoC1EPKcS2_iRKSt9type_infoPKNS_8Internal13TInitBehaviorEPFP6TClassvEP16TVirtualIsAProxyii
  Referenced from: <334F6564-7E62-31ED-BDED-A5DF84D9522F> /usr/local/lib/libPodd.1.7.7.dylib
  Expected in:     <809C6508-0AA6-3F8A-B97A-FB2AAC816547> /Users/brash/root_install/lib/libCore.so
Error in <TInterpreter::TCling::AutoLoad>: failure loading library libPodd.dylib for THaEventHeader
cling::DynamicLibraryManager::loadLibrary(): dlopen(/usr/local/lib/libPodd.1.7.7.dylib, 0x0009): Symbol not found: __ZN4ROOT17TGenericClassInfoC1EPKcS2_iRKSt9type_infoPKNS_8Internal13TInitBehaviorEPFP6TClassvEP16TVirtualIsAProxyii
  Referenced from: <334F6564-7E62-31ED-BDED-A5DF84D9522F> /usr/local/lib/libPodd.1.7.7.dylib
  Expected in:     <809C6508-0AA6-3F8A-B97A-FB2AAC816547> /Users/brash/root_install/lib/libCore.so
Error in <TInterpreter::TCling::AutoLoad>: failure loading library libPodd.dylib for THaEventHeader
cling::DynamicLibraryManager::loadLibrary(): dlopen(/usr/local/lib/libPodd.1.7.7.dylib, 0x0009): Symbol not found: __ZN4ROOT17TGenericClassInfoC1EPKcS2_iRKSt9type_infoPKNS_8Internal13TInitBehaviorEPFP6TClassvEP16TVirtualIsAProxyii
  Referenced from: <334F6564-7E62-31ED-BDED-A5DF84D9522F> /usr/local/lib/libPodd.1.7.7.dylib
  Expected in:     <809C6508-0AA6-3F8A-B97A-FB2AAC816547> /Users/brash/root_install/lib/libCore.so
Error in <TInterpreter::TCling::AutoLoad>: failure loading library libPodd.dylib for THaEventHeader
Warning in <TClass::Init>: no dictionary for class THaEventHeader is available
cling::DynamicLibraryManager::loadLibrary(): dlopen(/usr/local/lib/libPodd.1.7.7.dylib, 0x0009): Symbol not found: __ZN4ROOT17TGenericClassInfoC1EPKcS2_iRKSt9type_infoPKNS_8Internal13TInitBehaviorEPFP6TClassvEP16TVirtualIsAProxyii
  Referenced from: <334F6564-7E62-31ED-BDED-A5DF84D9522F> /usr/local/lib/libPodd.1.7.7.dylib
  Expected in:     <809C6508-0AA6-3F8A-B97A-FB2AAC816547> /Users/brash/root_install/lib/libCore.so
Error in <TInterpreter::TCling::AutoLoad>: failure loading library libPodd.dylib for Podd::MultiFileRun
cling::DynamicLibraryManager::loadLibrary(): dlopen(/usr/local/lib/libPodd.1.7.7.dylib, 0x0009): Symbol not found: __ZN4ROOT17TGenericClassInfoC1EPKcS2_iRKSt9type_infoPKNS_8Internal13TInitBehaviorEPFP6TClassvEP16TVirtualIsAProxyii
  Referenced from: <334F6564-7E62-31ED-BDED-A5DF84D9522F> /usr/local/lib/libPodd.1.7.7.dylib
  Expected in:     <809C6508-0AA6-3F8A-B97A-FB2AAC816547> /Users/brash/root_install/lib/libCore.so
Error in <TInterpreter::TCling::AutoLoad>: failure loading library libPodd.dylib for Podd
cling::DynamicLibraryManager::loadLibrary(): dlopen(/usr/local/lib/libPodd.1.7.7.dylib, 0x0009): Symbol not found: __ZN4ROOT17TGenericClassInfoC1EPKcS2_iRKSt9type_infoPKNS_8Internal13TInitBehaviorEPFP6TClassvEP16TVirtualIsAProxyii
  Referenced from: <334F6564-7E62-31ED-BDED-A5DF84D9522F> /usr/local/lib/libPodd.1.7.7.dylib
  Expected in:     <809C6508-0AA6-3F8A-B97A-FB2AAC816547> /Users/brash/root_install/lib/libCore.so
Error in <TInterpreter::TCling::AutoLoad>: failure loading library libPodd.dylib for Podd::MultiFileRun
cling::DynamicLibraryManager::loadLibrary(): dlopen(/usr/local/lib/libPodd.1.7.7.dylib, 0x0009): Symbol not found: __ZN4ROOT17TGenericClassInfoC1EPKcS2_iRKSt9type_infoPKNS_8Internal13TInitBehaviorEPFP6TClassvEP16TVirtualIsAProxyii
  Referenced from: <334F6564-7E62-31ED-BDED-A5DF84D9522F> /usr/local/lib/libPodd.1.7.7.dylib
  Expected in:     <809C6508-0AA6-3F8A-B97A-FB2AAC816547> /Users/brash/root_install/lib/libCore.so
Error in <TInterpreter::TCling::AutoLoad>: failure loading library libPodd.dylib for Podd
cling::DynamicLibraryManager::loadLibrary(): dlopen(/usr/local/lib/libPodd.1.7.7.dylib, 0x0009): Symbol not found: __ZN4ROOT17TGenericClassInfoC1EPKcS2_iRKSt9type_infoPKNS_8Internal13TInitBehaviorEPFP6TClassvEP16TVirtualIsAProxyii
  Referenced from: <334F6564-7E62-31ED-BDED-A5DF84D9522F> /usr/local/lib/libPodd.1.7.7.dylib
  Expected in:     <809C6508-0AA6-3F8A-B97A-FB2AAC816547> /Users/brash/root_install/lib/libCore.so
Error in <TInterpreter::TCling::AutoLoad>: failure loading library libPodd.dylib for Podd
Warning in <TClass::Init>: no dictionary for class Podd::MultiFileRun is available
cling::DynamicLibraryManager::loadLibrary(): dlopen(/usr/local/lib/libPodd.1.7.7.dylib, 0x0009): Symbol not found: __ZN4ROOT17TGenericClassInfoC1EPKcS2_iRKSt9type_infoPKNS_8Internal13TInitBehaviorEPFP6TClassvEP16TVirtualIsAProxyii
  Referenced from: <334F6564-7E62-31ED-BDED-A5DF84D9522F> /usr/local/lib/libPodd.1.7.7.dylib
  Expected in:     <809C6508-0AA6-3F8A-B97A-FB2AAC816547> /Users/brash/root_install/lib/libCore.so
Error in <TInterpreter::TCling::AutoLoad>: failure loading library libPodd.dylib for THaRun
cling::DynamicLibraryManager::loadLibrary(): dlopen(/usr/local/lib/libPodd.1.7.7.dylib, 0x0009): Symbol not found: __ZN4ROOT17TGenericClassInfoC1EPKcS2_iRKSt9type_infoPKNS_8Internal13TInitBehaviorEPFP6TClassvEP16TVirtualIsAProxyii
  Referenced from: <334F6564-7E62-31ED-BDED-A5DF84D9522F> /usr/local/lib/libPodd.1.7.7.dylib
  Expected in:     <809C6508-0AA6-3F8A-B97A-FB2AAC816547> /Users/brash/root_install/lib/libCore.so
Error in <TInterpreter::TCling::AutoLoad>: failure loading library libPodd.dylib for THaRun
cling::DynamicLibraryManager::loadLibrary(): dlopen(/usr/local/lib/libPodd.1.7.7.dylib, 0x0009): Symbol not found: __ZN4ROOT17TGenericClassInfoC1EPKcS2_iRKSt9type_infoPKNS_8Internal13TInitBehaviorEPFP6TClassvEP16TVirtualIsAProxyii
  Referenced from: <334F6564-7E62-31ED-BDED-A5DF84D9522F> /usr/local/lib/libPodd.1.7.7.dylib
  Expected in:     <809C6508-0AA6-3F8A-B97A-FB2AAC816547> /Users/brash/root_install/lib/libCore.so
Error in <TInterpreter::TCling::AutoLoad>: failure loading library libPodd.dylib for THaRun
cling::DynamicLibraryManager::loadLibrary(): dlopen(/usr/local/lib/libPodd.1.7.7.dylib, 0x0009): Symbol not found: __ZN4ROOT17TGenericClassInfoC1EPKcS2_iRKSt9type_infoPKNS_8Internal13TInitBehaviorEPFP6TClassvEP16TVirtualIsAProxyii
  Referenced from: <334F6564-7E62-31ED-BDED-A5DF84D9522F> /usr/local/lib/libPodd.1.7.7.dylib
  Expected in:     <809C6508-0AA6-3F8A-B97A-FB2AAC816547> /Users/brash/root_install/lib/libCore.so
Error in <TInterpreter::TCling::AutoLoad>: failure loading library libPodd.dylib for THaRun
cling::DynamicLibraryManager::loadLibrary(): dlopen(/usr/local/lib/libPodd.1.7.7.dylib, 0x0009): Symbol not found: __ZN4ROOT17TGenericClassInfoC1EPKcS2_iRKSt9type_infoPKNS_8Internal13TInitBehaviorEPFP6TClassvEP16TVirtualIsAProxyii
  Referenced from: <334F6564-7E62-31ED-BDED-A5DF84D9522F> /usr/local/lib/libPodd.1.7.7.dylib
  Expected in:     <809C6508-0AA6-3F8A-B97A-FB2AAC816547> /Users/brash/root_install/lib/libCore.so
Error in <TInterpreter::TCling::AutoLoad>: failure loading library libPodd.dylib for THaRun
cling::DynamicLibraryManager::loadLibrary(): dlopen(/usr/local/lib/libPodd.1.7.7.dylib, 0x0009): Symbol not found: __ZN4ROOT17TGenericClassInfoC1EPKcS2_iRKSt9type_infoPKNS_8Internal13TInitBehaviorEPFP6TClassvEP16TVirtualIsAProxyii
  Referenced from: <334F6564-7E62-31ED-BDED-A5DF84D9522F> /usr/local/lib/libPodd.1.7.7.dylib
  Expected in:     <809C6508-0AA6-3F8A-B97A-FB2AAC816547> /Users/brash/root_install/lib/libCore.so
Error in <TInterpreter::TCling::AutoLoad>: failure loading library libPodd.dylib for THaRun
cling::DynamicLibraryManager::loadLibrary(): dlopen(/usr/local/lib/libPodd.1.7.7.dylib, 0x0009): Symbol not found: __ZN4ROOT17TGenericClassInfoC1EPKcS2_iRKSt9type_infoPKNS_8Internal13TInitBehaviorEPFP6TClassvEP16TVirtualIsAProxyii
  Referenced from: <334F6564-7E62-31ED-BDED-A5DF84D9522F> /usr/local/lib/libPodd.1.7.7.dylib
  Expected in:     <809C6508-0AA6-3F8A-B97A-FB2AAC816547> /Users/brash/root_install/lib/libCore.so
Error in <TInterpreter::TCling::AutoLoad>: failure loading library libPodd.dylib for THaRun
cling::DynamicLibraryManager::loadLibrary(): dlopen(/usr/local/lib/libPodd.1.7.7.dylib, 0x0009): Symbol not found: __ZN4ROOT17TGenericClassInfoC1EPKcS2_iRKSt9type_infoPKNS_8Internal13TInitBehaviorEPFP6TClassvEP16TVirtualIsAProxyii
  Referenced from: <334F6564-7E62-31ED-BDED-A5DF84D9522F> /usr/local/lib/libPodd.1.7.7.dylib
  Expected in:     <809C6508-0AA6-3F8A-B97A-FB2AAC816547> /Users/brash/root_install/lib/libCore.so
Error in <TInterpreter::TCling::AutoLoad>: failure loading library libPodd.dylib for THaRun
Warning in <TClass::Init>: no dictionary for class THaRun is available
cling::DynamicLibraryManager::loadLibrary(): dlopen(/usr/local/lib/libPodd.1.7.7.dylib, 0x0009): Symbol not found: __ZN4ROOT17TGenericClassInfoC1EPKcS2_iRKSt9type_infoPKNS_8Internal13TInitBehaviorEPFP6TClassvEP16TVirtualIsAProxyii
  Referenced from: <334F6564-7E62-31ED-BDED-A5DF84D9522F> /usr/local/lib/libPodd.1.7.7.dylib
  Expected in:     <809C6508-0AA6-3F8A-B97A-FB2AAC816547> /Users/brash/root_install/lib/libCore.so
Error in <TInterpreter::TCling::AutoLoad>: failure loading library libPodd.dylib for THaCodaRun
cling::DynamicLibraryManager::loadLibrary(): dlopen(/usr/local/lib/libPodd.1.7.7.dylib, 0x0009): Symbol not found: __ZN4ROOT17TGenericClassInfoC1EPKcS2_iRKSt9type_infoPKNS_8Internal13TInitBehaviorEPFP6TClassvEP16TVirtualIsAProxyii
  Referenced from: <334F6564-7E62-31ED-BDED-A5DF84D9522F> /usr/local/lib/libPodd.1.7.7.dylib
  Expected in:     <809C6508-0AA6-3F8A-B97A-FB2AAC816547> /Users/brash/root_install/lib/libCore.so
Error in <TInterpreter::TCling::AutoLoad>: failure loading library libPodd.dylib for THaCodaRun
cling::DynamicLibraryManager::loadLibrary(): dlopen(/usr/local/lib/libPodd.1.7.7.dylib, 0x0009): Symbol not found: __ZN4ROOT17TGenericClassInfoC1EPKcS2_iRKSt9type_infoPKNS_8Internal13TInitBehaviorEPFP6TClassvEP16TVirtualIsAProxyii
  Referenced from: <334F6564-7E62-31ED-BDED-A5DF84D9522F> /usr/local/lib/libPodd.1.7.7.dylib
  Expected in:     <809C6508-0AA6-3F8A-B97A-FB2AAC816547> /Users/brash/root_install/lib/libCore.so
Error in <TInterpreter::TCling::AutoLoad>: failure loading library libPodd.dylib for THaCodaRun
cling::DynamicLibraryManager::loadLibrary(): dlopen(/usr/local/lib/libPodd.1.7.7.dylib, 0x0009): Symbol not found: __ZN4ROOT17TGenericClassInfoC1EPKcS2_iRKSt9type_infoPKNS_8Internal13TInitBehaviorEPFP6TClassvEP16TVirtualIsAProxyii
  Referenced from: <334F6564-7E62-31ED-BDED-A5DF84D9522F> /usr/local/lib/libPodd.1.7.7.dylib
  Expected in:     <809C6508-0AA6-3F8A-B97A-FB2AAC816547> /Users/brash/root_install/lib/libCore.so
Error in <TInterpreter::TCling::AutoLoad>: failure loading library libPodd.dylib for THaCodaRun
cling::DynamicLibraryManager::loadLibrary(): dlopen(/usr/local/lib/libPodd.1.7.7.dylib, 0x0009): Symbol not found: __ZN4ROOT17TGenericClassInfoC1EPKcS2_iRKSt9type_infoPKNS_8Internal13TInitBehaviorEPFP6TClassvEP16TVirtualIsAProxyii
  Referenced from: <334F6564-7E62-31ED-BDED-A5DF84D9522F> /usr/local/lib/libPodd.1.7.7.dylib
  Expected in:     <809C6508-0AA6-3F8A-B97A-FB2AAC816547> /Users/brash/root_install/lib/libCore.so
Error in <TInterpreter::TCling::AutoLoad>: failure loading library libPodd.dylib for THaCodaRun
cling::DynamicLibraryManager::loadLibrary(): dlopen(/usr/local/lib/libPodd.1.7.7.dylib, 0x0009): Symbol not found: __ZN4ROOT17TGenericClassInfoC1EPKcS2_iRKSt9type_infoPKNS_8Internal13TInitBehaviorEPFP6TClassvEP16TVirtualIsAProxyii
  Referenced from: <334F6564-7E62-31ED-BDED-A5DF84D9522F> /usr/local/lib/libPodd.1.7.7.dylib
  Expected in:     <809C6508-0AA6-3F8A-B97A-FB2AAC816547> /Users/brash/root_install/lib/libCore.so
Error in <TInterpreter::TCling::AutoLoad>: failure loading library libPodd.dylib for THaCodaRun
cling::DynamicLibraryManager::loadLibrary(): dlopen(/usr/local/lib/libPodd.1.7.7.dylib, 0x0009): Symbol not found: __ZN4ROOT17TGenericClassInfoC1EPKcS2_iRKSt9type_infoPKNS_8Internal13TInitBehaviorEPFP6TClassvEP16TVirtualIsAProxyii
  Referenced from: <334F6564-7E62-31ED-BDED-A5DF84D9522F> /usr/local/lib/libPodd.1.7.7.dylib
  Expected in:     <809C6508-0AA6-3F8A-B97A-FB2AAC816547> /Users/brash/root_install/lib/libCore.so
Error in <TInterpreter::TCling::AutoLoad>: failure loading library libPodd.dylib for THaCodaRun
cling::DynamicLibraryManager::loadLibrary(): dlopen(/usr/local/lib/libPodd.1.7.7.dylib, 0x0009): Symbol not found: __ZN4ROOT17TGenericClassInfoC1EPKcS2_iRKSt9type_infoPKNS_8Internal13TInitBehaviorEPFP6TClassvEP16TVirtualIsAProxyii
  Referenced from: <334F6564-7E62-31ED-BDED-A5DF84D9522F> /usr/local/lib/libPodd.1.7.7.dylib
  Expected in:     <809C6508-0AA6-3F8A-B97A-FB2AAC816547> /Users/brash/root_install/lib/libCore.so
Error in <TInterpreter::TCling::AutoLoad>: failure loading library libPodd.dylib for THaCodaRun
Warning in <TClass::Init>: no dictionary for class THaCodaRun is available
cling::DynamicLibraryManager::loadLibrary(): dlopen(/usr/local/lib/libPodd.1.7.7.dylib, 0x0009): Symbol not found: __ZN4ROOT17TGenericClassInfoC1EPKcS2_iRKSt9type_infoPKNS_8Internal13TInitBehaviorEPFP6TClassvEP16TVirtualIsAProxyii
  Referenced from: <334F6564-7E62-31ED-BDED-A5DF84D9522F> /usr/local/lib/libPodd.1.7.7.dylib
  Expected in:     <809C6508-0AA6-3F8A-B97A-FB2AAC816547> /Users/brash/root_install/lib/libCore.so
Error in <TInterpreter::TCling::AutoLoad>: failure loading library libPodd.dylib for THaRunBase
cling::DynamicLibraryManager::loadLibrary(): dlopen(/usr/local/lib/libPodd.1.7.7.dylib, 0x0009): Symbol not found: __ZN4ROOT17TGenericClassInfoC1EPKcS2_iRKSt9type_infoPKNS_8Internal13TInitBehaviorEPFP6TClassvEP16TVirtualIsAProxyii
  Referenced from: <334F6564-7E62-31ED-BDED-A5DF84D9522F> /usr/local/lib/libPodd.1.7.7.dylib
  Expected in:     <809C6508-0AA6-3F8A-B97A-FB2AAC816547> /Users/brash/root_install/lib/libCore.so
Error in <TInterpreter::TCling::AutoLoad>: failure loading library libPodd.dylib for THaRunBase
cling::DynamicLibraryManager::loadLibrary(): dlopen(/usr/local/lib/libPodd.1.7.7.dylib, 0x0009): Symbol not found: __ZN4ROOT17TGenericClassInfoC1EPKcS2_iRKSt9type_infoPKNS_8Internal13TInitBehaviorEPFP6TClassvEP16TVirtualIsAProxyii
  Referenced from: <334F6564-7E62-31ED-BDED-A5DF84D9522F> /usr/local/lib/libPodd.1.7.7.dylib
  Expected in:     <809C6508-0AA6-3F8A-B97A-FB2AAC816547> /Users/brash/root_install/lib/libCore.so
Error in <TInterpreter::TCling::AutoLoad>: failure loading library libPodd.dylib for THaRunBase
cling::DynamicLibraryManager::loadLibrary(): dlopen(/usr/local/lib/libPodd.1.7.7.dylib, 0x0009): Symbol not found: __ZN4ROOT17TGenericClassInfoC1EPKcS2_iRKSt9type_infoPKNS_8Internal13TInitBehaviorEPFP6TClassvEP16TVirtualIsAProxyii
  Referenced from: <334F6564-7E62-31ED-BDED-A5DF84D9522F> /usr/local/lib/libPodd.1.7.7.dylib
  Expected in:     <809C6508-0AA6-3F8A-B97A-FB2AAC816547> /Users/brash/root_install/lib/libCore.so
Error in <TInterpreter::TCling::AutoLoad>: failure loading library libPodd.dylib for THaRunBase
cling::DynamicLibraryManager::loadLibrary(): dlopen(/usr/local/lib/libPodd.1.7.7.dylib, 0x0009): Symbol not found: __ZN4ROOT17TGenericClassInfoC1EPKcS2_iRKSt9type_infoPKNS_8Internal13TInitBehaviorEPFP6TClassvEP16TVirtualIsAProxyii
  Referenced from: <334F6564-7E62-31ED-BDED-A5DF84D9522F> /usr/local/lib/libPodd.1.7.7.dylib
  Expected in:     <809C6508-0AA6-3F8A-B97A-FB2AAC816547> /Users/brash/root_install/lib/libCore.so
Error in <TInterpreter::TCling::AutoLoad>: failure loading library libPodd.dylib for THaRunBase
cling::DynamicLibraryManager::loadLibrary(): dlopen(/usr/local/lib/libPodd.1.7.7.dylib, 0x0009): Symbol not found: __ZN4ROOT17TGenericClassInfoC1EPKcS2_iRKSt9type_infoPKNS_8Internal13TInitBehaviorEPFP6TClassvEP16TVirtualIsAProxyii
  Referenced from: <334F6564-7E62-31ED-BDED-A5DF84D9522F> /usr/local/lib/libPodd.1.7.7.dylib
  Expected in:     <809C6508-0AA6-3F8A-B97A-FB2AAC816547> /Users/brash/root_install/lib/libCore.so
Error in <TInterpreter::TCling::AutoLoad>: failure loading library libPodd.dylib for THaRunBase
cling::DynamicLibraryManager::loadLibrary(): dlopen(/usr/local/lib/libPodd.1.7.7.dylib, 0x0009): Symbol not found: __ZN4ROOT17TGenericClassInfoC1EPKcS2_iRKSt9type_infoPKNS_8Internal13TInitBehaviorEPFP6TClassvEP16TVirtualIsAProxyii
  Referenced from: <334F6564-7E62-31ED-BDED-A5DF84D9522F> /usr/local/lib/libPodd.1.7.7.dylib
  Expected in:     <809C6508-0AA6-3F8A-B97A-FB2AAC816547> /Users/brash/root_install/lib/libCore.so
Error in <TInterpreter::TCling::AutoLoad>: failure loading library libPodd.dylib for THaRunBase
cling::DynamicLibraryManager::loadLibrary(): dlopen(/usr/local/lib/libPodd.1.7.7.dylib, 0x0009): Symbol not found: __ZN4ROOT17TGenericClassInfoC1EPKcS2_iRKSt9type_infoPKNS_8Internal13TInitBehaviorEPFP6TClassvEP16TVirtualIsAProxyii
  Referenced from: <334F6564-7E62-31ED-BDED-A5DF84D9522F> /usr/local/lib/libPodd.1.7.7.dylib
  Expected in:     <809C6508-0AA6-3F8A-B97A-FB2AAC816547> /Users/brash/root_install/lib/libCore.so
Error in <TInterpreter::TCling::AutoLoad>: failure loading library libPodd.dylib for THaRunBase
Warning in <TClass::Init>: no dictionary for class THaRunBase is available
cling::DynamicLibraryManager::loadLibrary(): dlopen(/usr/local/lib/libdc.1.7.7.dylib, 0x0009): Symbol not found: __ZN4ROOT17TGenericClassInfoC1EPKcS2_iRKSt9type_infoPKNS_8Internal13TInitBehaviorEPFP6TClassvEP16TVirtualIsAProxyii
  Referenced from: <96BAE286-467C-3F66-A2D6-A8D580E6E3B0> /usr/local/lib/libdc.1.7.7.dylib
  Expected in:     <809C6508-0AA6-3F8A-B97A-FB2AAC816547> /Users/brash/root_install/lib/libCore.so
Error in <TInterpreter::TCling::AutoLoad>: failure loading library libdc.dylib for DAQInfoExtra
cling::DynamicLibraryManager::loadLibrary(): dlopen(/usr/local/lib/libdc.1.7.7.dylib, 0x0009): Symbol not found: __ZN4ROOT17TGenericClassInfoC1EPKcS2_iRKSt9type_infoPKNS_8Internal13TInitBehaviorEPFP6TClassvEP16TVirtualIsAProxyii
  Referenced from: <96BAE286-467C-3F66-A2D6-A8D580E6E3B0> /usr/local/lib/libdc.1.7.7.dylib
  Expected in:     <809C6508-0AA6-3F8A-B97A-FB2AAC816547> /Users/brash/root_install/lib/libCore.so
Error in <TInterpreter::TCling::AutoLoad>: failure loading library libdc.dylib for DAQInfoExtra
cling::DynamicLibraryManager::loadLibrary(): dlopen(/usr/local/lib/libdc.1.7.7.dylib, 0x0009): Symbol not found: __ZN4ROOT17TGenericClassInfoC1EPKcS2_iRKSt9type_infoPKNS_8Internal13TInitBehaviorEPFP6TClassvEP16TVirtualIsAProxyii
  Referenced from: <96BAE286-467C-3F66-A2D6-A8D580E6E3B0> /usr/local/lib/libdc.1.7.7.dylib
  Expected in:     <809C6508-0AA6-3F8A-B97A-FB2AAC816547> /Users/brash/root_install/lib/libCore.so
Error in <TInterpreter::TCling::AutoLoad>: failure loading library libdc.dylib for DAQInfoExtra
cling::DynamicLibraryManager::loadLibrary(): dlopen(/usr/local/lib/libdc.1.7.7.dylib, 0x0009): Symbol not found: __ZN4ROOT17TGenericClassInfoC1EPKcS2_iRKSt9type_infoPKNS_8Internal13TInitBehaviorEPFP6TClassvEP16TVirtualIsAProxyii
  Referenced from: <96BAE286-467C-3F66-A2D6-A8D580E6E3B0> /usr/local/lib/libdc.1.7.7.dylib
  Expected in:     <809C6508-0AA6-3F8A-B97A-FB2AAC816547> /Users/brash/root_install/lib/libCore.so
Error in <TInterpreter::TCling::AutoLoad>: failure loading library libdc.dylib for DAQInfoExtra
cling::DynamicLibraryManager::loadLibrary(): dlopen(/usr/local/lib/libdc.1.7.7.dylib, 0x0009): Symbol not found: __ZN4ROOT17TGenericClassInfoC1EPKcS2_iRKSt9type_infoPKNS_8Internal13TInitBehaviorEPFP6TClassvEP16TVirtualIsAProxyii
  Referenced from: <96BAE286-467C-3F66-A2D6-A8D580E6E3B0> /usr/local/lib/libdc.1.7.7.dylib
  Expected in:     <809C6508-0AA6-3F8A-B97A-FB2AAC816547> /Users/brash/root_install/lib/libCore.so
Error in <TInterpreter::TCling::AutoLoad>: failure loading library libdc.dylib for DAQInfoExtra
cling::DynamicLibraryManager::loadLibrary(): dlopen(/usr/local/lib/libdc.1.7.7.dylib, 0x0009): Symbol not found: __ZN4ROOT17TGenericClassInfoC1EPKcS2_iRKSt9type_infoPKNS_8Internal13TInitBehaviorEPFP6TClassvEP16TVirtualIsAProxyii
  Referenced from: <96BAE286-467C-3F66-A2D6-A8D580E6E3B0> /usr/local/lib/libdc.1.7.7.dylib
  Expected in:     <809C6508-0AA6-3F8A-B97A-FB2AAC816547> /Users/brash/root_install/lib/libCore.so
Error in <TInterpreter::TCling::AutoLoad>: failure loading library libdc.dylib for DAQInfoExtra
cling::DynamicLibraryManager::loadLibrary(): dlopen(/usr/local/lib/libdc.1.7.7.dylib, 0x0009): Symbol not found: __ZN4ROOT17TGenericClassInfoC1EPKcS2_iRKSt9type_infoPKNS_8Internal13TInitBehaviorEPFP6TClassvEP16TVirtualIsAProxyii
  Referenced from: <96BAE286-467C-3F66-A2D6-A8D580E6E3B0> /usr/local/lib/libdc.1.7.7.dylib
  Expected in:     <809C6508-0AA6-3F8A-B97A-FB2AAC816547> /Users/brash/root_install/lib/libCore.so
Error in <TInterpreter::TCling::AutoLoad>: failure loading library libdc.dylib for DAQInfoExtra
cling::DynamicLibraryManager::loadLibrary(): dlopen(/usr/local/lib/libdc.1.7.7.dylib, 0x0009): Symbol not found: __ZN4ROOT17TGenericClassInfoC1EPKcS2_iRKSt9type_infoPKNS_8Internal13TInitBehaviorEPFP6TClassvEP16TVirtualIsAProxyii
  Referenced from: <96BAE286-467C-3F66-A2D6-A8D580E6E3B0> /usr/local/lib/libdc.1.7.7.dylib
  Expected in:     <809C6508-0AA6-3F8A-B97A-FB2AAC816547> /Users/brash/root_install/lib/libCore.so
Error in <TInterpreter::TCling::AutoLoad>: failure loading library libdc.dylib for DAQInfoExtra
Warning in <TClass::Init>: no dictionary for class DAQInfoExtra is available
cling::DynamicLibraryManager::loadLibrary(): dlopen(/usr/local/lib/libdc.1.7.7.dylib, 0x0009): Symbol not found: __ZN4ROOT17TGenericClassInfoC1EPKcS2_iRKSt9type_infoPKNS_8Internal13TInitBehaviorEPFP6TClassvEP16TVirtualIsAProxyii
  Referenced from: <96BAE286-467C-3F66-A2D6-A8D580E6E3B0> /usr/local/lib/libdc.1.7.7.dylib
  Expected in:     <809C6508-0AA6-3F8A-B97A-FB2AAC816547> /Users/brash/root_install/lib/libCore.so
Error in <TInterpreter::TCling::AutoLoad>: failure loading library libdc.dylib for DAQconfig
cling::DynamicLibraryManager::loadLibrary(): dlopen(/usr/local/lib/libdc.1.7.7.dylib, 0x0009): Symbol not found: __ZN4ROOT17TGenericClassInfoC1EPKcS2_iRKSt9type_infoPKNS_8Internal13TInitBehaviorEPFP6TClassvEP16TVirtualIsAProxyii
  Referenced from: <96BAE286-467C-3F66-A2D6-A8D580E6E3B0> /usr/local/lib/libdc.1.7.7.dylib
  Expected in:     <809C6508-0AA6-3F8A-B97A-FB2AAC816547> /Users/brash/root_install/lib/libCore.so
Error in <TInterpreter::TCling::AutoLoad>: failure loading library libdc.dylib for DAQconfig
cling::DynamicLibraryManager::loadLibrary(): dlopen(/usr/local/lib/libdc.1.7.7.dylib, 0x0009): Symbol not found: __ZN4ROOT17TGenericClassInfoC1EPKcS2_iRKSt9type_infoPKNS_8Internal13TInitBehaviorEPFP6TClassvEP16TVirtualIsAProxyii
  Referenced from: <96BAE286-467C-3F66-A2D6-A8D580E6E3B0> /usr/local/lib/libdc.1.7.7.dylib
  Expected in:     <809C6508-0AA6-3F8A-B97A-FB2AAC816547> /Users/brash/root_install/lib/libCore.so
Error in <TInterpreter::TCling::AutoLoad>: failure loading library libdc.dylib for DAQconfig
cling::DynamicLibraryManager::loadLibrary(): dlopen(/usr/local/lib/libdc.1.7.7.dylib, 0x0009): Symbol not found: __ZN4ROOT17TGenericClassInfoC1EPKcS2_iRKSt9type_infoPKNS_8Internal13TInitBehaviorEPFP6TClassvEP16TVirtualIsAProxyii
  Referenced from: <96BAE286-467C-3F66-A2D6-A8D580E6E3B0> /usr/local/lib/libdc.1.7.7.dylib
  Expected in:     <809C6508-0AA6-3F8A-B97A-FB2AAC816547> /Users/brash/root_install/lib/libCore.so
Error in <TInterpreter::TCling::AutoLoad>: failure loading library libdc.dylib for DAQconfig
cling::DynamicLibraryManager::loadLibrary(): dlopen(/usr/local/lib/libdc.1.7.7.dylib, 0x0009): Symbol not found: __ZN4ROOT17TGenericClassInfoC1EPKcS2_iRKSt9type_infoPKNS_8Internal13TInitBehaviorEPFP6TClassvEP16TVirtualIsAProxyii
  Referenced from: <96BAE286-467C-3F66-A2D6-A8D580E6E3B0> /usr/local/lib/libdc.1.7.7.dylib
  Expected in:     <809C6508-0AA6-3F8A-B97A-FB2AAC816547> /Users/brash/root_install/lib/libCore.so
Error in <TInterpreter::TCling::AutoLoad>: failure loading library libdc.dylib for DAQconfig
cling::DynamicLibraryManager::loadLibrary(): dlopen(/usr/local/lib/libdc.1.7.7.dylib, 0x0009): Symbol not found: __ZN4ROOT17TGenericClassInfoC1EPKcS2_iRKSt9type_infoPKNS_8Internal13TInitBehaviorEPFP6TClassvEP16TVirtualIsAProxyii
  Referenced from: <96BAE286-467C-3F66-A2D6-A8D580E6E3B0> /usr/local/lib/libdc.1.7.7.dylib
  Expected in:     <809C6508-0AA6-3F8A-B97A-FB2AAC816547> /Users/brash/root_install/lib/libCore.so
Error in <TInterpreter::TCling::AutoLoad>: failure loading library libdc.dylib for DAQconfig
cling::DynamicLibraryManager::loadLibrary(): dlopen(/usr/local/lib/libdc.1.7.7.dylib, 0x0009): Symbol not found: __ZN4ROOT17TGenericClassInfoC1EPKcS2_iRKSt9type_infoPKNS_8Internal13TInitBehaviorEPFP6TClassvEP16TVirtualIsAProxyii
  Referenced from: <96BAE286-467C-3F66-A2D6-A8D580E6E3B0> /usr/local/lib/libdc.1.7.7.dylib
  Expected in:     <809C6508-0AA6-3F8A-B97A-FB2AAC816547> /Users/brash/root_install/lib/libCore.so
Error in <TInterpreter::TCling::AutoLoad>: failure loading library libdc.dylib for DAQconfig
cling::DynamicLibraryManager::loadLibrary(): dlopen(/usr/local/lib/libdc.1.7.7.dylib, 0x0009): Symbol not found: __ZN4ROOT17TGenericClassInfoC1EPKcS2_iRKSt9type_infoPKNS_8Internal13TInitBehaviorEPFP6TClassvEP16TVirtualIsAProxyii
  Referenced from: <96BAE286-467C-3F66-A2D6-A8D580E6E3B0> /usr/local/lib/libdc.1.7.7.dylib
  Expected in:     <809C6508-0AA6-3F8A-B97A-FB2AAC816547> /Users/brash/root_install/lib/libCore.so
Error in <TInterpreter::TCling::AutoLoad>: failure loading library libdc.dylib for DAQconfig
Warning in <TClass::Init>: no dictionary for class DAQconfig is available
cling::DynamicLibraryManager::loadLibrary(): dlopen(/usr/local/lib/libPodd.1.7.7.dylib, 0x0009): Symbol not found: __ZN4ROOT17TGenericClassInfoC1EPKcS2_iRKSt9type_infoPKNS_8Internal13TInitBehaviorEPFP6TClassvEP16TVirtualIsAProxyii
  Referenced from: <334F6564-7E62-31ED-BDED-A5DF84D9522F> /usr/local/lib/libPodd.1.7.7.dylib
  Expected in:     <809C6508-0AA6-3F8A-B97A-FB2AAC816547> /Users/brash/root_install/lib/libCore.so
Error in <TInterpreter::TCling::AutoLoad>: failure loading library libPodd.dylib for Podd::MultiFileRun::StreamInfo
cling::DynamicLibraryManager::loadLibrary(): dlopen(/usr/local/lib/libPodd.1.7.7.dylib, 0x0009): Symbol not found: __ZN4ROOT17TGenericClassInfoC1EPKcS2_iRKSt9type_infoPKNS_8Internal13TInitBehaviorEPFP6TClassvEP16TVirtualIsAProxyii
  Referenced from: <334F6564-7E62-31ED-BDED-A5DF84D9522F> /usr/local/lib/libPodd.1.7.7.dylib
  Expected in:     <809C6508-0AA6-3F8A-B97A-FB2AAC816547> /Users/brash/root_install/lib/libCore.so
Error in <TInterpreter::TCling::AutoLoad>: failure loading library libPodd.dylib for Podd::MultiFileRun
cling::DynamicLibraryManager::loadLibrary(): dlopen(/usr/local/lib/libPodd.1.7.7.dylib, 0x0009): Symbol not found: __ZN4ROOT17TGenericClassInfoC1EPKcS2_iRKSt9type_infoPKNS_8Internal13TInitBehaviorEPFP6TClassvEP16TVirtualIsAProxyii
  Referenced from: <334F6564-7E62-31ED-BDED-A5DF84D9522F> /usr/local/lib/libPodd.1.7.7.dylib
  Expected in:     <809C6508-0AA6-3F8A-B97A-FB2AAC816547> /Users/brash/root_install/lib/libCore.so
Error in <TInterpreter::TCling::AutoLoad>: failure loading library libPodd.dylib for Podd::MultiFileRun::StreamInfo
cling::DynamicLibraryManager::loadLibrary(): dlopen(/usr/local/lib/libPodd.1.7.7.dylib, 0x0009): Symbol not found: __ZN4ROOT17TGenericClassInfoC1EPKcS2_iRKSt9type_infoPKNS_8Internal13TInitBehaviorEPFP6TClassvEP16TVirtualIsAProxyii
  Referenced from: <334F6564-7E62-31ED-BDED-A5DF84D9522F> /usr/local/lib/libPodd.1.7.7.dylib
  Expected in:     <809C6508-0AA6-3F8A-B97A-FB2AAC816547> /Users/brash/root_install/lib/libCore.so
Error in <TInterpreter::TCling::AutoLoad>: failure loading library libPodd.dylib for Podd::MultiFileRun
Warning in <TClass::Init>: no dictionary for class Podd::MultiFileRun::StreamInfo is available
cling::DynamicLibraryManager::loadLibrary(): dlopen(/usr/local/lib/libPodd.1.7.7.dylib, 0x0009): Symbol not found: __ZN4ROOT17TGenericClassInfoC1EPKcS2_iRKSt9type_infoPKNS_8Internal13TInitBehaviorEPFP6TClassvEP16TVirtualIsAProxyii
  Referenced from: <334F6564-7E62-31ED-BDED-A5DF84D9522F> /usr/local/lib/libPodd.1.7.7.dylib
  Expected in:     <809C6508-0AA6-3F8A-B97A-FB2AAC816547> /Users/brash/root_install/lib/libCore.so
Error in <TInterpreter::TCling::AutoLoad>: failure loading library libPodd.dylib for Podd::MultiFileRun::FileInfo
cling::DynamicLibraryManager::loadLibrary(): dlopen(/usr/local/lib/libPodd.1.7.7.dylib, 0x0009): Symbol not found: __ZN4ROOT17TGenericClassInfoC1EPKcS2_iRKSt9type_infoPKNS_8Internal13TInitBehaviorEPFP6TClassvEP16TVirtualIsAProxyii
  Referenced from: <334F6564-7E62-31ED-BDED-A5DF84D9522F> /usr/local/lib/libPodd.1.7.7.dylib
  Expected in:     <809C6508-0AA6-3F8A-B97A-FB2AAC816547> /Users/brash/root_install/lib/libCore.so
Error in <TInterpreter::TCling::AutoLoad>: failure loading library libPodd.dylib for Podd::MultiFileRun
cling::DynamicLibraryManager::loadLibrary(): dlopen(/usr/local/lib/libPodd.1.7.7.dylib, 0x0009): Symbol not found: __ZN4ROOT17TGenericClassInfoC1EPKcS2_iRKSt9type_infoPKNS_8Internal13TInitBehaviorEPFP6TClassvEP16TVirtualIsAProxyii
  Referenced from: <334F6564-7E62-31ED-BDED-A5DF84D9522F> /usr/local/lib/libPodd.1.7.7.dylib
  Expected in:     <809C6508-0AA6-3F8A-B97A-FB2AAC816547> /Users/brash/root_install/lib/libCore.so
Error in <TInterpreter::TCling::AutoLoad>: failure loading library libPodd.dylib for Podd::MultiFileRun::FileInfo
cling::DynamicLibraryManager::loadLibrary(): dlopen(/usr/local/lib/libPodd.1.7.7.dylib, 0x0009): Symbol not found: __ZN4ROOT17TGenericClassInfoC1EPKcS2_iRKSt9type_infoPKNS_8Internal13TInitBehaviorEPFP6TClassvEP16TVirtualIsAProxyii
  Referenced from: <334F6564-7E62-31ED-BDED-A5DF84D9522F> /usr/local/lib/libPodd.1.7.7.dylib
  Expected in:     <809C6508-0AA6-3F8A-B97A-FB2AAC816547> /Users/brash/root_install/lib/libCore.so
Error in <TInterpreter::TCling::AutoLoad>: failure loading library libPodd.dylib for Podd::MultiFileRun
Warning in <TClass::Init>: no dictionary for class Podd::MultiFileRun::FileInfo is available
N entries in tree is 324429
Running analysis for 324429 events
Starting Event Loop
10000/324429/ Nhits = 4
20000/324429/ Nhits = 8
30000/324429/ Nhits = 1
40000/324429/ Nhits = 5
50000/324429/ Nhits = 7
60000/324429/ Nhits = 5
70000/324429/ Nhits = 4
80000/324429/ Nhits = 2
90000/324429/ Nhits = 3
100000/324429/ Nhits = 10
[ECal rate] Cluster-count mismatch at tree entry 107805: earm.ecal.nclus=15, clus.e size=10
110000/324429/ Nhits = 5
120000/324429/ Nhits = 13
130000/324429/ Nhits = 3
140000/324429/ Nhits = 5
150000/324429/ Nhits = 6
160000/324429/ Nhits = 4
170000/324429/ Nhits = 7
180000/324429/ Nhits = 6
190000/324429/ Nhits = 6
200000/324429/ Nhits = 1
210000/324429/ Nhits = 3
220000/324429/ Nhits = 8
230000/324429/ Nhits = 1
240000/324429/ Nhits = 5
250000/324429/ Nhits = 2
260000/324429/ Nhits = 5
270000/324429/ Nhits = 2
280000/324429/ Nhits = 9
290000/324429/ Nhits = 11
300000/324429/ Nhits = 2
310000/324429/ Nhits = 3
320000/324429/ Nhits = 16
events used for occupancy = 324429
Raw singles-rate validation: 300 hits / (50000 events x 60 ns) = 100000 hits/s (expected 100000 hits/s)
Candidate Events = 321375
Layer 1 Events = 48146     Avg Hits Per Candidate Event = 0.149813
Layer 2 Events = 52655     Avg Hits Per Candidate Event = 0.163843
One Good Layer Events = 100801     Avg Hits Per Candidate Event = 0.313655
[CDet] ECal-time corr enabled with fixed detector calibration: p0=14.8074 p1=0.810203 delta=31.6808 ns
[CDet] Time-walk corr enabled.  p1(L1)=13.988  p1(L2)=15.7649  TOTref(L1)=12  TOTref(L2)=12  calibration fit range=[5, 25] ns; applied to every accepted good hit[CDet] Applying run global timing shift: -9.30404 ns (from file)
nevents with 0 hits = 4823
nGoodEvents = 43762
[CDet layer comparison] Loaded configuration CDet_run3686_projection.conf.
[CDet layer comparison] Diagnostic accepted-ToT window: (4, 30) ns for polygon-aware pixel-calibration diagnostics. Run analysis and plotCDetLayersTimeComp do not apply saved polygons.
[plotCDetLayersTimeComp] Layer 1 pixel 480 normalized to bar 30 (pixels 480-495).

[CDet projected-half-bar timing]
  accepted layer pairs in the nominal-origin ECal-projected half-bars: 24734
  Layer 1 corrected LE: mean=30.0469 ns, RMS=3.14773 ns
  Layer 2 corrected LE: mean=30.2313 ns, RMS=3.01516 ns
  pair mean corrected LE: mean=30.1391 ns, RMS=2.7304 ns
[CDet y-timing] Layer 1 Left, Sections 1+6: p1=1.43923 +/- 0.426118 ns/m, chi2/NDF=244.674/45 = 5.437
[CDet y-timing] Layer 1 Left, Sections 2+5: p1=-1.80371 +/- 0.119195 ns/m, chi2/NDF=1702.87/62 = 27.466
[CDet y-timing] Layer 1 Left, Sections 3+4: p1=-2.87164 +/- 0.165885 ns/m, chi2/NDF=1399.99/55 = 25.454
[CDet y-timing] Layer 1 Right, Sections 1+6: p1=-0.0931331 +/- 0.402643 ns/m, chi2/NDF=316.207/49 = 6.453
[CDet y-timing] Layer 1 Right, Sections 2+5: p1=1.67363 +/- 0.310497 ns/m, chi2/NDF=810.589/55 = 14.738
[CDet y-timing] Layer 1 Right, Sections 3+4: p1=2.83013 +/- 0.186357 ns/m, chi2/NDF=464.234/61 = 7.610
[CDet y-timing] Layer 2 Left, Sections 1+6: p1=-1.04318 +/- 0.354861 ns/m, chi2/NDF=526.48/45 = 11.700
[CDet y-timing] Layer 2 Left, Sections 2+5: p1=-1.55255 +/- 0.113322 ns/m, chi2/NDF=2088.6/62 = 33.687
[CDet y-timing] Layer 2 Left, Sections 3+4: p1=-2.97241 +/- 0.162623 ns/m, chi2/NDF=1512.86/55 = 27.507
[CDet y-timing] Layer 2 Right, Sections 1+6: p1=1.20267 +/- 0.452751 ns/m, chi2/NDF=259.342/50 = 5.187
[CDet y-timing] Layer 2 Right, Sections 2+5: p1=3.2162 +/- 0.305628 ns/m, chi2/NDF=873.401/55 = 15.880
[CDet y-timing] Layer 2 Right, Sections 3+4: p1=3.37037 +/- 0.165875 ns/m, chi2/NDF=553.953/61 = 9.081

[CDet/ECal y fixed-effects fits]
  Half-bar means are removed before estimating each propagation slope.
[CDet y fixed effects] Layer 1 Left, Sections 1+6: slope=0.205699 +/- 0.52296 ns/m, entries=2560, half-bars=5, NDF=2554
[CDet y fixed effects] Layer 1 Left, Sections 2+5: slope=-0.61576 +/- 0.154144 ns/m, entries=13447, half-bars=14, NDF=13432
[CDet y fixed effects] Layer 1 Left, Sections 3+4: slope=-4.08205 +/- 0.186104 ns/m, entries=9893, half-bars=12, NDF=9880
[CDet y fixed effects] Layer 1 Right, Sections 1+6: slope=4.29724 +/- 0.340451 ns/m, entries=2735, half-bars=6, NDF=2728
[CDet y fixed effects] Layer 1 Right, Sections 2+5: slope=3.57457 +/- 0.281336 ns/m, entries=5822, half-bars=8, NDF=5813
[CDet y fixed effects] Layer 1 Right, Sections 3+4: slope=2.85438 +/- 0.200893 ns/m, entries=8137, half-bars=14, NDF=8122
[CDet y fixed effects] Layer 2 Left, Sections 1+6: slope=-3.17021 +/- 0.447776 ns/m, entries=2958, half-bars=5, NDF=2952
[CDet y fixed effects] Layer 2 Left, Sections 2+5: slope=-1.05139 +/- 0.14876 ns/m, entries=13335, half-bars=14, NDF=13320
[CDet y fixed effects] Layer 2 Left, Sections 3+4: slope=-3.90407 +/- 0.18506 ns/m, entries=9625, half-bars=12, NDF=9612
[CDet y fixed effects] Layer 2 Right, Sections 1+6: slope=4.95779 +/- 0.341215 ns/m, entries=3445, half-bars=7, NDF=3437
[CDet y fixed effects] Layer 2 Right, Sections 2+5: slope=3.89949 +/- 0.257062 ns/m, entries=5290, half-bars=7, NDF=5282
[CDet y fixed effects] Layer 2 Right, Sections 3+4: slope=3.10328 +/- 0.179733 ns/m, entries=8152, half-bars=14, NDF=8137
[CDet timing populations] lower vertical: entries=49, mean ToT=11.9631, ToT RMS=5.16736, mean corrected LE=27.3346, LE RMS=1.54414 ns
[CDet timing populations] upper vertical: entries=9, mean ToT=12.6071, ToT RMS=3.62882, mean corrected LE=32.3245, LE RMS=2.18669 ns
[CDet timing populations] diagonal: entries=11075, mean ToT=10.6616, ToT RMS=3.96694, mean corrected LE=33.1975, LE RMS=2.30847 ns

[plotCDetLayersTimeComp] Linear fit for <CDet t> vs ECal ADC t:
  <t_CDet> = p0 + p1 * t_ECal
  p0 = 28.6332 +/- 0.0348224 ns
  p1 = 0.112045 +/- 0.00256253 (ns/ns)
  chi2/NDF = 541.185/8 = 67.6481  probability = 1.01566e-111

[plotCDetLayersTimeComp] All Layer 1 hits: p1=0.108991 +/- 0.00282292, chi2/NDF=595.42/8 = 74.4275, fit_status=0
[plotCDetLayersTimeComp] All Layer 2 hits: p1=0.119579 +/- 0.00279773, chi2/NDF=212.998/8 = 26.6248, fit_status=0
[plotCDetLayersTimeComp] Layer 1 bar 30: p1=-0.00211635 +/- 0.0122416, chi2/NDF=4.21488/3 = 1.40496, fit_status=0

[CDet/ECal fixed-effects timing fit]
  Separate intercepts are removed for every half-bar.
[plotCDetLayersTimeComp] Layer 1 fixed-effects slope: p1=0.0488218 +/- 0.00560427 ns/ns, entries=43620, half-bars=67, NDF=43552
[plotCDetLayersTimeComp] Layer 2 fixed-effects slope: p1=0.0478132 +/- 0.00523964 ns/ns, entries=43621, half-bars=68, NDF=43552
[plotCDetLayersTimeComp] Combined fixed-effects slope: p1=0.048319 +/- 0.00383642 ns/ns, entries=87241, half-bars=135, NDF=87105
  The combined fixed-effects slope, not the pooled profile slope, is used for calibration updates.


[CDet/HCal timing control]
  HCal window: -10 to 10 ns
  pooled profile slope: -0.0179797 +/- 0.00964155 ns/ns
[plotCDetLayersTimeComp] Combined CDet/HCal fixed-effects slope: p1=-0.0246485 +/- 0.00749032 ns/ns, entries=54007, half-bars=132, NDF=53874

[Frozen p1 qualification]
  frozen hits/events/pairs: 87246/42418/43623
  master p1: 0.810203 ns/ns
  residual: 0.048319 +/- 0.00383642 ns/ns (12.5948 sigma)
  one-step candidate: 0.858522 ns/ns
  algebraic full-sample closure: -3.23054e-16 +/- 0.00383642 ns/ns
  central-80% ECal span/effect: 12.1699/0.588038 ns
  pair RMS before/after: 2.99662/2.96404 ns
  fold 0: train=0.0449629, held-out 0.0643001 -> 0.0193372 +/- 0.00887115, pull=2.17978, improvement=0.699266, FAIL
  fold 1: train=0.047954, held-out 0.0501408 -> 0.00218682 +/- 0.00842719, pull=0.259496, improvement=0.956386, PASS
  fold 2: train=0.0479056, held-out 0.0492791 -> 0.0013735 +/- 0.00845585, pull=0.162432, improvement=0.972128, PASS
  fold 3: train=0.0515891, held-out 0.0360992 -> -0.0154899 +/- 0.00857046, pull=1.80735, improvement=0.570908, PASS
  fold 4: train=0.0494633, held-out 0.0429488 -> -0.00651451 +/- 0.00863796, pull=0.754173, improvement=0.848319, PASS
  gates: discovery=1 layers=1 practical=1 closure=1 folds=0 resolution=1
  QUALIFIED: NO
  sample artifact: CDet_run3686_frozen_p1_samples.tsv
  summary: CDet_run3686_frozen_p1_qualification.txt
  CDet_run3686.dat was not modified.
